******************************************************************************
                  TI ARM Linker PC v15.12.3                    
******************************************************************************
>> Linked Fri Feb 23 20:50:59 2018

OUTPUT FILE NAME:   <simple_peripheral_cc2650em_app.out>
ENTRY POINT SYMBOL: "ResetISR"  address: 00006291


MEMORY CONFIGURATION

         name            origin    length      used     unused   attr    fill
----------------------  --------  ---------  --------  --------  ----  --------
  FLASH                 00000000   0000e000  00009af8  00004508  R  X
  FLASH_LAST_PAGE       0001f000   00001000  00000058  00000fa8  R  X
  SRAM                  20000000   00004348  00002795  00001bb3  RW X


SEGMENT ALLOCATION MAP

run origin  load origin   length   init length attrs members
----------  ----------- ---------- ----------- ----- -------
00000000    00000000    00009b04   00009b04    r-x
  00000000    00000000    0000003c   0000003c    r-- .resetVecs
  0000003c    0000003c    000000c4   000000c4    r-x .text.1
  00000100    00000100    0000003c   0000003c    r-- .const:ti_sysbios_knl_Task_Object__PARAMS__C
  0000013c    0000013c    00000034   00000034    r-- .const:ti_sysbios_knl_Mailbox_Object__PARAMS__C
  00000170    00000170    00000030   00000030    r-- .const:ti_sysbios_family_arm_m3_Hwi_Object__PARAMS__C
  000001a0    000001a0    0000002c   0000002c    r-- .const:ti_sysbios_hal_Hwi_Object__PARAMS__C
  000001cc    000001cc    00000028   00000028    r-- .const:ti_sysbios_heaps_HeapMem_Module__FXNS__C
  000001f4    000001f4    00000028   00000028    r-- .const:ti_sysbios_knl_Swi_Object__PARAMS__C
  0000021c    0000021c    00000024   00000024    r-- .const:ti_sysbios_gates_GateHwi_Module__FXNS__C
  00000240    00000240    00000024   00000024    r-- .const:ti_sysbios_gates_GateMutex_Module__FXNS__C
  00000264    00000264    00000024   00000024    r-- .const:ti_sysbios_heaps_HeapMem_Object__PARAMS__C
  00000288    00000288    00000024   00000024    r-- .const:ti_sysbios_knl_Clock_Object__PARAMS__C
  000002ac    000002ac    00000024   00000024    r-- .const:ti_sysbios_knl_Semaphore_Object__PARAMS__C
  000002d0    000002d0    00000020   00000020    r-- .const:ti_sysbios_family_arm_m3_Hwi_Object__DESC__C
  000002f0    000002f0    00000020   00000020    r-- .const:ti_sysbios_gates_GateHwi_Object__DESC__C
  00000310    00000310    00000020   00000020    r-- .const:ti_sysbios_gates_GateMutex_Object__DESC__C
  00000330    00000330    00000020   00000020    r-- .const:ti_sysbios_hal_Hwi_Object__DESC__C
  00000350    00000350    00000020   00000020    r-- .const:ti_sysbios_heaps_HeapMem_Object__DESC__C
  00000370    00000370    00000020   00000020    r-- .const:ti_sysbios_knl_Clock_Object__DESC__C
  00000390    00000390    00000020   00000020    r-- .const:ti_sysbios_knl_Mailbox_Object__DESC__C
  000003b0    000003b0    00000020   00000020    r-- .const:ti_sysbios_knl_Queue_Object__DESC__C
  000003d0    000003d0    00000020   00000020    r-- .const:ti_sysbios_knl_Semaphore_Object__DESC__C
  000003f0    000003f0    00000020   00000020    r-- .const:ti_sysbios_knl_Swi_Object__DESC__C
  00000410    00000410    00000020   00000020    r-- .const:ti_sysbios_knl_Task_Object__DESC__C
  00000430    00000430    00000018   00000018    r-- .const:ti_sysbios_gates_GateHwi_Object__PARAMS__C
  00000448    00000448    00000018   00000018    r-- .const:ti_sysbios_gates_GateMutex_Object__PARAMS__C
  00000460    00000460    00000018   00000018    r-- .const:ti_sysbios_knl_Queue_Object__PARAMS__C
  00000478    00000478    00000008   00000008    r-- .const:ti_sysbios_knl_Idle_funcList__C
  00000480    00000480    00000004   00000004    r-x .text.2
  00000484    00000484    00000004   00000004    r-- .const:ti_sysbios_family_arm_cc26xx_Timer_startupNeeded__C
  00000488    00000488    00000004   00000004    r-- .const:ti_sysbios_family_arm_m3_Hwi_E_alreadyDefined__C
  0000048c    0000048c    00000004   00000004    r-- .const:ti_sysbios_family_arm_m3_Hwi_E_hwiLimitExceeded__C
  00000490    00000490    00000004   00000004    r-- .const:ti_sysbios_family_arm_m3_Hwi_NUM_INTERRUPTS__C
  00000494    00000494    00000004   00000004    r-- .const:ti_sysbios_family_arm_m3_Hwi_Object__count__C
  00000498    00000498    00000004   00000004    r-- .const:ti_sysbios_family_arm_m3_Hwi_Object__table__C
  0000049c    0000049c    00000004   00000004    r-- .const:ti_sysbios_family_arm_m3_Hwi_ccr__C
  000004a0    000004a0    00000004   00000004    r-- .const:ti_sysbios_family_arm_m3_Hwi_excHandlerFunc__C
  000004a4    000004a4    00000004   00000004    r-- .const:ti_sysbios_family_arm_m3_Hwi_nullIsrFunc__C
  000004a8    000004a8    00000004   00000004    r-- .const:ti_sysbios_family_arm_m3_Hwi_numSparseInterrupts__C
  000004ac    000004ac    00000004   00000004    r-- .const:ti_sysbios_family_arm_m3_Hwi_priGroup__C
  000004b0    000004b0    00000004   00000004    r-- .const:ti_sysbios_family_arm_m3_TaskSupport_stackAlignment__C
  000004b4    000004b4    00000004   00000004    r-- .const:ti_sysbios_heaps_HeapMem_E_memory__C
  000004b8    000004b8    00000004   00000004    r-- .const:ti_sysbios_heaps_HeapMem_Module__gateObj__C
  000004bc    000004bc    00000004   00000004    r-- .const:ti_sysbios_heaps_HeapMem_Object__count__C
  000004c0    000004c0    00000004   00000004    r-- .const:ti_sysbios_heaps_HeapMem_Object__table__C
  000004c4    000004c4    00000004   00000004    r-- .const:ti_sysbios_heaps_HeapMem_reqAlign__C
  000004c8    000004c8    00000004   00000004    r-- .const:ti_sysbios_knl_Clock_serviceMargin__C
  000004cc    000004cc    00000004   00000004    r-- .const:ti_sysbios_knl_Mailbox_Object__count__C
  000004d0    000004d0    00000004   00000004    r-- .const:ti_sysbios_knl_Mailbox_Object__table__C
  000004d4    000004d4    00000004   00000004    r-- .const:ti_sysbios_knl_Queue_Object__count__C
  000004d8    000004d8    00000004   00000004    r-- .const:ti_sysbios_knl_Queue_Object__table__C
  000004dc    000004dc    00000004   00000004    r-- .const:ti_sysbios_knl_Swi_Object__count__C
  000004e0    000004e0    00000004   00000004    r-- .const:ti_sysbios_knl_Swi_Object__table__C
  000004e4    000004e4    00000004   00000004    r-- .const:ti_sysbios_knl_Swi_numPriorities__C
  000004e8    000004e8    00000004   00000004    r-- .const:ti_sysbios_knl_Task_Object__count__C
  000004ec    000004ec    00000004   00000004    r-- .const:ti_sysbios_knl_Task_Object__table__C
  000004f0    000004f0    00000004   00000004    r-- .const:ti_sysbios_knl_Task_allBlockedFunc__C
  000004f4    000004f4    00000004   00000004    r-- .const:ti_sysbios_knl_Task_defaultStackHeap__C
  000004f8    000004f8    00000004   00000004    r-- .const:ti_sysbios_knl_Task_defaultStackSize__C
  000004fc    000004fc    00000004   00000004    r-- .const:ti_sysbios_knl_Task_numConstructedTasks__C
  00000500    00000500    00000002   00000002    r-x .text.3
  00000502    00000502    00000002   00000002    r-- .const:ti_sysbios_family_arm_cc26xx_Timer_Module__id__C
  00000504    00000504    00000002   00000002    r-- .const:ti_sysbios_family_arm_cc26xx_TimestampProvider_useClockTimer__C
  00000506    00000506    00000002   00000002    r-- .const:ti_sysbios_family_arm_m3_Hwi_Module__id__C
  00000508    00000508    00000002   00000002    r-- .const:ti_sysbios_gates_GateHwi_Module__id__C
  0000050a    0000050a    00000002   00000002    r-- .const:ti_sysbios_gates_GateMutex_Module__id__C
  0000050c    0000050c    00000002   00000002    r-- .const:ti_sysbios_heaps_HeapMem_Module__id__C
  0000050e    0000050e    00000002   00000002    r-- .const:ti_sysbios_knl_Task_initStackFlag__C
  00000510    00000510    00000001   00000001    r-- .const:ti_sysbios_knl_Clock_tickMode__C
  00000514    00000514    00000008   00000008    r-- .const:xdc_runtime_Startup_firstFxns__C
  0000051c    0000051c    00000008   00000008    r-- .const:xdc_runtime_Startup_lastFxns__C
  00000524    00000524    00000004   00000004    r-- .const:xdc_runtime_Assert_E_assertFailed__C
  00000528    00000528    00000004   00000004    r-- .const:xdc_runtime_Error_E_memory__C
  0000052c    0000052c    00000004   00000004    r-- .const:xdc_runtime_Error_policyFxn__C
  00000530    00000530    00000004   00000004    r-- .const:xdc_runtime_IGateProvider_Interface__BASE__C
  00000534    00000534    00000004   00000004    r-- .const:xdc_runtime_IHeap_Interface__BASE__C
  00000538    00000538    00000004   00000004    r-- .const:xdc_runtime_IModule_Interface__BASE__C
  0000053c    0000053c    00000004   00000004    r-- .const:xdc_runtime_Main_Module__diagsEnabled__C
  00000540    00000540    00000004   00000004    r-- .const:xdc_runtime_Main_Module__diagsIncluded__C
  00000544    00000544    00000004   00000004    r-- .const:xdc_runtime_Main_Module__diagsMask__C
  00000548    00000548    00000004   00000004    r-- .const:xdc_runtime_Memory_defaultHeapInstance__C
  0000054c    0000054c    00000004   00000004    r-- .const:xdc_runtime_Startup_execImpl__C
  00000550    00000550    00000004   00000004    r-- .const:xdc_runtime_Startup_maxPasses__C
  00000554    00000554    00000004   00000004    r-- .const:xdc_runtime_Startup_sfxnRts__C
  00000558    00000558    00000004   00000004    r-- .const:xdc_runtime_Startup_sfxnTab__C
  0000055c    0000055c    00000004   00000004    r-- .const:xdc_runtime_Startup_startModsFxn__C
  00000560    00000560    00000004   00000004    r-- .const:xdc_runtime_SysCallback_abortFxn__C
  00000564    00000564    00000004   00000004    r-- .const:xdc_runtime_SysCallback_exitFxn__C
  00000568    00000568    00000004   00000004    r-- .const:xdc_runtime_System_abortFxn__C
  0000056c    0000056c    00000004   00000004    r-- .const:xdc_runtime_System_exitFxn__C
  00000570    00000570    00000004   00000004    r-- .const:xdc_runtime_System_maxAtexitHandlers__C
  00000574    00000574    00000004   00000004    r-- .const:xdc_runtime_Text_charTab__C
  00000578    00000578    00000004   00000004    r-- .const:xdc_runtime_Text_nameEmpty__C
  0000057c    0000057c    00000004   00000004    r-- .const:xdc_runtime_Text_nameStatic__C
  00000580    00000580    00000004   00000004    r-- .const:xdc_runtime_Text_nameUnknown__C
  00000584    00000584    00000002   00000002    r-- .const:xdc_runtime_Main_Module__id__C
  00000586    00000586    00000002   00000002    r-- .const:xdc_runtime_Memory_Module__id__C
  00000588    00000588    00000002   00000002    r-- .const:xdc_runtime_Text_charCnt__C
  0000058a    0000058a    00000002   00000002    r-- .const:xdc_runtime_Text_isLoaded__C
  0000058c    0000058c    00000001   00000001    r-- .const:xdc_runtime_Error_policy__C
  00000590    00000590    00000004   00000004    r-- .const:ti_sysbios_rom_ROM_AONRTCChannelEnable
  00000594    00000594    00000004   00000004    r-- .const:ti_sysbios_rom_ROM_AONRTCCompareValueSet
  00000598    00000598    00000004   00000004    r-- .const:ti_sysbios_rom_ROM_AONRTCCurrentCompareValueGet
  0000059c    0000059c    00000004   00000004    r-- .const:ti_sysbios_rom_ROM_AONRTCEventClear
  000005a0    000005a0    00000004   00000004    r-- .const:ti_sysbios_rom_ROM_ti_sysbios_family_arm_cc26xx_Timer_getCount64__E
  000005a4    000005a4    00000004   00000004    r-- .const:ti_sysbios_rom_ROM_ti_sysbios_family_arm_cc26xx_Timer_getCurrentTick__E
  000005a8    000005a8    00000004   00000004    r-- .const:ti_sysbios_rom_ROM_ti_sysbios_family_arm_cc26xx_Timer_getMaxTicks__E
  000005ac    000005ac    00000004   00000004    r-- .const:ti_sysbios_rom_ROM_ti_sysbios_family_arm_cc26xx_Timer_initDevice__I
  000005b0    000005b0    00000004   00000004    r-- .const:ti_sysbios_rom_ROM_ti_sysbios_family_arm_cc26xx_Timer_setNextTick__E
  000005b4    000005b4    00000004   00000004    r-- .const:ti_sysbios_rom_ROM_ti_sysbios_family_arm_cc26xx_Timer_setThreshold__I
  000005b8    000005b8    00000004   00000004    r-- .const:ti_sysbios_rom_ROM_ti_sysbios_family_arm_cc26xx_Timer_start__E
  000005bc    000005bc    00000004   00000004    r-- .const:ti_sysbios_rom_ROM_ti_sysbios_family_arm_cc26xx_TimestampProvider_get32__E
  000005c0    000005c0    00000004   00000004    r-- .const:ti_sysbios_rom_ROM_xdc_runtime_Startup_getState__I
  000005c4    000005c4    00000004   00000004    r-- .const:ti_sysbios_rom_ROM_xdc_runtime_System_SupportProxy_abort__E
  000005c8    000005c8    00000004   00000004    r-- .const:ti_sysbios_rom_ROM_xdc_runtime_System_SupportProxy_exit__E
  000005cc    000005cc    00000004   00000004    r-- .const:ti_sysbios_gates_GateMutex_Instance_State_sem__O
  000005d0    000005d0    00000004   00000004    r-- .const:ti_sysbios_knl_Clock_Module_State_clockQ__O
  000005d4    000005d4    00000004   00000004    r-- .const:ti_sysbios_knl_Mailbox_Instance_State_dataQue__O
  000005d8    000005d8    00000004   00000004    r-- .const:ti_sysbios_knl_Mailbox_Instance_State_dataSem__O
  000005dc    000005dc    00000004   00000004    r-- .const:ti_sysbios_knl_Mailbox_Instance_State_freeQue__O
  000005e0    000005e0    00000004   00000004    r-- .const:ti_sysbios_knl_Mailbox_Instance_State_freeSem__O
  000005e4    000005e4    00000004   00000004    r-- .const:ti_sysbios_knl_Semaphore_Instance_State_pendQ__O
  000005e8    000005e8    00000004   00000004    r-- .const:ti_sysbios_knl_Task_Module_State_inactiveQ__O
  000005ec    000005ec    000086c4   000086c4    r-x .text.4
  00008cb0    00008cb0    0000067a   0000067a    r-- .const
  00009330    00009330    000007d4   000007d4    r-- .cinit
0001ffa8    0001ffa8    00000058   00000058    r--
  0001ffa8    0001ffa8    00000058   00000058    r-- .ccfg
20000100    20000100    00000104   00000000    rw-
  20000100    20000100    00000044   00000000    rw- .data:ti_sysbios_knl_Task_Module__state__V
  20000144    20000144    00000034   00000000    rw- .data:ti_sysbios_family_arm_m3_Hwi_Module__state__V
  20000178    20000178    0000002c   00000000    rw- .data:ti_sysbios_knl_Clock_Module__state__V
  200001a4    200001a4    00000024   00000000    rw- .data:ti_sysbios_BIOS_Module__state__V
  200001c8    200001c8    0000001c   00000000    rw- .data:ti_sysbios_knl_Swi_Module__state__V
  200001e4    200001e4    00000008   00000000    rw- .data:ti_sysbios_family_arm_cc26xx_Timer_Module__state__V
  200001ec    200001ec    00000004   00000000    rw- .data:ti_sysbios_family_arm_cc26xx_TimestampProvider_Module__state__V
  200001f0    200001f0    00000008   00000000    rw- .data:xdc_runtime_Startup_Module__state__V
  200001f8    200001f8    00000008   00000000    rw- .data:xdc_runtime_System_Module__state__V
  20000200    20000200    00000004   00000000    rw- .data:xdc_runtime_Memory_Module__state__V
20000430    20000430    00000010   00000000    rw-
  20000430    20000430    00000010   00000000    rw- .TI.bound:dmaSpi0RxControlTableEntry$9
20000440    20000440    00000010   00000000    rw-
  20000440    20000440    00000010   00000000    rw- .TI.bound:dmaSpi0TxControlTableEntry$9
20000500    20000500    00000010   00000000    rw-
  20000500    20000500    00000010   00000000    rw- .TI.bound:dmaSpi1RxControlTableEntry$9
20000510    20000510    00002199   00000000    rw-
  20000510    20000510    00000010   00000000    rw- .TI.bound:dmaSpi1TxControlTableEntry$9
  20000520    20000520    00001084   00000000    rw- .data
  200015a8    200015a8    00001101   00000000    rw- .bss
20003f48    20003f48    00000400   00000000    rw-
  20003f48    20003f48    00000400   00000000    rw- .stack


SECTION ALLOCATION MAP

 output                                  attributes/
section   page    origin      length       input sections
--------  ----  ----------  ----------   ----------------
.resetVecs 
*          0    00000000    0000003c     
                  00000000    0000003c     app_ble_pem3.oem3 (.resetVecs)

.text.1    0    0000003c    000000c4     
                  0000003c    000000b4     PINCC26XX.obj (.text:PINCC26XX_setIoCfg$6)
                  000000f0    00000008     (.tramp.ti_sysbios_family_arm_m3_Hwi_disableFxn__E.1)
                  000000f8    00000008     (.tramp.ti_sysbios_family_arm_m3_Hwi_restoreFxn__E.1)

.const:ti_sysbios_knl_Task_Object__PARAMS__C 
*          0    00000100    0000003c     
                  00000100    0000003c     app_ble_pem3.oem3 (.const:ti_sysbios_knl_Task_Object__PARAMS__C)

.const:ti_sysbios_knl_Mailbox_Object__PARAMS__C 
*          0    0000013c    00000034     
                  0000013c    00000034     app_ble_pem3.oem3 (.const:ti_sysbios_knl_Mailbox_Object__PARAMS__C)

.const:ti_sysbios_family_arm_m3_Hwi_Object__PARAMS__C 
*          0    00000170    00000030     
                  00000170    00000030     app_ble_pem3.oem3 (.const:ti_sysbios_family_arm_m3_Hwi_Object__PARAMS__C)

.const:ti_sysbios_hal_Hwi_Object__PARAMS__C 
*          0    000001a0    0000002c     
                  000001a0    0000002c     app_ble_pem3.oem3 (.const:ti_sysbios_hal_Hwi_Object__PARAMS__C)

.const:ti_sysbios_heaps_HeapMem_Module__FXNS__C 
*          0    000001cc    00000028     
                  000001cc    00000028     app_ble_pem3.oem3 (.const:ti_sysbios_heaps_HeapMem_Module__FXNS__C)

.const:ti_sysbios_knl_Swi_Object__PARAMS__C 
*          0    000001f4    00000028     
                  000001f4    00000028     app_ble_pem3.oem3 (.const:ti_sysbios_knl_Swi_Object__PARAMS__C)

.const:ti_sysbios_gates_GateHwi_Module__FXNS__C 
*          0    0000021c    00000024     
                  0000021c    00000024     app_ble_pem3.oem3 (.const:ti_sysbios_gates_GateHwi_Module__FXNS__C)

.const:ti_sysbios_gates_GateMutex_Module__FXNS__C 
*          0    00000240    00000024     
                  00000240    00000024     app_ble_pem3.oem3 (.const:ti_sysbios_gates_GateMutex_Module__FXNS__C)

.const:ti_sysbios_heaps_HeapMem_Object__PARAMS__C 
*          0    00000264    00000024     
                  00000264    00000024     app_ble_pem3.oem3 (.const:ti_sysbios_heaps_HeapMem_Object__PARAMS__C)

.const:ti_sysbios_knl_Clock_Object__PARAMS__C 
*          0    00000288    00000024     
                  00000288    00000024     app_ble_pem3.oem3 (.const:ti_sysbios_knl_Clock_Object__PARAMS__C)

.const:ti_sysbios_knl_Semaphore_Object__PARAMS__C 
*          0    000002ac    00000024     
                  000002ac    00000024     app_ble_pem3.oem3 (.const:ti_sysbios_knl_Semaphore_Object__PARAMS__C)

.const:ti_sysbios_family_arm_m3_Hwi_Object__DESC__C 
*          0    000002d0    00000020     
                  000002d0    00000020     app_ble_pem3.oem3 (.const:ti_sysbios_family_arm_m3_Hwi_Object__DESC__C)

.const:ti_sysbios_gates_GateHwi_Object__DESC__C 
*          0    000002f0    00000020     
                  000002f0    00000020     app_ble_pem3.oem3 (.const:ti_sysbios_gates_GateHwi_Object__DESC__C)

.const:ti_sysbios_gates_GateMutex_Object__DESC__C 
*          0    00000310    00000020     
                  00000310    00000020     app_ble_pem3.oem3 (.const:ti_sysbios_gates_GateMutex_Object__DESC__C)

.const:ti_sysbios_hal_Hwi_Object__DESC__C 
*          0    00000330    00000020     
                  00000330    00000020     app_ble_pem3.oem3 (.const:ti_sysbios_hal_Hwi_Object__DESC__C)

.const:ti_sysbios_heaps_HeapMem_Object__DESC__C 
*          0    00000350    00000020     
                  00000350    00000020     app_ble_pem3.oem3 (.const:ti_sysbios_heaps_HeapMem_Object__DESC__C)

.const:ti_sysbios_knl_Clock_Object__DESC__C 
*          0    00000370    00000020     
                  00000370    00000020     app_ble_pem3.oem3 (.const:ti_sysbios_knl_Clock_Object__DESC__C)

.const:ti_sysbios_knl_Mailbox_Object__DESC__C 
*          0    00000390    00000020     
                  00000390    00000020     app_ble_pem3.oem3 (.const:ti_sysbios_knl_Mailbox_Object__DESC__C)

.const:ti_sysbios_knl_Queue_Object__DESC__C 
*          0    000003b0    00000020     
                  000003b0    00000020     app_ble_pem3.oem3 (.const:ti_sysbios_knl_Queue_Object__DESC__C)

.const:ti_sysbios_knl_Semaphore_Object__DESC__C 
*          0    000003d0    00000020     
                  000003d0    00000020     app_ble_pem3.oem3 (.const:ti_sysbios_knl_Semaphore_Object__DESC__C)

.const:ti_sysbios_knl_Swi_Object__DESC__C 
*          0    000003f0    00000020     
                  000003f0    00000020     app_ble_pem3.oem3 (.const:ti_sysbios_knl_Swi_Object__DESC__C)

.const:ti_sysbios_knl_Task_Object__DESC__C 
*          0    00000410    00000020     
                  00000410    00000020     app_ble_pem3.oem3 (.const:ti_sysbios_knl_Task_Object__DESC__C)

.const:ti_sysbios_gates_GateHwi_Object__PARAMS__C 
*          0    00000430    00000018     
                  00000430    00000018     app_ble_pem3.oem3 (.const:ti_sysbios_gates_GateHwi_Object__PARAMS__C)

.const:ti_sysbios_gates_GateMutex_Object__PARAMS__C 
*          0    00000448    00000018     
                  00000448    00000018     app_ble_pem3.oem3 (.const:ti_sysbios_gates_GateMutex_Object__PARAMS__C)

.const:ti_sysbios_knl_Queue_Object__PARAMS__C 
*          0    00000460    00000018     
                  00000460    00000018     app_ble_pem3.oem3 (.const:ti_sysbios_knl_Queue_Object__PARAMS__C)

.const:ti_sysbios_knl_Idle_funcList__C 
*          0    00000478    00000008     
                  00000478    00000008     app_ble_pem3.oem3 (.const:ti_sysbios_knl_Idle_funcList__C)

.text.2    0    00000480    00000004     
                  00000480    00000004     icall_api.obj (.text:GATTServApp_AddService)

.const:ti_sysbios_family_arm_cc26xx_Timer_startupNeeded__C 
*          0    00000484    00000004     
                  00000484    00000004     app_ble_pem3.oem3 (.const:ti_sysbios_family_arm_cc26xx_Timer_startupNeeded__C)

.const:ti_sysbios_family_arm_m3_Hwi_E_alreadyDefined__C 
*          0    00000488    00000004     
                  00000488    00000004     app_ble_pem3.oem3 (.const:ti_sysbios_family_arm_m3_Hwi_E_alreadyDefined__C)

.const:ti_sysbios_family_arm_m3_Hwi_E_hwiLimitExceeded__C 
*          0    0000048c    00000004     
                  0000048c    00000004     app_ble_pem3.oem3 (.const:ti_sysbios_family_arm_m3_Hwi_E_hwiLimitExceeded__C)

.const:ti_sysbios_family_arm_m3_Hwi_NUM_INTERRUPTS__C 
*          0    00000490    00000004     
                  00000490    00000004     app_ble_pem3.oem3 (.const:ti_sysbios_family_arm_m3_Hwi_NUM_INTERRUPTS__C)

.const:ti_sysbios_family_arm_m3_Hwi_Object__count__C 
*          0    00000494    00000004     
                  00000494    00000004     app_ble_pem3.oem3 (.const:ti_sysbios_family_arm_m3_Hwi_Object__count__C)

.const:ti_sysbios_family_arm_m3_Hwi_Object__table__C 
*          0    00000498    00000004     
                  00000498    00000004     app_ble_pem3.oem3 (.const:ti_sysbios_family_arm_m3_Hwi_Object__table__C)

.const:ti_sysbios_family_arm_m3_Hwi_ccr__C 
*          0    0000049c    00000004     
                  0000049c    00000004     app_ble_pem3.oem3 (.const:ti_sysbios_family_arm_m3_Hwi_ccr__C)

.const:ti_sysbios_family_arm_m3_Hwi_excHandlerFunc__C 
*          0    000004a0    00000004     
                  000004a0    00000004     app_ble_pem3.oem3 (.const:ti_sysbios_family_arm_m3_Hwi_excHandlerFunc__C)

.const:ti_sysbios_family_arm_m3_Hwi_nullIsrFunc__C 
*          0    000004a4    00000004     
                  000004a4    00000004     app_ble_pem3.oem3 (.const:ti_sysbios_family_arm_m3_Hwi_nullIsrFunc__C)

.const:ti_sysbios_family_arm_m3_Hwi_numSparseInterrupts__C 
*          0    000004a8    00000004     
                  000004a8    00000004     app_ble_pem3.oem3 (.const:ti_sysbios_family_arm_m3_Hwi_numSparseInterrupts__C)

.const:ti_sysbios_family_arm_m3_Hwi_priGroup__C 
*          0    000004ac    00000004     
                  000004ac    00000004     app_ble_pem3.oem3 (.const:ti_sysbios_family_arm_m3_Hwi_priGroup__C)

.const:ti_sysbios_family_arm_m3_TaskSupport_stackAlignment__C 
*          0    000004b0    00000004     
                  000004b0    00000004     app_ble_pem3.oem3 (.const:ti_sysbios_family_arm_m3_TaskSupport_stackAlignment__C)

.const:ti_sysbios_heaps_HeapMem_E_memory__C 
*          0    000004b4    00000004     
                  000004b4    00000004     app_ble_pem3.oem3 (.const:ti_sysbios_heaps_HeapMem_E_memory__C)

.const:ti_sysbios_heaps_HeapMem_Module__gateObj__C 
*          0    000004b8    00000004     
                  000004b8    00000004     app_ble_pem3.oem3 (.const:ti_sysbios_heaps_HeapMem_Module__gateObj__C)

.const:ti_sysbios_heaps_HeapMem_Object__count__C 
*          0    000004bc    00000004     
                  000004bc    00000004     app_ble_pem3.oem3 (.const:ti_sysbios_heaps_HeapMem_Object__count__C)

.const:ti_sysbios_heaps_HeapMem_Object__table__C 
*          0    000004c0    00000004     
                  000004c0    00000004     app_ble_pem3.oem3 (.const:ti_sysbios_heaps_HeapMem_Object__table__C)

.const:ti_sysbios_heaps_HeapMem_reqAlign__C 
*          0    000004c4    00000004     
                  000004c4    00000004     app_ble_pem3.oem3 (.const:ti_sysbios_heaps_HeapMem_reqAlign__C)

.const:ti_sysbios_knl_Clock_serviceMargin__C 
*          0    000004c8    00000004     
                  000004c8    00000004     app_ble_pem3.oem3 (.const:ti_sysbios_knl_Clock_serviceMargin__C)

.const:ti_sysbios_knl_Mailbox_Object__count__C 
*          0    000004cc    00000004     
                  000004cc    00000004     app_ble_pem3.oem3 (.const:ti_sysbios_knl_Mailbox_Object__count__C)

.const:ti_sysbios_knl_Mailbox_Object__table__C 
*          0    000004d0    00000004     
                  000004d0    00000004     app_ble_pem3.oem3 (.const:ti_sysbios_knl_Mailbox_Object__table__C)

.const:ti_sysbios_knl_Queue_Object__count__C 
*          0    000004d4    00000004     
                  000004d4    00000004     app_ble_pem3.oem3 (.const:ti_sysbios_knl_Queue_Object__count__C)

.const:ti_sysbios_knl_Queue_Object__table__C 
*          0    000004d8    00000004     
                  000004d8    00000004     app_ble_pem3.oem3 (.const:ti_sysbios_knl_Queue_Object__table__C)

.const:ti_sysbios_knl_Swi_Object__count__C 
*          0    000004dc    00000004     
                  000004dc    00000004     app_ble_pem3.oem3 (.const:ti_sysbios_knl_Swi_Object__count__C)

.const:ti_sysbios_knl_Swi_Object__table__C 
*          0    000004e0    00000004     
                  000004e0    00000004     app_ble_pem3.oem3 (.const:ti_sysbios_knl_Swi_Object__table__C)

.const:ti_sysbios_knl_Swi_numPriorities__C 
*          0    000004e4    00000004     
                  000004e4    00000004     app_ble_pem3.oem3 (.const:ti_sysbios_knl_Swi_numPriorities__C)

.const:ti_sysbios_knl_Task_Object__count__C 
*          0    000004e8    00000004     
                  000004e8    00000004     app_ble_pem3.oem3 (.const:ti_sysbios_knl_Task_Object__count__C)

.const:ti_sysbios_knl_Task_Object__table__C 
*          0    000004ec    00000004     
                  000004ec    00000004     app_ble_pem3.oem3 (.const:ti_sysbios_knl_Task_Object__table__C)

.const:ti_sysbios_knl_Task_allBlockedFunc__C 
*          0    000004f0    00000004     
                  000004f0    00000004     app_ble_pem3.oem3 (.const:ti_sysbios_knl_Task_allBlockedFunc__C)

.const:ti_sysbios_knl_Task_defaultStackHeap__C 
*          0    000004f4    00000004     
                  000004f4    00000004     app_ble_pem3.oem3 (.const:ti_sysbios_knl_Task_defaultStackHeap__C)

.const:ti_sysbios_knl_Task_defaultStackSize__C 
*          0    000004f8    00000004     
                  000004f8    00000004     app_ble_pem3.oem3 (.const:ti_sysbios_knl_Task_defaultStackSize__C)

.const:ti_sysbios_knl_Task_numConstructedTasks__C 
*          0    000004fc    00000004     
                  000004fc    00000004     app_ble_pem3.oem3 (.const:ti_sysbios_knl_Task_numConstructedTasks__C)

.text.3    0    00000500    00000002     
                  00000500    00000002     ble_user_config.obj (.text:DefaultAssertCback)

.const:ti_sysbios_family_arm_cc26xx_Timer_Module__id__C 
*          0    00000502    00000002     
                  00000502    00000002     app_ble_pem3.oem3 (.const:ti_sysbios_family_arm_cc26xx_Timer_Module__id__C)

.const:ti_sysbios_family_arm_cc26xx_TimestampProvider_useClockTimer__C 
*          0    00000504    00000002     
                  00000504    00000002     app_ble_pem3.oem3 (.const:ti_sysbios_family_arm_cc26xx_TimestampProvider_useClockTimer__C)

.const:ti_sysbios_family_arm_m3_Hwi_Module__id__C 
*          0    00000506    00000002     
                  00000506    00000002     app_ble_pem3.oem3 (.const:ti_sysbios_family_arm_m3_Hwi_Module__id__C)

.const:ti_sysbios_gates_GateHwi_Module__id__C 
*          0    00000508    00000002     
                  00000508    00000002     app_ble_pem3.oem3 (.const:ti_sysbios_gates_GateHwi_Module__id__C)

.const:ti_sysbios_gates_GateMutex_Module__id__C 
*          0    0000050a    00000002     
                  0000050a    00000002     app_ble_pem3.oem3 (.const:ti_sysbios_gates_GateMutex_Module__id__C)

.const:ti_sysbios_heaps_HeapMem_Module__id__C 
*          0    0000050c    00000002     
                  0000050c    00000002     app_ble_pem3.oem3 (.const:ti_sysbios_heaps_HeapMem_Module__id__C)

.const:ti_sysbios_knl_Task_initStackFlag__C 
*          0    0000050e    00000002     
                  0000050e    00000002     app_ble_pem3.oem3 (.const:ti_sysbios_knl_Task_initStackFlag__C)

.const:ti_sysbios_knl_Clock_tickMode__C 
*          0    00000510    00000001     
                  00000510    00000001     app_ble_pem3.oem3 (.const:ti_sysbios_knl_Clock_tickMode__C)

.const:xdc_runtime_Startup_firstFxns__C 
*          0    00000514    00000008     
                  00000514    00000008     app_ble_pem3.oem3 (.const:xdc_runtime_Startup_firstFxns__C)

.const:xdc_runtime_Startup_lastFxns__C 
*          0    0000051c    00000008     
                  0000051c    00000008     app_ble_pem3.oem3 (.const:xdc_runtime_Startup_lastFxns__C)

.const:xdc_runtime_Assert_E_assertFailed__C 
*          0    00000524    00000004     
                  00000524    00000004     app_ble_pem3.oem3 (.const:xdc_runtime_Assert_E_assertFailed__C)

.const:xdc_runtime_Error_E_memory__C 
*          0    00000528    00000004     
                  00000528    00000004     app_ble_pem3.oem3 (.const:xdc_runtime_Error_E_memory__C)

.const:xdc_runtime_Error_policyFxn__C 
*          0    0000052c    00000004     
                  0000052c    00000004     app_ble_pem3.oem3 (.const:xdc_runtime_Error_policyFxn__C)

.const:xdc_runtime_IGateProvider_Interface__BASE__C 
*          0    00000530    00000004     
                  00000530    00000004     app_ble_pem3.oem3 (.const:xdc_runtime_IGateProvider_Interface__BASE__C)

.const:xdc_runtime_IHeap_Interface__BASE__C 
*          0    00000534    00000004     
                  00000534    00000004     app_ble_pem3.oem3 (.const:xdc_runtime_IHeap_Interface__BASE__C)

.const:xdc_runtime_IModule_Interface__BASE__C 
*          0    00000538    00000004     
                  00000538    00000004     app_ble_pem3.oem3 (.const:xdc_runtime_IModule_Interface__BASE__C)

.const:xdc_runtime_Main_Module__diagsEnabled__C 
*          0    0000053c    00000004     
                  0000053c    00000004     app_ble_pem3.oem3 (.const:xdc_runtime_Main_Module__diagsEnabled__C)

.const:xdc_runtime_Main_Module__diagsIncluded__C 
*          0    00000540    00000004     
                  00000540    00000004     app_ble_pem3.oem3 (.const:xdc_runtime_Main_Module__diagsIncluded__C)

.const:xdc_runtime_Main_Module__diagsMask__C 
*          0    00000544    00000004     
                  00000544    00000004     app_ble_pem3.oem3 (.const:xdc_runtime_Main_Module__diagsMask__C)

.const:xdc_runtime_Memory_defaultHeapInstance__C 
*          0    00000548    00000004     
                  00000548    00000004     app_ble_pem3.oem3 (.const:xdc_runtime_Memory_defaultHeapInstance__C)

.const:xdc_runtime_Startup_execImpl__C 
*          0    0000054c    00000004     
                  0000054c    00000004     app_ble_pem3.oem3 (.const:xdc_runtime_Startup_execImpl__C)

.const:xdc_runtime_Startup_maxPasses__C 
*          0    00000550    00000004     
                  00000550    00000004     app_ble_pem3.oem3 (.const:xdc_runtime_Startup_maxPasses__C)

.const:xdc_runtime_Startup_sfxnRts__C 
*          0    00000554    00000004     
                  00000554    00000004     app_ble_pem3.oem3 (.const:xdc_runtime_Startup_sfxnRts__C)

.const:xdc_runtime_Startup_sfxnTab__C 
*          0    00000558    00000004     
                  00000558    00000004     app_ble_pem3.oem3 (.const:xdc_runtime_Startup_sfxnTab__C)

.const:xdc_runtime_Startup_startModsFxn__C 
*          0    0000055c    00000004     
                  0000055c    00000004     app_ble_pem3.oem3 (.const:xdc_runtime_Startup_startModsFxn__C)

.const:xdc_runtime_SysCallback_abortFxn__C 
*          0    00000560    00000004     
                  00000560    00000004     app_ble_pem3.oem3 (.const:xdc_runtime_SysCallback_abortFxn__C)

.const:xdc_runtime_SysCallback_exitFxn__C 
*          0    00000564    00000004     
                  00000564    00000004     app_ble_pem3.oem3 (.const:xdc_runtime_SysCallback_exitFxn__C)

.const:xdc_runtime_System_abortFxn__C 
*          0    00000568    00000004     
                  00000568    00000004     app_ble_pem3.oem3 (.const:xdc_runtime_System_abortFxn__C)

.const:xdc_runtime_System_exitFxn__C 
*          0    0000056c    00000004     
                  0000056c    00000004     app_ble_pem3.oem3 (.const:xdc_runtime_System_exitFxn__C)

.const:xdc_runtime_System_maxAtexitHandlers__C 
*          0    00000570    00000004     
                  00000570    00000004     app_ble_pem3.oem3 (.const:xdc_runtime_System_maxAtexitHandlers__C)

.const:xdc_runtime_Text_charTab__C 
*          0    00000574    00000004     
                  00000574    00000004     app_ble_pem3.oem3 (.const:xdc_runtime_Text_charTab__C)

.const:xdc_runtime_Text_nameEmpty__C 
*          0    00000578    00000004     
                  00000578    00000004     app_ble_pem3.oem3 (.const:xdc_runtime_Text_nameEmpty__C)

.const:xdc_runtime_Text_nameStatic__C 
*          0    0000057c    00000004     
                  0000057c    00000004     app_ble_pem3.oem3 (.const:xdc_runtime_Text_nameStatic__C)

.const:xdc_runtime_Text_nameUnknown__C 
*          0    00000580    00000004     
                  00000580    00000004     app_ble_pem3.oem3 (.const:xdc_runtime_Text_nameUnknown__C)

.const:xdc_runtime_Main_Module__id__C 
*          0    00000584    00000002     
                  00000584    00000002     app_ble_pem3.oem3 (.const:xdc_runtime_Main_Module__id__C)

.const:xdc_runtime_Memory_Module__id__C 
*          0    00000586    00000002     
                  00000586    00000002     app_ble_pem3.oem3 (.const:xdc_runtime_Memory_Module__id__C)

.const:xdc_runtime_Text_charCnt__C 
*          0    00000588    00000002     
                  00000588    00000002     app_ble_pem3.oem3 (.const:xdc_runtime_Text_charCnt__C)

.const:xdc_runtime_Text_isLoaded__C 
*          0    0000058a    00000002     
                  0000058a    00000002     app_ble_pem3.oem3 (.const:xdc_runtime_Text_isLoaded__C)

.const:xdc_runtime_Error_policy__C 
*          0    0000058c    00000001     
                  0000058c    00000001     app_ble_pem3.oem3 (.const:xdc_runtime_Error_policy__C)

.const:ti_sysbios_rom_ROM_AONRTCChannelEnable 
*          0    00000590    00000004     
                  00000590    00000004     app_ble_pem3.oem3 (.const:ti_sysbios_rom_ROM_AONRTCChannelEnable)

.const:ti_sysbios_rom_ROM_AONRTCCompareValueSet 
*          0    00000594    00000004     
                  00000594    00000004     app_ble_pem3.oem3 (.const:ti_sysbios_rom_ROM_AONRTCCompareValueSet)

.const:ti_sysbios_rom_ROM_AONRTCCurrentCompareValueGet 
*          0    00000598    00000004     
                  00000598    00000004     app_ble_pem3.oem3 (.const:ti_sysbios_rom_ROM_AONRTCCurrentCompareValueGet)

.const:ti_sysbios_rom_ROM_AONRTCEventClear 
*          0    0000059c    00000004     
                  0000059c    00000004     app_ble_pem3.oem3 (.const:ti_sysbios_rom_ROM_AONRTCEventClear)

.const:ti_sysbios_rom_ROM_ti_sysbios_family_arm_cc26xx_Timer_getCount64__E 
*          0    000005a0    00000004     
                  000005a0    00000004     app_ble_pem3.oem3 (.const:ti_sysbios_rom_ROM_ti_sysbios_family_arm_cc26xx_Timer_getCount64__E)

.const:ti_sysbios_rom_ROM_ti_sysbios_family_arm_cc26xx_Timer_getCurrentTick__E 
*          0    000005a4    00000004     
                  000005a4    00000004     app_ble_pem3.oem3 (.const:ti_sysbios_rom_ROM_ti_sysbios_family_arm_cc26xx_Timer_getCurrentTick__E)

.const:ti_sysbios_rom_ROM_ti_sysbios_family_arm_cc26xx_Timer_getMaxTicks__E 
*          0    000005a8    00000004     
                  000005a8    00000004     app_ble_pem3.oem3 (.const:ti_sysbios_rom_ROM_ti_sysbios_family_arm_cc26xx_Timer_getMaxTicks__E)

.const:ti_sysbios_rom_ROM_ti_sysbios_family_arm_cc26xx_Timer_initDevice__I 
*          0    000005ac    00000004     
                  000005ac    00000004     app_ble_pem3.oem3 (.const:ti_sysbios_rom_ROM_ti_sysbios_family_arm_cc26xx_Timer_initDevice__I)

.const:ti_sysbios_rom_ROM_ti_sysbios_family_arm_cc26xx_Timer_setNextTick__E 
*          0    000005b0    00000004     
                  000005b0    00000004     app_ble_pem3.oem3 (.const:ti_sysbios_rom_ROM_ti_sysbios_family_arm_cc26xx_Timer_setNextTick__E)

.const:ti_sysbios_rom_ROM_ti_sysbios_family_arm_cc26xx_Timer_setThreshold__I 
*          0    000005b4    00000004     
                  000005b4    00000004     app_ble_pem3.oem3 (.const:ti_sysbios_rom_ROM_ti_sysbios_family_arm_cc26xx_Timer_setThreshold__I)

.const:ti_sysbios_rom_ROM_ti_sysbios_family_arm_cc26xx_Timer_start__E 
*          0    000005b8    00000004     
                  000005b8    00000004     app_ble_pem3.oem3 (.const:ti_sysbios_rom_ROM_ti_sysbios_family_arm_cc26xx_Timer_start__E)

.const:ti_sysbios_rom_ROM_ti_sysbios_family_arm_cc26xx_TimestampProvider_get32__E 
*          0    000005bc    00000004     
                  000005bc    00000004     app_ble_pem3.oem3 (.const:ti_sysbios_rom_ROM_ti_sysbios_family_arm_cc26xx_TimestampProvider_get32__E)

.const:ti_sysbios_rom_ROM_xdc_runtime_Startup_getState__I 
*          0    000005c0    00000004     
                  000005c0    00000004     app_ble_pem3.oem3 (.const:ti_sysbios_rom_ROM_xdc_runtime_Startup_getState__I)

.const:ti_sysbios_rom_ROM_xdc_runtime_System_SupportProxy_abort__E 
*          0    000005c4    00000004     
                  000005c4    00000004     app_ble_pem3.oem3 (.const:ti_sysbios_rom_ROM_xdc_runtime_System_SupportProxy_abort__E)

.const:ti_sysbios_rom_ROM_xdc_runtime_System_SupportProxy_exit__E 
*          0    000005c8    00000004     
                  000005c8    00000004     app_ble_pem3.oem3 (.const:ti_sysbios_rom_ROM_xdc_runtime_System_SupportProxy_exit__E)

.const:ti_sysbios_gates_GateMutex_Instance_State_sem__O 
*          0    000005cc    00000004     
                  000005cc    00000004     app_ble_pem3.oem3 (.const:ti_sysbios_gates_GateMutex_Instance_State_sem__O)

.const:ti_sysbios_knl_Clock_Module_State_clockQ__O 
*          0    000005d0    00000004     
                  000005d0    00000004     app_ble_pem3.oem3 (.const:ti_sysbios_knl_Clock_Module_State_clockQ__O)

.const:ti_sysbios_knl_Mailbox_Instance_State_dataQue__O 
*          0    000005d4    00000004     
                  000005d4    00000004     app_ble_pem3.oem3 (.const:ti_sysbios_knl_Mailbox_Instance_State_dataQue__O)

.const:ti_sysbios_knl_Mailbox_Instance_State_dataSem__O 
*          0    000005d8    00000004     
                  000005d8    00000004     app_ble_pem3.oem3 (.const:ti_sysbios_knl_Mailbox_Instance_State_dataSem__O)

.const:ti_sysbios_knl_Mailbox_Instance_State_freeQue__O 
*          0    000005dc    00000004     
                  000005dc    00000004     app_ble_pem3.oem3 (.const:ti_sysbios_knl_Mailbox_Instance_State_freeQue__O)

.const:ti_sysbios_knl_Mailbox_Instance_State_freeSem__O 
*          0    000005e0    00000004     
                  000005e0    00000004     app_ble_pem3.oem3 (.const:ti_sysbios_knl_Mailbox_Instance_State_freeSem__O)

.const:ti_sysbios_knl_Semaphore_Instance_State_pendQ__O 
*          0    000005e4    00000004     
                  000005e4    00000004     app_ble_pem3.oem3 (.const:ti_sysbios_knl_Semaphore_Instance_State_pendQ__O)

.const:ti_sysbios_knl_Task_Module_State_inactiveQ__O 
*          0    000005e8    00000004     
                  000005e8    00000004     app_ble_pem3.oem3 (.const:ti_sysbios_knl_Task_Module_State_inactiveQ__O)

.text.4    0    000005ec    000086c4     
                  000005ec    00000338     rom_sysbios.aem3 : rom_sysbios.obj (.text:xdc_runtime_System_doPrint__I)
                  00000924    00000314     RFCC26XX_singleMode.obj (.text:fsmActiveState$7)
                  00000c38    000002ec     peripheral.obj (.text:gapRole_processGAPMsg$21)
                  00000f24    0000023c     peripheral.obj (.text:GAPRole_SetParameter)
                  00001160    00000228     drivers_cc26xxware.aem3 : PowerCC26XX.oem3 (.text:Power_sleep)
                  00001388    00000204     driverlib.lib : sys_ctrl.obj (.text:NOROM_SysCtrlSetRechargeBeforePowerDown)
                  0000158c    00000204     simple_peripheral.obj (.text:SimpleBLEPeripheral_init$0)
                  00001790    000001f4     rtsv7M3_T_le_eabi.lib : ull_div_t2.obj (.text)
                  00001984    000001d0     drivers_cc26xxware.aem3 : PowerCC26XX_calibrateRCOSC.oem3 (.text:calibrateRcoscHf1)
                  00001b54    000001a8     PINCC26XX.obj (.text:PIN_init)
                  00001cfc    000001a8     RFCC26XX_singleMode.obj (.text:abortCmd$7)
                  00001ea4    000001a4     simple_peripheral.obj (.text:SimpleBLEPeripheral_processStateChangeEvt$0)
                  00002048    00000184     drivers_cc26xxware.aem3 : PowerCC26XX_calibrateRCOSC.oem3 (.text:PowerCC26XX_doCalibrate)
                  000021cc    00000170     RFCC26XX_singleMode.obj (.text:RF_postCmd)
                  0000233c    00000158     SPICC26XXDMA.obj (.text:SPICC26XXDMA_initIO$9)
                  00002494    00000144     SPICC26XXDMA.obj (.text:SPICC26XXDMA_open)
                  000025d8    00000130     driverlib.lib : setup.obj (.text:NOROM_SetupAfterColdResetWakeupFromShutDownCfg3)
                  00002708    00000128     main.obj (.text:AssertHandler)
                  00002830    00000120     peripheral.obj (.text:GAPRole_GetParameter)
                  00002950    0000011c     drivers_cc26xxware.aem3 : PowerCC26XX.oem3 (.text:Power_init)
                  00002a6c    00000114     RFCC26XX_singleMode.obj (.text:fsmSetupState$7)
                  00002b80    00000110     RFCC26XX_singleMode.obj (.text:hwiFxnCpe0Active$7)
                  00002c90    000000fc     peripheral.obj (.text:gapRole_taskFxn$21)
                  00002d8c    000000f8     app_ble_pem3.oem3 (.text:xdc_runtime_System_printfExtend__I)
                  00002e84    000000f0     SPICC26XXDMA.obj (.text:SPICC26XXDMA_transferCancel)
                  00002f74    000000ec     icall.obj (.text:ICall_primWaitMatch$14)
                  00003060    000000ec     RFCC26XX_singleMode.obj (.text:rf_init$7)
                  0000314c    000000d4     driverlib.lib : setup.obj (.text:NOROM_SetupAfterColdResetWakeupFromShutDownCfg2)
                  00003220    000000d4     drivers_cc26xxware.aem3 : PowerCC26XX.oem3 (.text:Power_releaseDependency)
                  000032f4    000000d0                             : PowerCC26XX.oem3 (.text:Power_setDependency)
                  000033c4    000000cc     SPICC26XXDMA.obj (.text:SPICC26XXDMA_transfer)
                  00003490    000000cc     driverlib.lib : setup.obj (.text:TrimAfterColdResetWakeupFromShutDown$46)
                  0000355c    000000c8     SPICC26XXDMA.obj (.text:SPICC26XXDMA_configDMA$9)
                  00003624    000000c8     RFCC26XX_singleMode.obj (.text:fsmPowerUpState$7)
                  000036ec    000000c4     lcd.aem3 : LCDDogm1286.oem3 (.text:LCD_open)
                  000037b0    000000c4     RFCC26XX_singleMode.obj (.text:swiFxnHw$7)
                  00003874    000000c0     RFCC26XX_singleMode.obj (.text:RF_open)
                  00003934    000000bc     power_cc26xx_tirtos.aem3 : PowerCC26XX_tirtos.oem3 (.text:PowerCC26XX_standbyPolicy)
                  000039f0    000000b0     devinfoservice.obj (.text:devInfo_ReadAttrCB$18)
                  00003aa0    000000a8     lcd.aem3 : LCDDogm1286.oem3 (.text:LCD_doBufferPrintString)
                  00003b48    000000a4     driverlib.lib : setup.obj (.text:NOROM_SetupTrimDevice)
                  00003bec    000000a0     SPICC26XXDMA.obj (.text:SPICC26XXDMA_hwiFxn$9)
                  00003c8c    000000a0     auto_init.aem3 : auto_init.oem3 (.text)
                  00003d2c    000000a0     peripheral.obj (.text:gapRole_init$21)
                  00003dcc    0000009c     rtsv7M3_T_le_eabi.lib : memcpy_t2.obj (.text)
                  00003e68    0000009a     rom_sysbios.aem3 : rom_sysbios.obj (.text:xdc_runtime_Text_putSite__E)
                  00003f02    00000002     SPICC26XXDMA.obj (.text:SPICC26XXDMA_serviceISR$9)
                  00003f04    00000098     PINCC26XX.obj (.text:PIN_open)
                  00003f9c    00000098     simple_peripheral.obj (.text:SimpleBLEPeripheral_taskFxn$0)
                  00004034    00000098     rom_sysbios.aem3 : rom_sysbios.obj (.text:ti_sysbios_knl_Clock_workFuncDynamic__E)
                  000040cc    00000094     SPICC26XXDMA.obj (.text:SPICC26XXDMA_control)
                  00004160    00000094     rom_sysbios.aem3 : rom_sysbios.obj (.text:xdc_runtime_Text_putMod__E)
                  000041f4    00000090     DisplayDogm1286.obj (.text:DisplayDogm1286_open)
                  00004284    00000090     drivers_cc26xxware.aem3 : PowerCC26XX.oem3 (.text:switchXOSCHFclockFunc)
                  00004314    0000008c     simple_gatt_profile.obj (.text:simpleProfile_WriteAttrCB$22)
                  000043a0    00000088     driverlib.lib : osc.obj (.text:NOROM_OSCHF_GetStartupTime)
                  00004428    00000086     DisplayDogm1286.obj (.text:DisplayDogm1286_put5)
                  000044ae    00000002     RFCC26XX_singleMode.obj (.text:defaultErrCb$7)
                  000044b0    00000084     icall.obj (.text:ICall_heapMalloc)
                  00004534    00000084     icall.obj (.text:ICall_primSetTimer$14)
                  000045b8    00000084     TRNGCC26XX.obj (.text:TRNGCC26XX_getNumber)
                  0000463c    00000080     RFCC26XX_singleMode.obj (.text:RF_pendCmd)
                  000046bc    0000007c     drivers_cc26xxware.aem3 : PowerCC26XX.oem3 (.text:disableLFClockQualifiers)
                  00004738    0000007a     rtsv7M3_T_le_eabi.lib : memset_t2.obj (.text)
                  000047b2    00000078     lcd.aem3 : LCDDogm1286.oem3 (.text:LCD_bufferClearPart)
                  0000482a    00000002     drivers_cc26xxware.aem3 : PowerCC26XX.oem3 (.text:emptyClockFunc)
                  0000482c    00000078     driverlib.lib : setup.obj (.text:NOROM_SetupAfterColdResetWakeupFromShutDownCfg1)
                  000048a4    00000074     icall_cc2650.obj (.text:ICallPlatform_pwrUpdActivityCounter)
                  00004918    00000074     icall.obj (.text:ICall_primSend$14)
                  0000498c    00000074     drivers_cc26xxware.aem3 : PowerCC26XX_calibrateRCOSC.oem3 (.text:PowerCC26XX_auxISR)
                  00004a00    00000074     simple_peripheral.obj (.text:SimpleBLEPeripheral_processGATTMsg$0)
                  00004a74    00000074     drivers_cc26xxware.aem3 : PowerCC26XX_calibrateRCOSC.oem3 (.text:calibrateRcoscHf2)
                  00004ae8    00000074     peripheral.obj (.text:gapRole_startConnUpdate$21)
                  00004b5c    00000072     lcd.aem3 : LCDDogm1286.oem3 (.text:LCD_doUpdate)
                  00004bce    00000002     rtsv7M3_T_le_eabi.lib : i_div0.obj (.text)
                  00004bd0    00000070     driverlib.lib : chipinfo.obj (.text:NOROM_ChipInfo_GetHwRevision)
                  00004c40    0000006d     rom_sysbios.aem3 : rom_sysbios.obj (.text:xdc_runtime_System_formatNum__I)
                  00004cad    00000001     --HOLE-- [fill = 0]
                  00004cae    00000002                      : rom_sysbios.obj (.text:ti_sysbios_BIOS_linkedWithIncorrectBootLibrary__E)
                  00004cb0    0000006c     icall.obj (.text:ICall_createRemoteTasks)
                  00004d1c    0000006c     icall.obj (.text:ICall_heapInit)
                  00004d88    0000006c     lcd.aem3 : LCDDogm1286.oem3 (.text:LCD_initHw)
                  00004df4    0000006c     driverlib.lib : setup.obj (.text:NOROM_SetupGetTrimForAmpcompCtrl)
                  00004e60    0000006c     drivers_cc26xxware.aem3 : PowerCC26XX.oem3 (.text:PowerCC26XX_calibrate)
                  00004ecc    0000006a     rtsv7M3_T_le_eabi.lib : copy_decompress_rle.obj (.text)
                  00004f36    00000002     app_ble_pem3.oem3 (.text:ti_sysbios_BIOS_nullFunc__I)
                  00004f38    00000068     driverlib.lib : setup.obj (.text:NOROM_SetupGetTrimForAnabypassValue1)
                  00004fa0    00000068                   : sys_ctrl.obj (.text:NOROM_SysCtrl_DCDC_VoltageConditionalControl)
                  00005008    00000068     simple_peripheral.obj (.text:SimpleBLEPeripheral_freeAttRsp$0)
                  00005070    00000068     RFCC26XX_singleMode.obj (.text:fsmPowerDownState$7)
                  000050d8    00000068     gattservapp_util.obj (.text:gattServApp_SendNotiInd$20)
                  00005140    00000064     gattservapp_util.obj (.text:GATTServApp_ProcessCharCfg)
                  000051a4    00000064     PINCC26XX.obj (.text:PIN_add)
                  00005208    00000064     rom_sysbios.aem3 : rom_sysbios.obj (.text:ti_sysbios_family_arm_cc26xx_Timer_start__E)
                  0000526c    00000060     icall.obj (.text:ICall_primEnroll$14)
                  000052cc    00000060     drivers_cc26xxware.aem3 : PowerCC26XX_calibrateRCOSC.oem3 (.text:PowerCC26XX_RCOSC_clockFunc)
                  0000532c    00000060     RFCC26XX_singleMode.obj (.text:RF_getCurrentTime)
                  0000538c    00000060     drivers_cc26xxware.aem3 : PowerCC26XX_calibrateRCOSC.oem3 (.text:updateSubSecInc)
                  000053ec    0000005c     icall.obj (.text:ICall_primThreadServes$14)
                  00005448    0000005c     driverlib.lib : osc.obj (.text:NOROM_OSCHF_AttemptToSwitchToXosc)
                  000054a4    0000005c                   : sys_ctrl.obj (.text:NOROM_SysCtrlAdjustRechargeAfterPowerDown)
                  00005500    0000005c     simple_gatt_profile.obj (.text:SimpleProfile_SetParameter)
                  0000555c    0000005c     UDMACC26XX.obj (.text:UDMACC26XX_open)
                  000055b8    0000005c     RFCC26XX_singleMode.obj (.text:applyRfCorePatch$7)
                  00005614    0000005c     RFCC26XX_singleMode.obj (.text:decActiveClientCnt$7)
                  00005670    0000005c     simple_gatt_profile.obj (.text:simpleProfile_ReadAttrCB$22)
                  000056cc    0000005c     app_ble_pem3.oem3 (.text:xdc_runtime_Startup_getState__I)
                  00005728    0000005b     rom_sysbios.aem3 : rom_sysbios.obj (.text:xdc_runtime_Text_putLab__E)
                  00005783    00000001     --HOLE-- [fill = 0]
                  00005784    0000005a     SPICC26XXDMA.obj (.text:SPICC26XXDMA_close)
                  000057de    00000002     rom_sysbios.aem3 : rom_sysbios.obj (.text:ti_sysbios_knl_Clock_triggerFunc__I)
                  000057e0    00000058     PINCC26XX.obj (.text:PIN_remove)
                  00005838    00000058     drivers_cc26xxware.aem3 : PowerCC26XX_calibrateRCOSC.oem3 (.text:PowerCC26XX_initiateCalibration)
                  00005890    00000058     SPICC26XXDMA.obj (.text:SPICC26XXDMA_initHw$9)
                  000058e8    00000058     simple_peripheral.obj (.text:SimpleBLEPeripheral_sendAttRsp$0)
                  00005940    00000054     drivers_cc26xxware.aem3 : PowerCC26XX.oem3 (.text:configureXOSCHF)
                  00005994    00000054     RFCC26XX_singleMode.obj (.text:fsmXOSCState$7)
                  000059e8    00000054     RFCC26XX_singleMode.obj (.text:hwiFxnHw$7)
                  00005a3c    00000054     RFCC26XX_singleMode.obj (.text:ratChanFree$7)
                  00005a90    00000054     rtsv7M3_T_le_eabi.lib : exit.obj (.text)
                  00005ae4    00000052     icall.obj (.text:ICall_primWait$14)
                  00005b36    00000052     SPICC26XXDMA.obj (.text:SPICC26XXDMA_swiFxn$9)
                  00005b88    00000050     icall_api.obj (.text:GAP_DeviceInit)
                  00005bd8    00000050     icall_api.obj (.text:GAP_UpdateAdvertisingData)
                  00005c28    00000050     icall.obj (.text:ICall_primRegisterApp$14)
                  00005c78    00000050     driverlib.lib : setup.obj (.text:NOROM_SetupSetCacheModeAccordingToCcfgSetting)
                  00005cc8    00000050     RFCC26XX_singleMode.obj (.text:RF_getInfo)
                  00005d18    00000050     util.obj (.text:Util_convertBdAddr2Str)
                  00005d68    00000050     RFCC26XX_singleMode.obj (.text:syncCb$7)
                  00005db8    0000004c     icall.obj (.text:ICall_newTask$14)
                  00005e04    0000004c     icall.obj (.text:ICall_primGetEntityId$14)
                  00005e50    0000004c     driverlib.lib : osc.obj (.text:NOROM_OSCClockSourceSet)
                  00005e9c    0000004c     RFCC26XX_singleMode.obj (.text:dispatchOpWhen$7)
                  00005ee8    0000004c     peripheral.obj (.text:gapRole_processStackMsg$21)
                  00005f34    0000004c     rtsv7M3_T_le_eabi.lib : cpy_tbl.obj (.text)
                  00005f80    0000004a     gattservapp_util.obj (.text:GATTServApp_ProcessCCCWriteReq)
                  00005fca    00000002     app_ble_pem3.oem3 (.text:ti_sysbios_rom_cortexm_cc26xx_CC26xx_badRomRevision__E)
                  00005fcc    00000048     driverlib.lib : chipinfo.obj (.text:NOROM_ChipInfo_GetChipFamily)
                  00006014    00000048                   : ddi.obj (.text:NOROM_DDI16BitfieldWrite)
                  0000605c    00000048     simple_peripheral.obj (.text:SimpleBLEPeripheral_processCharValueChangeEvt$0)
                  000060a4    00000048     util.obj (.text:Util_constructClock)
                  000060ec    00000048     icall_api.obj (.text:gattIndNoti$17)
                  00006134    00000048     main.obj (.text:main)
                  0000617c    00000048     drivers_cc26xxware.aem3 : PowerCC26XX.oem3 (.text:notify)
                  000061c4    00000044     icall_api.obj (.text:GAP_TerminateLinkReq)
                  00006208    00000044     PINCC26XX.obj (.text:PIN_swi$6)
                  0000624c    00000044     simple_gatt_profile.obj (.text:SimpleProfile_GetParameter)
                  00006290    00000044     boot.aem3 : boot.oem3 (.text)
                  000062d4    00000044     icall_api.obj (.text:gapSendParamAndPtrCmd$17)
                  00006318    00000044     rom_sysbios.aem3 : rom_sysbios.obj (.text:xdc_runtime_Text_xprintf__I)
                  0000635c    00000042     icall.obj (.text:ICall_primCreateTask$14)
                  0000639e    00000002     rom_sysbios.aem3 : rom_sysbios.obj (.text:xdc_runtime_SysCallback_defaultAbort)
                  000063a0    00000040     Display.obj (.text:Display_doOpen)
                  000063e0    00000040     peripheral.obj (.text:GAPRole_SendUpdateParam)
                  00006420    00000040     peripheral.obj (.text:GAPRole_createTask)
                  00006460    00000040     icall_api.obj (.text:GATT_SendRsp)
                  000064a0    00000040     lcd.aem3 : LCDDogm1286.oem3 (.text:LCD_sendCommand)
                  000064e0    00000040              : LCDDogm1286.oem3 (.text:LCD_sendData)
                  00006520    00000040     driverlib.lib : ddi.obj (.text:NOROM_DDI16BitfieldRead)
                  00006560    00000040     RFCC26XX_singleMode.obj (.text:RF_getRssi)
                  000065a0    00000040     rtsv7M3_T_le_eabi.lib : u_divt2.obj (.text)
                  000065e0    0000003e     lcd.aem3 : LCDDogm1286.oem3 (.text:LCD_bufferClear)
                  0000661e    0000003e     icall_api.obj (.text:hciSendParamsCmd$17)
                  0000665c    0000003c     icall_api.obj (.text:GAP_GetParamValue)
                  00006698    0000003c     icall_api.obj (.text:GATTServApp_RegisterService)
                  000066d4    0000003c     icall_cc2650.obj (.text:ICallPlatform_pwrConfigACAction)
                  00006710    0000003c     lcd.aem3 : LCDDogm1286.oem3 (.text:LCD_close)
                  0000674c    0000003c              : LCDDogm1286.oem3 (.text:LCD_gotoXY)
                  00006788    0000003c     driverlib.lib : osc.obj (.text:NOROM_OSC_HPOSCRelativeFrequencyOffsetGet)
                  000067c4    0000003c                   : rfc.obj (.text:NOROM_RFCSynthPowerDown)
                  00006800    0000003c     PINCC26XX.obj (.text:PINCC26XX_getConfig)
                  0000683c    0000003c     RFCC26XX_singleMode.obj (.text:RF_runCmd)
                  00006878    0000003c     SPICC26XXDMA.obj (.text:SPICC26XXDMA_csnCallback$9)
                  000068b4    0000003c     simple_peripheral.obj (.text:SimpleBLEPeripheral_createTask)
                  000068f0    0000003c     RFCC26XX_singleMode.obj (.text:postDirImmCmd$7)
                  0000692c    0000003c     icall_api.obj (.text:profileSetParameter$17)
                  00006968    0000003c     icall_api.obj (.text:sendWaitMatchCS$17)
                  000069a4    0000003c     icall_api.obj (.text:sendWaitMatchValueCS$17)
                  000069e0    00000038     icall_api.obj (.text:GAPBondMgr_LinkEst)
                  00006a18    00000038     icall.obj (.text:ICall_primGetMaxMSecs$14)
                  00006a50    00000038     util.obj (.text:Util_restartClock)
                  00006a88    00000038     icall_api.obj (.text:linkDB_NumActive)
                  00006ac0    00000038     icall_api.obj (.text:linkDB_NumConns)
                  00006af8    00000038     icall_api.obj (.text:registerTask$17)
                  00006b30    00000038     rom_sysbios.aem3 : rom_sysbios.obj (.text:ti_sysbios_family_arm_cc26xx_Timer_getCurrentTick__E)
                  00006b68    00000036     UDMACC26XX.obj (.text:UDMACC26XX_close)
                  00006b9e    00000036     RFCC26XX_singleMode.obj (.text:updateImplicitState$7)
                  00006bd4    00000034     icall_api.obj (.text:GAPBondMgr_SetParameter)
                  00006c08    00000034     icall_api.obj (.text:GAP_SetParamValue)
                  00006c3c    00000034     icall.obj (.text:ICall_primEntityId2ServiceId$14)
                  00006c70    00000034     icall.obj (.text:ICall_primFetchMsg$14)
                  00006ca4    00000034     icall.obj (.text:ICall_primRegisterISR$14)
                  00006cd8    00000034     icall.obj (.text:ICall_primRegisterISR_Ext$14)
                  00006d0c    00000034     icall.obj (.text:ICall_searchServiceEntity)
                  00006d40    00000034     driverlib.lib : ddi.obj (.text:NOROM_DDI32RegWrite)
                  00006d74    00000034                   : osc.obj (.text:NOROM_OSCHF_SwitchToRcOscTurnOffXosc)
                  00006da8    00000034     PINCC26XX.obj (.text:PIN_setOutputValue)
                  00006ddc    00000034     drivers_cc26xxware.aem3 : PowerCC26XX.oem3 (.text:PowerCC26XX_isStableXOSC_HF)
                  00006e10    00000034     RFCC26XX_singleMode.obj (.text:Q_push$7)
                  00006e44    00000034     icall_api.obj (.text:linkDB_GetInfo)
                  00006e78    00000034     icall_api.obj (.text:osal_snv_read)
                  00006eac    00000034     icall_api.obj (.text:osal_snv_write)
                  00006ee0    00000034     icall_api.obj (.text:profileAddService$17)
                  00006f14    00000032     icall_api.obj (.text:gapSendParamsCmd$17)
                  00006f46    00000032     icall_api.obj (.text:gapSendPtrParamsCmd$17)
                  00006f78    00000032     icall_api.obj (.text:matchGapSetGetParamCS$17)
                  00006faa    00000032     icall_api.obj (.text:matchGattCmdStatus$17)
                  00006fdc    00000032     icall_api.obj (.text:matchUtilNvCS$17)
                  0000700e    00000032     rom_sysbios.aem3 : rom_sysbios.obj (.text:ti_sysbios_family_arm_cc26xx_Timer_setNextTick__E)
                  00007040    00000030     icall_cc2650.obj (.text:ICallPlatform_pwrNotify$15)
                  00007070    00000030     icall_cc2650.obj (.text:ICallPlatform_pwrRegisterNotify)
                  000070a0    00000030     icall.obj (.text:ICall_msecs2Ticks$14)
                  000070d0    00000030     icall.obj (.text:ICall_searchTask$14)
                  00007100    00000030     driverlib.lib : setup.obj (.text:NOROM_SetupSetAonRtcSubSecInc)
                  00007130    00000030                   : trng.obj (.text:NOROM_TRNGConfigure)
                  00007160    00000030     PINCC26XX.obj (.text:PIN_setInterrupt)
                  00007190    00000030     drivers_cc26xxware.aem3 : PowerCC26XX.oem3 (.text:Power_releaseConstraint)
                  000071c0    00000030                             : PowerCC26XX.oem3 (.text:Power_setConstraint)
                  000071f0    00000030     SPI.obj (.text:SPI_open)
                  00007220    00000030     app_ble_pem3.oem3 (.text:ti_sysbios_BIOS_atExitFunc__I)
                  00007250    00000030     app_ble_pem3.oem3 (.text:ti_sysbios_BIOS_startFunc__I)
                  00007280    00000030     rom_sysbios.aem3 : rom_sysbios.obj (.text:ti_sysbios_family_arm_cc26xx_Timer_initDevice__I)
                  000072b0    00000030                      : rom_sysbios.obj (.text:ti_sysbios_family_arm_cc26xx_Timer_setThreshold__I)
                  000072e0    0000002f                      : rom_sysbios.obj (.text:xdc_runtime_Text_printVisFxn__I)
                  0000730f    00000001     --HOLE-- [fill = 0]
                  00007310    0000002e     icall_cc2650.obj (.text:ICallPlatform_pwrDispenseImpl$15)
                  0000733e    0000002e     icall_cc2650.obj (.text:ICallPlatform_pwrRequireImpl$15)
                  0000736c    0000002e     simple_peripheral.obj (.text:ICall_fetchServiceMsg$0)
                  0000739a    0000002e     peripheral.obj (.text:ICall_fetchServiceMsg$21)
                  000073c8    0000002e     icall.obj (.text:ICall_msgDequeue$14)
                  000073f6    0000002e     icall_api.obj (.text:matchProfileAddServiceCS$17)
                  00007424    0000002c     icall_api.obj (.text:GAPBondMgr_Register)
                  00007450    0000002c     icall_api.obj (.text:HCI_EXT_ConnEventNoticeCmd)
                  0000747c    0000002c     icall.obj (.text:ICall_heapFree)
                  000074a8    0000002c     simple_gatt_profile.obj (.text:ICall_malloc$22)
                  000074d4    0000002c     icall.obj (.text:ICall_msgEnqueue$14)
                  00007500    0000002c     icall.obj (.text:ICall_primAllocMsg$14)
                  0000752c    0000002c     icall.obj (.text:ICall_primFetchServiceMsg$14)
                  00007558    0000002c     icall_api.obj (.text:ICall_sendServiceMsg$17)
                  00007584    0000002c     driverlib.lib : setup.obj (.text:NOROM_SetupGetTrimForRadcExtCfg)
                  000075b0    0000002c     PINCC26XX.obj (.text:PINCC26XX_setMux)
                  000075dc    0000002c     PINCC26XX.obj (.text:PIN_setConfig)
                  00007608    0000002c     RFCC26XX_singleMode.obj (.text:getCmd$7)
                  00007634    0000002c     icall_api.obj (.text:hciSendCmd$17)
                  00007660    0000002c     rom_sysbios.aem3 : rom_sysbios.obj (.text:ti_sysbios_knl_Clock_getTicksUntilInterrupt__E)
                  0000768c    0000002a     DisplayDogm1286.obj (.text:DisplayDogm1286_clearLines)
                  000076b6    0000002a     icall_api.obj (.text:ICall_waitMatch$17)
                  000076e0    0000002a     TRNGCC26XX.obj (.text:TRNGCC26XX_isParamValid)
                  0000770a    0000002a     util.obj (.text:Util_enqueueMsg)
                  00007734    0000002a     icall_api.obj (.text:matchProfileCS$17)
                  0000775e    0000002a     rom_sysbios.aem3 : rom_sysbios.obj (.text:xdc_runtime_System_putchar__I)
                  00007788    00000028     gattservapp_util.obj (.text:GATTServApp_WriteCharCfg)
                  000077b0    00000028     icall.obj (.text:ICall_init)
                  000077d8    00000028     icall.obj (.text:ICall_msgPrepend$14)
                  00007800    00000028     simple_peripheral.obj (.text:ICall_registerApp$0)
                  00007828    00000028     peripheral.obj (.text:ICall_registerApp$21)
                  00007850    00000028     lcd.aem3 : LCDDogm1286.oem3 (.text:LCD_sendArray)
                  00007878    00000028     driverlib.lib : aon_batmon.obj (.text:NOROM_AONBatMonTemperatureGetDegC)
                  000078a0    00000028     PINCC26XX.obj (.text:PINCC26XX_getPinCount)
                  000078c8    00000028     drivers_cc26xxware.aem3 : PowerCC26XX.oem3 (.text:PowerCC26XX_switchXOSC_HF)
                  000078f0    00000028                             : PowerCC26XX.oem3 (.text:Power_registerNotify)
                  00007918    00000028     SPICC26XXDMA.obj (.text:SPICC26XXDMA_flushFifos$9)
                  00007940    00000028     driverlib.lib : adi.obj (.text:SafeHapiVoid)
                  00007968    00000028     simple_gatt_profile.obj (.text:SimpleProfile_AddService)
                  00007990    00000028     TRNGCC26XX.obj (.text:TRNGCC26XX_init)
                  000079b8    00000028     RFCC26XX_singleMode.obj (.text:clkPowerUpFxn$7)
                  000079e0    00000028     gattservapp_util.obj (.text:gattServApp_FindCharCfgItem$20)
                  00007a08    00000028     rom_sysbios.aem3 : rom_sysbios.obj (.text:ti_sysbios_family_arm_cc26xx_Timer_getMaxTicks__E)
                  00007a30    00000026     drivers_cc26xxware.aem3 : List.oem3 (.text:List_put)
                  00007a56    00000024     icall_api.obj (.text:GAPBondMgr_LinkTerm)
                  00007a7a    00000002     rom_sysbios.aem3 : rom_sysbios.obj (.text:xdc_runtime_SysCallback_defaultExit)
                  00007a7c    00000024     gattservapp_util.obj (.text:GATTServApp_FindAttr)
                  00007aa0    00000024     icall_api.obj (.text:ICall_getLocalMsgEntityId$17)
                  00007ac4    00000024     icall_api.obj (.text:ICall_threadServes$17)
                  00007ae8    00000024     simple_peripheral.obj (.text:SimpleBLEPeripheral_enqueueMsg$0)
                  00007b0c    00000024     drivers_cc26xxware.aem3 : PowerCC26XX_calibrateRCOSC.oem3 (.text:getTdcSemaphore)
                  00007b30    00000024     RFCC26XX_singleMode.obj (.text:hwiFxnCpe0PowerFsm$7)
                  00007b54    00000024     app_ble_pem3.oem3 (.text:ti_sysbios_BIOS_registerRTSLock__I)
                  00007b78    00000024     app_ble_pem3.oem3 (.text:ti_sysbios_BIOS_removeRTSLock__I)
                  00007b9c    00000022     Display.obj (.text:Display_doPut5)
                  00007bbe    00000022     icall.obj (.text:ICall_dispatch$14)
                  00007be0    00000022     util.obj (.text:ICall_malloc$1)
                  00007c02    00000002     rom_sysbios.aem3 : rom_sysbios.obj (.text:xdc_runtime_SysCallback_defaultPutch)
                  00007c04    00000020     gattservapp_util.obj (.text:GATTServApp_InitCharCfg)
                  00007c24    00000020     icall_api.obj (.text:GATT_bm_alloc)
                  00007c44    00000020     icall_api.obj (.text:ICall_allocMsg$17)
                  00007c64    00000020     icall_api.obj (.text:ICall_getEntityId$17)
                  00007c84    00000020     simple_peripheral.obj (.text:ICall_malloc$0)
                  00007ca4    00000020     icall.obj (.text:ICall_primService$14)
                  00007cc4    00000020     icall.obj (.text:ICall_searchService$14)
                  00007ce4    00000020     driverlib.lib : rfc.obj (.text:NOROM_RFCDoorbellSendTo)
                  00007d04    00000020                   : rfc.obj (.text:NOROM_RFCRfTrimRead)
                  00007d24    00000020                   : setup.obj (.text:NOROM_SetupGetTrimForXoscHfCtl)
                  00007d44    00000020     drivers_cc26xxware.aem3 : PowerCC26XX.oem3 (.text:Power_unregisterNotify)
                  00007d64    00000020     UDMACC26XX.obj (.text:UDMACC26XX_initHw$13)
                  00007d84    00000020     RFCC26XX_singleMode.obj (.text:allocCmd$7)
                  00007da4    00000020     app_ble_pem3.oem3 (.text:ti_sysbios_BIOS_rtsLock__I)
                  00007dc4    00000020     rom_sysbios.aem3 : rom_sysbios.obj (.text:ti_sysbios_knl_Clock_stop__E)
                  00007de4    00000020                      : rom_sysbios.obj (.text:xdc_runtime_Registry_findById__E)
                  00007e04    0000001e     DisplayDogm1286.obj (.text:DisplayDogm1286_close)
                  00007e22    0000001e     icall.obj (.text:ICall_primSendServiceMsg$14)
                  00007e40    0000001e     PINCC26XX.obj (.text:PIN_close)
                  00007e5e    0000001e     drivers_cc26xxware.aem3 : PowerCC26XX.oem3 (.text:Power_getTransitionLatency)
                  00007e7c    0000001e     icall_api.obj (.text:matchHciCS$17)
                  00007e9a    0000001e     icall_api.obj (.text:waitMatchCS$17)
                  00007eb8    0000001c     DisplayDogm1286.obj (.text:DisplayDogm1286_clear)
                  00007ed4    0000001c     peripheral.obj (.text:GAPRole_StartDevice)
                  00007ef0    0000001c     icall_api.obj (.text:GATT_bm_free)
                  00007f0c    0000001c     icall.obj (.text:ICall_initPrim$14)
                  00007f28    0000001c     simple_peripheral.obj (.text:ICall_wait$0)
                  00007f44    0000001c     peripheral.obj (.text:ICall_wait$21)
                  00007f60    0000001c     lcd.aem3 : LCDDogm1286.oem3 (.text:LCD_bufferPrintString)
                  00007f7c    0000001c     driverlib.lib : osc.obj (.text:NOROM_OSCClockSourceGet)
                  00007f98    0000001c                   : setup.obj (.text:NOROM_SetupGetTrimForAmpcompTh2)
                  00007fb4    0000001c                   : setup.obj (.text:NOROM_SetupGetTrimForRcOscLfRtuneCtuneTrim)
                  00007fd0    0000001c     PINCC26XX.obj (.text:PINCC26XX_setIoCfgMux$6)
                  00007fec    0000001c     PINCC26XX.obj (.text:PIN_hwi$6)
                  00008008    0000001c     RFCC26XX_singleMode.obj (.text:RF_runDirectCmd)
                  00008024    0000001c     RFCC26XX_singleMode.obj (.text:RF_runImmediateCmd)
                  00008040    0000001c     TRNGCC26XX.obj (.text:TRNGCC26XX_open)
                  0000805c    0000001c     peripheral.obj (.text:gapRole_HandleParamUpdateNoSuccess$21)
                  00008078    0000001c     icall_api.obj (.text:getStatusValueFromErrNo$17)
                  00008094    0000001c     TRNGCC26XX.obj (.text:openTRNG)
                  000080b0    0000001c     rom_sysbios.aem3 : rom_sysbios.obj (.text:ti_sysbios_family_arm_cc26xx_Timer_dynamicStub__E)
                  000080cc    0000001a     icall.obj (.text:ICall_enterCSImpl)
                  000080e6    0000001a     icall.obj (.text:ICall_primSetTimerMSecs$14)
                  00008100    0000001a     drivers_cc26xxware.aem3 : List.oem3 (.text:List_remove)
                  0000811a    0000001a     simple_peripheral.obj (.text:SimpleBLEPeripheral_processAppMsg$0)
                  00008134    0000001a     util.obj (.text:Util_dequeueMsg)
                  0000814e    0000001a     icall_api.obj (.text:matchGattIndNotiCS$17)
                  00008168    0000001a     rom_sysbios.aem3 : rom_sysbios_config.obj (.text:xdc_runtime_System_snprintf__E)
                  00008182    00000002     --HOLE-- [fill = 0]
                  00008184    00000018     peripheral.obj (.text:GAPRole_TerminateConnection)
                  0000819c    00000018     icall_api.obj (.text:GATT_Notification)
                  000081b4    00000018     icall_cc2650.obj (.text:ICallPlatform_pwrDispense)
                  000081cc    00000018     icall_cc2650.obj (.text:ICallPlatform_pwrRequire)
                  000081e4    00000018     simple_peripheral.obj (.text:ICall_free$0)
                  000081fc    00000018     util.obj (.text:ICall_free$1)
                  00008214    00000018     simple_peripheral.obj (.text:ICall_freeMsg$0)
                  0000822c    00000018     icall.obj (.text:ICall_freeMsg$14)
                  00008244    00000018     icall_api.obj (.text:ICall_freeMsg$17)
                  0000825c    00000018     peripheral.obj (.text:ICall_freeMsg$21)
                  00008274    00000018     icall.obj (.text:ICall_primMalloc$14)
                  0000828c    00000018     driverlib.lib : aon_rtc.obj (.text:NOROM_AONRTCCurrentCompareValueGet)
                  000082a4    00000018                   : chipinfo.obj (.text:NOROM_ChipInfo_GetPackageType)
                  000082bc    00000018                   : osc.obj (.text:NOROM_OSCHF_TurnOnXosc)
                  000082d4    00000018                   : rfc.obj (.text:NOROM_RFCCpeIntGetAndClear)
                  000082ec    00000018                   : setup.obj (.text:NOROM_SetupGetTrimForAdcShModeEn)
                  00008304    00000018                   : setup.obj (.text:NOROM_SetupGetTrimForAdcShVbufEn)
                  0000831c    00000018                   : setup.obj (.text:NOROM_SetupGetTrimForAmpcompTh1)
                  00008334    00000018                   : setup.obj (.text:NOROM_SetupGetTrimForDblrLoopFilterResetVoltage)
                  0000834c    00000018                   : setup.obj (.text:NOROM_SetupGetTrimForRcOscLfIBiasTrim)
                  00008364    00000018                   : setup.obj (.text:NOROM_SetupGetTrimForXoscLfRegulatorAndCmirrwrRatio)
                  0000837c    00000018     PINCC26XX.obj (.text:PIN_getConfig)
                  00008394    00000018     drivers_cc26xxware.aem3 : PowerCC26XX.oem3 (.text:Power_idleFunc)
                  000083ac    00000018     RFCC26XX_singleMode.obj (.text:Q_pop$7)
                  000083c4    00000018     simple_peripheral.obj (.text:SimpleBLEPeripheral_performPeriodicTask$0)
                  000083dc    00000018     util.obj (.text:Util_constructQueue)
                  000083f4    00000018     drivers_cc26xxware.aem3 : PowerCC26XX.oem3 (.text:configureRFCoreClocks)
                  0000840c    00000018     peripheral.obj (.text:gapRole_setEvent$21)
                  00008424    00000018     rtsv7M3_T_le_eabi.lib : args_main.obj (.text)
                  0000843c    00000018                           : ll_mul_t2.obj (.text)
                  00008454    00000018     RFCC26XX_singleMode.obj (.text:swiFxnFsm$7)
                  0000846c    00000018     app_ble_pem3.oem3 (.text:ti_sysbios_BIOS_rtsUnlock__I)
                  00008484    00000018     rom_sysbios.aem3 : rom_sysbios.obj (.text:ti_sysbios_knl_Swi_or__E)
                  0000849c    00000018     app_ble_pem3.oem3 (.text:ti_sysbios_rom_cortexm_cc26xx_CC26xx_checkRevision__E)
                  000084b4    00000016     icall.obj (.text:ICall_abort$14)
                  000084ca    00000016     icall.obj (.text:ICall_leaveCSImpl)
                  000084e0    00000016     icall.obj (.text:ICall_primStopTimer$14)
                  000084f6    00000016     ble_user_config.obj (.text:driverTable_fnSpinlock)
                  0000850c    00000016     app_ble_pem3.oem3 (.text:ti_sysbios_BIOS_exitFunc__I)
                  00008522    00000002     --HOLE-- [fill = 0]
                  00008524    00000014     devinfoservice.obj (.text:DevInfo_AddService)
                  00008538    00000014     lcd.aem3 : LCDDogm1286.oem3 (.text:LCD_Params_init)
                  0000854c    00000014     driverlib.lib : aon_rtc.obj (.text:NOROM_AONRTCCurrent64BitValueGet)
                  00008560    00000014                   : chipinfo.obj (.text:NOROM_ThisCodeIsBuiltForCC26xxHwRev22AndLater_HaltIfViolated)
                  00008574    00000014     RFCC26XX_singleMode.obj (.text:RF_Params_init)
                  00008588    00000014     SPI.obj (.text:SPI_Params_init)
                  0000859c    00000014     simple_peripheral.obj (.text:SimpleBLEPeripheral_clockHandler$0)
                  000085b0    00000014     simple_gatt_profile.obj (.text:SimpleProfile_RegisterAppCBs)
                  000085c4    00000014     rtsv7M3_T_le_eabi.lib : _lock.obj (.text)
                  000085d8    00000014                           : strlen.obj (.text)
                  000085ec    00000014     icall_api.obj (.text:setICallCmdEvtHdr$17)
                  00008600    00000014     app_ble_pem3.oem3 (.text:ti_sysbios_knl_Clock_doTick__I)
                  00008614    00000012     lcd.aem3 : LCDDogm1286_util.oem3 (.text:LCD_getStringLength)
                  00008626    00000012              : LCDDogm1286.oem3 (.text:LCD_update)
                  00008638    00000012     RFCC26XX_singleMode.obj (.text:RF_getCmdOp)
                  0000864a    00000012     app_ble_pem3.oem3 (.text:xdc_runtime_Startup_exec__I)
                  0000865c    00000010     devinfoservice.obj (.text:DevInfo_SetParameter)
                  0000866c    00000010     RFCC26XX_singleMode.obj (.text:FsmDispatch$7)
                  0000867c    00000010     icall_api.obj (.text:GAP_EndDiscoverable)
                  0000868c    00000010     gattservapp_util.obj (.text:GATTServApp_ReadCharCfg)
                  0000869c    00000010     icall_api.obj (.text:HCI_LE_ReadMaxDataLenCmd)
                  000086ac    00000010     icall_cc2650.obj (.text:ICallPlatform_pwrGetXOSCStartupTime)
                  000086bc    00000010     icall.obj (.text:ICall_primGetTickPeriod$14)
                  000086cc    00000010     icall.obj (.text:ICall_taskEntry$14)
                  000086dc    00000010     driverlib.lib : rfc.obj (.text:NOROM_RFCRfTrimSet)
                  000086ec    00000010                   : setup.obj (.text:NOROM_SetupGetTrimForXoscHfFastStart)
                  000086fc    00000010                   : setup.obj (.text:NOROM_SetupGetTrimForXoscHfIbiastherm)
                  0000870c    00000010     ble_user_config.obj (.text:RegisterAssertCback)
                  0000871c    00000010     util.obj (.text:Util_isActive)
                  0000872c    00000010     rom_sysbios.aem3 : rom_sysbios.obj (.text:ti_sysbios_family_arm_m3_Hwi_post__E)
                  0000873c    00000010                      : rom_sysbios.obj (.text:xdc_runtime_SysCallback_putch__E)
                  0000874c    00000010                      : rom_sysbios.obj (.text:xdc_runtime_SysCallback_ready__E)
                  0000875c    00000010                      : rom_sysbios.obj (.text:xdc_runtime_System_vsnprintf__E)
                  0000876c    0000000e     icall_cc2650.obj (.text:ICallPlatform_pwrGetTransitionState)
                  0000877a    0000000e     icall_cc2650.obj (.text:ICallPlatform_pwrIsStableXOSCHF)
                  00008788    0000000e     icall.obj (.text:ICall_primDisableMInt$14)
[...]
1001c2b9  ti_sysbios_knl_Clock_destruct                                             
1001c2bd  ti_sysbios_knl_Clock_removeI__E                                           
1001c2c1  ti_sysbios_knl_Clock_setTimeout__E                                        
1001c2c5  ti_sysbios_knl_Mailbox_delete                                             
1001c2c9  ti_sysbios_knl_Mailbox_destruct                                           
1001c2cd  ti_sysbios_knl_Queue_delete                                               
1001c2d1  ti_sysbios_knl_Queue_destruct                                             
1001c2d5  ti_sysbios_knl_Queue_head__E                                              
1001c2d9  ti_sysbios_knl_Queue_next__E                                              
1001c2dd  ti_sysbios_knl_Semaphore_delete                                           
1001c2e1  ti_sysbios_knl_Semaphore_destruct                                         
1001c2e5  ti_sysbios_knl_Swi_delete                                                 
1001c2e9  ti_sysbios_knl_Swi_destruct                                               
1001c2ed  ti_sysbios_knl_Swi_postInit__I                                            
1001c2f1  ti_sysbios_knl_Task_SupportProxy_Module__startupDone__S                   
1001c2f5  ti_sysbios_knl_Task_SupportProxy_getStackAlignment__E                     
1001c2f9  ti_sysbios_knl_Task_SupportProxy_start__E                                 
1001c2fd  ti_sysbios_knl_Task_SupportProxy_swap__E                                  
1001c301  ti_sysbios_knl_Task_delete                                                
1001c305  ti_sysbios_knl_Task_destruct                                              
1001c309  ti_sysbios_knl_Task_startup__E                                            
1001c30d  xdc_runtime_Startup_startMods__I                                          
1001c405  xdc_runtime_Core_createObject__I                                          
1001c487  xdc_runtime_Error_policySpin__E                                           
1001c489  xdc_runtime_Memory_alloc__E                                               
1001c4f9  xdc_runtime_Core_deleteObject__I                                          
1001c559  xdc_runtime_Startup_exec__E                                               
1001c5a9  xdc_runtime_Assert_raise__I                                               
1001c5f1  xdc_runtime_Core_assignParams__I                                          
1001c639  xdc_runtime_Core_constructObject__I                                       
1001c681  xdc_runtime_System_atexit__E                                              
1001c6b9  xdc_runtime_System_processAtExit__E                                       
1001c6ed  xdc_runtime_Core_assignLabel__I                                           
1001c71d  xdc_runtime_Text_cordText__E                                              
1001c749  xdc_runtime_System_abort__E                                               
1001c769  xdc_runtime_Error_raiseX__E                                               
1001c785  xdc_runtime_Memory_valloc__E                                              
1001c7a1  xdc_runtime_Core_destructObject__I                                        
1001c7b9  xdc_runtime_Error_check__E                                                
1001c7d1  xdc_runtime_System_exit__E                                                
1001c7e9  xdc_runtime_Text_ropeText__E                                              
1001c801  xdc_runtime_Memory_free__E                                                
1001c811  xdc_runtime_SysCallback_abort__E                                          
1001c821  xdc_runtime_SysCallback_exit__E                                           
1001c831  xdc_runtime_Timestamp_SupportProxy_get32__E                               
1001c831  xdc_runtime_Timestamp_get32__E                                            
1001c841  xdc_runtime_Error_init__E                                                 
1001c84d  xdc_runtime_Memory_calloc__E                                              
1001c859  xdc_runtime_Memory_getMaxDefaultTypeAlign__E                              
1001c879  xdc_runtime_Gate_leaveSystem__E                                           
1001c87f  xdc_runtime_System_Module_startup__E                                      
1001c885  xdc_runtime_Gate_enterSystem__E                                           
1001c889  xdc_runtime_Memory_HeapProxy_alloc__E                                     
1001c88d  xdc_runtime_Memory_HeapProxy_free__E                                      
1001c891  xdc_runtime_System_Module_GateProxy_enter__E                              
1001c895  xdc_runtime_System_Module_GateProxy_leave__E                              
1001c899  xdc_runtime_System_abortSpin__E                                           
1001c89b  xdc_runtime_System_exitSpin__E                                            
1001c89d  ti_sysbios_family_arm_m3_Hwi_dispatch__I                                  
1001c96d  ti_sysbios_family_arm_m3_TaskSupport_buildTaskStack                       
1001c9b9  ti_sysbios_family_arm_m3_Hwi_initStacks__E                                
1001ca01  ti_sysbios_family_arm_m3_Hwi_excHandlerAsm__I                             
1001ca21  ti_sysbios_family_xxx_Hwi_switchAndRunFunc                                
1001ca3f  ti_sysbios_family_arm_m3_Hwi_pendSV__I                                    
1001ca57  ti_sysbios_family_arm_m3_Hwi_return                                       
1001ca59  ti_sysbios_family_arm_m3_TaskSupport_glue                                 
1001ca69  ti_sysbios_family_arm_m3_TaskSupport_swap__E                              
1001ca71  ti_sysbios_knl_Task_swapReturn                                            
1001ca9b  ti_sysbios_rom_cortexm_cc26xx_CC26xx_getRevision__E                       
20000000  ti_sysbios_family_arm_m3_Hwi_ramVectors                                   
20000100  ti_sysbios_knl_Task_Module__state__V                                      
20000144  ti_sysbios_family_arm_m3_Hwi_Module__state__V                             
20000178  ti_sysbios_knl_Clock_Module__state__V                                     
200001a4  ti_sysbios_BIOS_Module__state__V                                          
200001c8  ti_sysbios_knl_Swi_Module__state__V                                       
200001e4  ti_sysbios_family_arm_cc26xx_Timer_Module__state__V                       
200001ec  ti_sysbios_family_arm_cc26xx_TimestampProvider_Module__state__V           
200001f0  xdc_runtime_Startup_Module__state__V                                      
200001f8  xdc_runtime_System_Module__state__V                                       
20000200  xdc_runtime_Memory_Module__state__V                                       
20000524  dispHandle                                                                
200005b0  sbpTask                                                                   
20000600  sbpTaskStack                                                              
20000884  linkDBNumConns                                                            
20000998  gapRoleTask                                                               
200009e8  gapRoleTaskStack                                                          
200010c8  PowerCC26XX_module                                                        
200011d8  ICall_dispatcher                                                          
200011e0  ICall_enterCriticalSection                                                
200011e4  ICall_leaveCriticalSection                                                
200011fc  HEAPMGR_SIZE                                                              
2000126c  rfRegTbl                                                                  
200012bc  ti_sysbios_knl_Task_Object__table__V                                      
20001308  ti_sysbios_family_arm_cc26xx_Timer_Object__table__V                       
20001350  ti_sysbios_gates_GateMutex_Object__table__V                               
20001388  ti_sysbios_knl_Swi_Module_State_0_readyQ__A                               
200013b8  ti_sysbios_knl_Swi_Object__table__V                                       
200013e8  ti_sysbios_knl_Task_Module_State_0_readyQ__A                              
20001418  user0Cfg                                                                  
20001448  ti_sysbios_knl_Clock_Object__table__V                                     
20001468  ti_sysbios_family_arm_m3_Hwi_Object__table__V                             
20001480  ti_sysbios_heaps_HeapMem_Object__table__V                                 
200014ee  ti_sysbios_family_arm_m3_Hwi_Module_State_0_excActive__A                  
200014f0  __TI_cleanup_ptr                                                          
200014f4  __TI_dtors_ptr                                                            
200014f8  __TI_enable_exit_profile_output                                           
200014fc  lastAppOpcodeSent                                                         
20001500  pfnBMAlloc                                                                
20001504  pfnBMFree                                                                 
20001514  _lock                                                                     
20001518  _unlock                                                                   
20001524  ti_sysbios_family_arm_m3_Hwi_Module__root__V                              
2000152c  ti_sysbios_gates_GateHwi_Module__root__V                                  
20001534  ti_sysbios_gates_GateMutex_Module__root__V                                
2000153c  ti_sysbios_hal_Hwi_Module__root__V                                        
20001544  ti_sysbios_heaps_HeapMem_Module__root__V                                  
2000154c  ti_sysbios_knl_Clock_Module__root__V                                      
20001554  ti_sysbios_knl_Mailbox_Module__root__V                                    
2000155c  ti_sysbios_knl_Queue_Module__root__V                                      
20001564  ti_sysbios_knl_Semaphore_Module__root__V                                  
2000156c  ti_sysbios_knl_Swi_Module__root__V                                        
20001574  ti_sysbios_knl_Task_Module__root__V                                       
2000157c  xdc_runtime_Registry_Module__state__V                                     
20001590  appAssertCback                                                            
20001594  main_func_sp                                                              
20001598  ti_sysbios_family_arm_m3_Hwi_Module_State_0_excContext__A                 
2000159c  ti_sysbios_family_arm_m3_Hwi_Module_State_0_excStack__A                   
200015a0  ti_sysbios_knl_Task_Module_State_0_idleTask__A                            
200015a8  ti_sysbios_heaps_HeapMem_Instance_State_0_buf__A                          
20001c28  displayDogm1286Object                                                     
20002080  ti_sysbios_knl_Task_Instance_State_0_stack__A                             
20002280  spiCC26XXDMAObjects                                                       
20002438  PIN_NumPins                                                               
200024cc  PIN_HandleTable                                                           
20002548  ti_sysbios_family_arm_m3_Hwi_dispatchTable                                
20002610  lcdObject                                                                 
20002640  udmaObjects                                                               
200026a4  trngCC26XXObjects                                                         
200026a8  driverlib_release_0_46593                                                 
200026a9  heapStart                                                                 
20003f48  __stack                                                                   
20003f48  heapEnd                                                                   
20004348  __STACK_END                                                               
20004348  __STACK_TOP                                                               
20004f2c  A4_rw                                                                     
20004f2c  COMMON_RAM_BASE_ADDR                                                      
20004f40  P2_rw                                                                     
20004f40  P2_s0                                                                     
20004f40  eccRom_windowSize                                                         
20004f44  eccRom_workzone                                                           
20004f48  eccRom_param_p                                                            
20004f4c  eccRom_param_r                                                            
20004f50  eccRom_param_a                                                            
20004f54  inScalar                                                                  
20004f58  inPointX                                                                  
20004f5c  inPointY                                                                  
20004f60  outPointX                                                                 
20004f64  outPointY                                                                 
20004f68  SCAL                                                                      
20004f6c  EXPX                                                                      
20004f70  EXPY                                                                      
20004f74  EXPZ                                                                      
20004f78  EXPW                                                                      
20004f7c  ACCX                                                                      
20004f80  ACCY                                                                      
20004f84  ACCZ                                                                      
20004f88  TMP1                                                                      
20004f8c  TMP2                                                                      
20004f90  TMP3                                                                      
20004f94  TMP4                                                                      
20004f98  TMP5                                                                      
20004f9c  TMP6                                                                      
20004fa0  eccRom_param_Gx                                                           
20004fa4  eccRom_param_Gy                                                           
20004fa8  eccRom_param_b                                                            
20004fac  P2_zi                                                                     
20004fac  ratChanInfo                                                               
20004fcc  fwInfoCmd                                                                 
20004fd8  MSBMOD                                                                    
20004fdc  aux64                                                                     
20004fe4  MOD                                                                       
20004fe8  LEN                                                                       
20004ffc  pSspAesEncrypt_Sw                                                         
e000e000  ti_sysbios_family_arm_m3_Hwi_nvic                                         
ffffffff  __TI_pprof_out_hndl                                                       
ffffffff  __TI_prof_data_size                                                       
ffffffff  __TI_prof_data_start                                                      
ffffffff  __binit__                                                                 
ffffffff  __c_args__                                                                
ffffffff  binit                                                                     
UNDEFED   HwiP_restore                                                              
UNDEFED   SHT$$INIT_ARRAY$$Base                                                     
UNDEFED   SHT$$INIT_ARRAY$$Limit                                                    
UNDEFED   ti_sysbios_BIOS_RtsGateProxy_Handle__label__S__mangled__                  
UNDEFED   ti_sysbios_BIOS_RtsGateProxy_Object__delete__S__mangled__                 
UNDEFED   ti_sysbios_BIOS_RtsGateProxy_Params__init__S__mangled__                   
UNDEFED   ti_sysbios_BIOS_RtsGateProxy_query__E__mangled__                          
UNDEFED   ti_sysbios_hal_Hwi_HwiProxy_Module__startupDone__S__mangled__             
UNDEFED   ti_sysbios_hal_Hwi_HwiProxy_Object__delete__S__mangled__                  
UNDEFED   ti_sysbios_hal_Hwi_HwiProxy_Params__init__S__mangled__                    
UNDEFED   ti_sysbios_hal_Hwi_HwiProxy_disableInterrupt__E__mangled__                
UNDEFED   ti_sysbios_hal_Hwi_HwiProxy_enableInterrupt__E__mangled__                 
UNDEFED   ti_sysbios_hal_Hwi_HwiProxy_getStackInfo__E__mangled__                    
UNDEFED   ti_sysbios_hal_Hwi_HwiProxy_startup__E__mangled__                         
UNDEFED   ti_sysbios_hal_Hwi_HwiProxy_switchFromBootStack__E__mangled__             
UNDEFED   ti_sysbios_hal_Hwi_disableInterrupt__E                                    
UNDEFED   ti_sysbios_hal_Hwi_enableInterrupt__E                                     
UNDEFED   ti_sysbios_hal_Hwi_getStackInfo__E                                        
UNDEFED   ti_sysbios_hal_Hwi_startup__E                                             
UNDEFED   ti_sysbios_hal_Hwi_switchFromBootStack__E                                 
UNDEFED   ti_sysbios_heaps_HeapMem_Module_GateProxy_Handle__label__S__mangled__     
UNDEFED   ti_sysbios_heaps_HeapMem_Module_GateProxy_Object__delete__S__mangled__    
UNDEFED   ti_sysbios_heaps_HeapMem_Module_GateProxy_Params__init__S__mangled__      
UNDEFED   ti_sysbios_heaps_HeapMem_Module_GateProxy_query__E__mangled__             
UNDEFED   ti_sysbios_knl_Clock_TimerProxy_Module__startupDone__S__mangled__         
UNDEFED   ti_sysbios_knl_Clock_TimerProxy_startup__E__mangled__                     
UNDEFED   ti_sysbios_knl_Task_SupportProxy_Module__startupDone__S__mangled__        
UNDEFED   ti_sysbios_knl_Task_SupportProxy_getStackAlignment__E__mangled__          
UNDEFED   ti_sysbios_knl_Task_SupportProxy_start__E__mangled__                      
UNDEFED   ti_sysbios_knl_Task_SupportProxy_swap__E__mangled__                       
UNDEFED   xdc_runtime_Main_Module_GateProxy_Handle__label__S                        
UNDEFED   xdc_runtime_Main_Module_GateProxy_Object__delete__S                       
UNDEFED   xdc_runtime_Main_Module_GateProxy_query__E                                
UNDEFED   xdc_runtime_Memory_HeapProxy_Handle__label__S__mangled__                  
UNDEFED   xdc_runtime_Memory_HeapProxy_Object__delete__S__mangled__                 
UNDEFED   xdc_runtime_System_Module_GateProxy_Handle__label__S__mangled__           
UNDEFED   xdc_runtime_System_Module_GateProxy_Object__delete__S__mangled__          
UNDEFED   xdc_runtime_System_Module_GateProxy_query__E__mangled__                   
UNDEFED   xdc_runtime_System_SupportProxy_abort__E                                  
UNDEFED   xdc_runtime_System_SupportProxy_exit__E                                   
UNDEFED   xdc_runtime_Timestamp_SupportProxy_get64__E__mangled__                    
UNDEFED   xdc_runtime_Timestamp_SupportProxy_getFreq__E__mangled__                  
UNDEFED   xdc_runtime_Timestamp_get32__E                                            
UNDEFED   xdc_runtime_Timestamp_get64__E                                            
UNDEFED   xdc_runtime_Timestamp_getFreq__E                                          

[1134 symbols]
