###############################################################################
#
# IAR ELF Linker V8.20.2.14835/W32 for ARM                10/Feb/2018  23:06:42
# Copyright 2007-2017 IAR Systems AB.
#
#    Output file  =  
#        F:\PersonalProject\BLE-CC2541\BLE_Meeting\CC2640\examples\cc2650em\simple_peripheral\iar\stack\FlashROM\Exe\simple_peripheral_cc2650em_stack.out
#    Map file     =  
#        F:\PersonalProject\BLE-CC2541\BLE_Meeting\CC2640\examples\cc2650em\simple_peripheral\iar\stack\FlashROM\List\simple_peripheral_cc2650em_stack.map
#    Command line =  
#        -f C:\Users\DARREN~1\AppData\Local\Temp\EW5C5C.tmp
#        (F:\PersonalProject\BLE-CC2541\BLE_Meeting\CC2640\examples\cc2650em\simple_peripheral\iar\stack\FlashROM\Obj\ble_dispatch.o
#        F:\PersonalProject\BLE-CC2541\BLE_Meeting\CC2640\examples\cc2650em\simple_peripheral\iar\stack\FlashROM\Obj\ble_user_config.o
#        F:\PersonalProject\BLE-CC2541\BLE_Meeting\CC2640\examples\cc2650em\simple_peripheral\iar\stack\FlashROM\Obj\gap.o
#        F:\PersonalProject\BLE-CC2541\BLE_Meeting\CC2640\examples\cc2650em\simple_peripheral\iar\stack\FlashROM\Obj\gapbondmgr.o
#        F:\PersonalProject\BLE-CC2541\BLE_Meeting\CC2640\examples\cc2650em\simple_peripheral\iar\stack\FlashROM\Obj\gattservapp_util.o
#        F:\PersonalProject\BLE-CC2541\BLE_Meeting\CC2640\examples\cc2650em\simple_peripheral\iar\stack\FlashROM\Obj\hal_assert.o
#        F:\PersonalProject\BLE-CC2541\BLE_Meeting\CC2640\examples\cc2650em\simple_peripheral\iar\stack\FlashROM\Obj\hal_flash_wrapper.o
#        F:\PersonalProject\BLE-CC2541\BLE_Meeting\CC2640\examples\cc2650em\simple_peripheral\iar\stack\FlashROM\Obj\hal_trng_wrapper.o
#        F:\PersonalProject\BLE-CC2541\BLE_Meeting\CC2640\examples\cc2650em\simple_peripheral\iar\stack\FlashROM\Obj\icall_startup.o
#        F:\PersonalProject\BLE-CC2541\BLE_Meeting\CC2640\examples\cc2650em\simple_peripheral\iar\stack\FlashROM\Obj\npi.o
#        F:\PersonalProject\BLE-CC2541\BLE_Meeting\CC2640\examples\cc2650em\simple_peripheral\iar\stack\FlashROM\Obj\onboard.o
#        F:\PersonalProject\BLE-CC2541\BLE_Meeting\CC2640\examples\cc2650em\simple_peripheral\iar\stack\FlashROM\Obj\osal.o
#        F:\PersonalProject\BLE-CC2541\BLE_Meeting\CC2640\examples\cc2650em\simple_peripheral\iar\stack\FlashROM\Obj\osal_bufmgr.o
#        F:\PersonalProject\BLE-CC2541\BLE_Meeting\CC2640\examples\cc2650em\simple_peripheral\iar\stack\FlashROM\Obj\osal_cbtimer.o
#        F:\PersonalProject\BLE-CC2541\BLE_Meeting\CC2640\examples\cc2650em\simple_peripheral\iar\stack\FlashROM\Obj\osal_clock.o
#        F:\PersonalProject\BLE-CC2541\BLE_Meeting\CC2640\examples\cc2650em\simple_peripheral\iar\stack\FlashROM\Obj\osal_icall_ble.o
#        F:\PersonalProject\BLE-CC2541\BLE_Meeting\CC2640\examples\cc2650em\simple_peripheral\iar\stack\FlashROM\Obj\osal_memory_icall.o
#        F:\PersonalProject\BLE-CC2541\BLE_Meeting\CC2640\examples\cc2650em\simple_peripheral\iar\stack\FlashROM\Obj\osal_pwrmgr.o
#        F:\PersonalProject\BLE-CC2541\BLE_Meeting\CC2640\examples\cc2650em\simple_peripheral\iar\stack\FlashROM\Obj\osal_snv_wrapper.o
#        F:\PersonalProject\BLE-CC2541\BLE_Meeting\CC2640\examples\cc2650em\simple_peripheral\iar\stack\FlashROM\Obj\osal_timers.o
#        F:\PersonalProject\BLE-CC2541\BLE_Meeting\CC2640\examples\cc2650em\simple_peripheral\iar\stack\FlashROM\Obj\rom_jt.o
#        F:\PersonalProject\BLE-CC2541\BLE_Meeting\CC2640\examples\cc2650em\simple_peripheral\iar\stack\FlashROM\Obj\sm_ecc.o
#        -o
#        F:\PersonalProject\BLE-CC2541\BLE_Meeting\CC2640\examples\cc2650em\simple_peripheral\iar\stack\FlashROM\Exe\simple_peripheral_cc2650em_stack.out
#        --config_def FLASH_ROM_BUILD=1 --config_def CC2650=1 --map
#        F:\PersonalProject\BLE-CC2541\BLE_Meeting\CC2640\examples\cc2650em\simple_peripheral\iar\stack\FlashROM\List\simple_peripheral_cc2650em_stack.map
#        --config
#        F:\PersonalProject\BLE-CC2541\BLE_Meeting\CC2640\examples\cc2650em\simple_peripheral\iar\stack\..\..\..\..\..\src/common/cc26xx/iar/cc26xx_stack.icf
#        -f
#        F:\PersonalProject\BLE-CC2541\BLE_Meeting\CC2640\examples\cc2650em\simple_peripheral\iar\stack/../config/lib_linker.cmd
#        (F:\PersonalProject\BLE-CC2541\BLE_Meeting\CC2640\blelib\host\host_pxxx.a
#        F:\PersonalProject\BLE-CC2541\BLE_Meeting\CC2640\blelib\ctrl\cc2640\cc2640_ctrl_pxxx.a
#        F:\PersonalProject\BLE-CC2541\BLE_Meeting\CC2640\blelib\hci_tl\cc26xx\cc26xx_hci_tl_none.a)
#        --semihosting
#        F:\PersonalProject\BLE-CC2541\BLE_Meeting\CC2640\examples\cc2650em\simple_peripheral\iar\stack\..\..\..\..\..\src\rom/ble_rom_releases/04242014/ble_rom_patch.symbols
#        C:\ti\tirtos_cc13xx_cc26xx_2_20_01_08\products\cc26xxware_2_24_02_17393\driverlib\bin\iar\driverlib.lib
#        --entry startup_entry --vfe --text_out locale)
#
###############################################################################

*******************************************************************************
*** MESSAGES
***

Warning[Lt009]: Inconsistent wchar_t size
            att_server.o(host_pxxx.a) and 42 other objects in 22 different
                      libraries have wchar_t size 16 bits
            ble_dispatch.o and 32 other objects, some of them in rt7M_tl.a and
                      3 other libraries have wchar_t size 32 bits


*******************************************************************************
*** RUNTIME MODEL ATTRIBUTES
***

CppFlavor       = *
__SystemLibrary = DLib
__dlib_version  = 6


*******************************************************************************
*** HEAP SELECTION
***

The basic heap was selected because no calls to memory allocation
functions were found in the application outside of system library
functions, and there are calls to deallocation functions in the
application.


*******************************************************************************
*** RESERVED RANGES
***

Ranges reserved by absolute symbols:
   [0x10005000-0x10005003]
   [0x10005004-0x1000dffb]
   [0x1000dffc-0x1000dffd]
   [0x1000dffe-0x1000dfff]
   [0x10016975-0x10016976]
   [0x10016979-0x10016984]
   [0x10016985-0x10016a98]
   [0x10016a99-0x10016ae6]
   [0x10016af5-0x10016b56]
   [0x10016b79-0x10016c28]
   [0x10016c29-0x10016c42]
   [0x10016c45-0x10016c76]
   [0x10016c79-0x10016d02]
   [0x10016d05-0x10016d26]
   [0x10016d29-0x10016da0]
   [0x10016da1-0x10016dc6]
   [0x10016dc9-0x10016e8c]
   [0x10016e8d-0x10016ea0]
   [0x10016ea1-0x10016ed2]
   [0x10016ed5-0x10016f44]
   [0x10017365-0x100174ba]
   [0x100174fd-0x100175d0]
   [0x100175ed-0x10017674]
   [0x1001767d-0x10017754]
   [0x10017771-0x100177fa]
   [0x10017839-0x10017894]
   [0x10017895-0x100178f2]
   [0x100178f5-0x1001794e]
   [0x10018315-0x1001833a]
   [0x1001833d-0x10018366]
   [0x10018369-0x1001838e]
   [0x10018391-0x100183b6]
   [0x100183b9-0x100183c4]
   [0x10018485-0x100184a6]
   [0x100184a9-0x100184c2]
   [0x100184c5-0x100184cc]
   [0x100184cd-0x100184d0]
   [0x100184d1-0x100184d4]
   [0x100184d5-0x100184f8]
   [0x100184f9-0x10018546]
   [0x10018549-0x10018550]
   [0x10018551-0x100185e0]
   [0x100185e1-0x1001865c]
   [0x10018669-0x100186f6]
   [0x10018a19-0x10018a32]
   [0x10018a35-0x10018a4c]
   [0x10018a99-0x10018ac2]
   [0x10018ac5-0x10018aee]
   [0x10018b09-0x10018b0c]
   [0x200048e8-0x200048fb]
   [0x200048fc-0x20004f2b]
   [0x20004fac-0x20004fcb]
   [0x20004fcc-0x20004fd7]


*******************************************************************************
*** PLACEMENT SUMMARY
***

define block ENTRY with alignment = 4 { ro section EntrySection };
define block ROCODE { ro };
define block SNVSECT with alignment = 4K { ro section .snvSectors };
define block ROSTK { first block ENTRY, block ROCODE, last block SNVSECT };
"A0":  place at end of [from 0x00000000 to 0x0001efff] { block ROSTK };
define block RWDATA with alignment = 8 { rw };
"A1":  place at end of [from 0x20000000 to 0x200048e7] { block RWDATA };
initialize by copy with packing = packbits { rw };

  Section                Kind        Address    Size  Object
  -------                ----        -------    ----  ------
"A0":                                         0xf338
  ROSTK                           0x0000fcc8  0xf338  <Block>
    ENTRY                         0x0000fcc8    0x30  <Block>
      EntrySection       ro code  0x0000fcc8    0x30  icall_startup.o [1]
    ROCODE                        0x0000fcf8  0xe2d3  <Block>
      .rodata            const    0x0000fcf8    0x29  osal_icall_ble.o [1]
      .rodata            const    0x0000fd22     0x2  ll_patch.o [4]
      .rodata            const    0x0000fd24     0x8  gattservapp.o [8]
      .rodata            const    0x0000fd2c     0x8  gapgattserver.o [8]
      .rodata            const    0x0000fd34    0x5c  ll_config.o [4]
      Veneer             ro code  0x0000fd90     0x8  - Linker created -
      Veneer             ro code  0x0000fd98     0x8  - Linker created -
      Veneer             ro code  0x0000fda0     0x8  - Linker created -
      Veneer             ro code  0x0000fda8     0x8  - Linker created -
      Veneer             ro code  0x0000fdb0     0x8  - Linker created -
      Veneer             ro code  0x0000fdb8     0x8  - Linker created -
      Veneer             ro code  0x0000fdc0     0x8  - Linker created -
      Veneer             ro code  0x0000fdc8     0x8  - Linker created -
      Veneer             ro code  0x0000fdd0     0x8  - Linker created -
      Veneer             ro code  0x0000fdd8     0x8  - Linker created -
      Veneer             ro code  0x0000fde0     0x8  - Linker created -
      Veneer             ro code  0x0000fde8     0x8  - Linker created -
      Veneer             ro code  0x0000fdf0     0x8  - Linker created -
      Veneer             ro code  0x0000fdf8     0x8  - Linker created -
      Veneer             ro code  0x0000fe00     0x8  - Linker created -
      Veneer             ro code  0x0000fe08     0x8  - Linker created -
      Veneer             ro code  0x0000fe10     0x8  - Linker created -
      Veneer             ro code  0x0000fe18     0x8  - Linker created -
      Veneer             ro code  0x0000fe20     0x8  - Linker created -
      Veneer             ro code  0x0000fe28     0x8  - Linker created -
      Veneer             ro code  0x0000fe30     0x8  - Linker created -
      Veneer             ro code  0x0000fe38     0x8  - Linker created -
      Veneer             ro code  0x0000fe40     0x8  - Linker created -
      Veneer             ro code  0x0000fe48     0x8  - Linker created -
      Veneer             ro code  0x0000fe50     0x8  - Linker created -
      Veneer             ro code  0x0000fe58     0x8  - Linker created -
      Veneer             ro code  0x0000fe60     0x8  - Linker created -
      Veneer             ro code  0x0000fe68     0x8  - Linker created -
      Veneer             ro code  0x0000fe70     0x8  - Linker created -
      Veneer             ro code  0x0000fe78     0x8  - Linker created -
      Veneer             ro code  0x0000fe80     0x8  - Linker created -
      Veneer             ro code  0x0000fe88     0x8  - Linker created -
      Veneer             ro code  0x0000fe90     0x8  - Linker created -
      Veneer             ro code  0x0000fe98     0x8  - Linker created -
      Veneer             ro code  0x0000fea0     0x8  - Linker created -
      .text              ro code  0x0000fea8   0x960  ble_dispatch.o [1]
      .text              ro code  0x00010808   0x6c4  osal.o [1]
      Veneer             ro code  0x00010ecc     0x8  - Linker created -
      Veneer             ro code  0x00010ed4     0x8  - Linker created -
      Veneer             ro code  0x00010edc     0x8  - Linker created -
      .text              ro code  0x00010ee4   0x152  l2cap_if.o [8]
      .text              ro code  0x00011038   0x1ec  att_server.o [8]
      .text              ro code  0x00011224   0xfb4  gattservapp.o [8]
      .text              ro code  0x000121d8   0xaa0  gatt_server.o [8]
      Veneer             ro code  0x00012c78     0x8  - Linker created -
      Veneer             ro code  0x00012c80     0x8  - Linker created -
      Veneer             ro code  0x00012c88     0x8  - Linker created -
      Veneer             ro code  0x00012c90     0x8  - Linker created -
      .text              ro code  0x00012c98   0x308  hci_patch.o [4]
      .text              ro code  0x00012fa0   0xdb4  gapbondmgr.o [1]
      .text              ro code  0x00013d54   0x4b0  osal_snv_wrapper.o [1]
      Veneer             ro code  0x00014204     0x8  - Linker created -
      .text              ro code  0x0001420c    0x14  onboard.o [1]
      .text              ro code  0x00014220   0x2f2  gatt_task.o [8]
      Veneer             ro code  0x00014514     0x8  - Linker created -
      Veneer             ro code  0x0001451c     0x8  - Linker created -
      .text              ro code  0x00014524   0x5c6  l2cap_util.o [8]
      .text              ro code  0x00014aec    0xcc  osal_bufmgr.o [1]
      .text              ro code  0x00014bb8    0x34  gap.o [1]
      Veneer             ro code  0x00014bec     0x8  - Linker created -
      Veneer             ro code  0x00014bf4     0x8  - Linker created -
      Veneer             ro code  0x00014bfc     0x8  - Linker created -
      Veneer             ro code  0x00014c04     0x8  - Linker created -
      .text              ro code  0x00014c0c   0x610  gap_peridevmgr.o [8]
      Veneer             ro code  0x0001521c     0x8  - Linker created -
      Veneer             ro code  0x00015224     0x8  - Linker created -
      .text              ro code  0x0001522c   0x348  gap_configmgr.o [8]
      Veneer             ro code  0x00015574     0x8  - Linker created -
      .text              ro code  0x0001557c   0x980  gap_linkmgr.o [8]
      .text              ro code  0x00015efc    0xb0  gap_devmgr.o [8]
      .text              ro code  0x00015fac   0x110  gap_perilinkmgr.o [8]
      .text              ro code  0x000160bc   0x314  gapgattserver.o [8]
      .text              ro code  0x000163d0   0x2e8  gap_task.o [8]
      .text              ro code  0x000166b8   0x2c0  linkdb.o [8]
      .text              ro code  0x00016978    0x30  hal_assert.o [1]
      .text              ro code  0x000169a8    0x36  strlen.o [9]
      .text              ro code  0x000169e0    0x3c  osal_memory_icall.o [1]
      .text              ro code  0x00016a1c    0x66  ABImemset.o [9]
      .text              ro code  0x00016a84   0x290  osal_timers.o [1]
      .text              ro code  0x00016d14    0x9c  osal_pwrmgr.o [1]
      .text              ro code  0x00016db0   0x118  osal_icall_ble.o [1]
      .text              ro code  0x00016ec8   0x3b0  att_util.o [8]
      .text              ro code  0x00017278    0x68  gattservapp_util.o [1]
      Veneer             ro code  0x000172e0     0x8  - Linker created -
      Veneer             ro code  0x000172e8     0x8  - Linker created -
      Veneer             ro code  0x000172f0     0x8  - Linker created -
      Veneer             ro code  0x000172f8     0x8  - Linker created -
      Veneer             ro code  0x00017300     0x8  - Linker created -
      Veneer             ro code  0x00017308     0x8  - Linker created -
      Veneer             ro code  0x00017310     0x8  - Linker created -
      Veneer             ro code  0x00017318     0x8  - Linker created -
      Veneer             ro code  0x00017320     0x8  - Linker created -
      Veneer             ro code  0x00017328     0x8  - Linker created -
      Veneer             ro code  0x00017330     0x8  - Linker created -
      Veneer             ro code  0x00017338     0x8  - Linker created -
      Veneer             ro code  0x00017340     0x8  - Linker created -
      Veneer             ro code  0x00017348     0x8  - Linker created -
      Veneer             ro code  0x00017350     0x8  - Linker created -
      Veneer             ro code  0x00017358     0x8  - Linker created -
      .text              ro code  0x00017360  0x16e0  ll_patch.o [4]
      Veneer             ro code  0x00018a40     0x8  - Linker created -
      .text              ro code  0x00018a48   0x4b8  hci_event_patch.o [4]
      .text              ro code  0x00018f00    0x58  hal_flash_wrapper.o [1]
      .text              ro code  0x00018f58    0x2c  flash.o [7]
      .text              ro code  0x00018f84    0x62  memcmp_unaligned.o [9]
      .text              ro code  0x00018fe8     0xe  vims.o [7]
      .text              ro code  0x00018ff8   0x1a8  osal_cbtimer.o [1]
      Veneer             ro code  0x000191a0     0x8  - Linker created -
      Veneer             ro code  0x000191a8     0x8  - Linker created -
      .text              ro code  0x000191b0   0x570  sm_rsppairing.o [8]
      Veneer             ro code  0x00019720     0x8  - Linker created -
      .text              ro code  0x00019728   0x628  sm_mgr.o [8]
      .text              ro code  0x00019d50   0x7dc  sm_pairing.o [8]
      .text              ro code  0x0001a52c   0x39c  smp.o [8]
      .text              ro code  0x0001a8c8    0x76  ABImemcpy_unaligned.o [9]
      .text              ro code  0x0001a940    0x9c  hci_tl.o [5]
      .text              ro code  0x0001a9dc   0x22e  I64DivMod.o [9]
      .text              ro code  0x0001ac0c    0x60  osal_clock.o [1]
      .text              ro code  0x0001ac6c   0x2ac  l2cap_task.o [8]
      .text              ro code  0x0001af18    0xe8  sm_task.o [8]
      .text              ro code  0x0001b000    0x74  ble_user_config.o [1]
      .text              ro code  0x0001b074    0x60  hal_trng_wrapper.o [1]
      Veneer             ro code  0x0001b0d4     0x8  - Linker created -
      Veneer             ro code  0x0001b0dc     0x8  - Linker created -
      Veneer             ro code  0x0001b0e4     0x8  - Linker created -
      Veneer             ro code  0x0001b0ec     0x8  - Linker created -
      Veneer             ro code  0x0001b0f4     0x8  - Linker created -
      Veneer             ro code  0x0001b0fc     0x8  - Linker created -
      Veneer             ro code  0x0001b104     0x8  - Linker created -
      Veneer             ro code  0x0001b10c     0x8  - Linker created -
      Veneer             ro code  0x0001b114     0x8  - Linker created -
      Veneer             ro code  0x0001b11c     0x8  - Linker created -
      .text              ro code  0x0001b124   0xace  ll_common_patch.o [4]
      .text              ro code  0x0001bbf4   0x1a8  ll_scheduler_patch.o [4]
      .text              ro code  0x0001bd9c    0x10  ll_rat_patch.o [4]
      .text              ro code  0x0001bdac     0x2  I64DivZer.o [9]
      .text              ro code  0x0001bdb0    0x30  trng.o [7]
      .text              ro code  0x0001bde0     0x6  ABImemclr.o [9]
      Veneer             ro code  0x0001bde8     0x8  - Linker created -
      Veneer             ro code  0x0001bdf0     0x8  - Linker created -
      Veneer             ro code  0x0001bdf8     0x8  - Linker created -
      Veneer             ro code  0x0001be00     0x8  - Linker created -
      .text              ro code  0x0001be08   0x14c  ll_enc_patch.o [4]
      .text              ro code  0x0001bf54    0x46  ll_sleep.o [4]
      Veneer             ro code  0x0001bf9c     0x8  - Linker created -
      Veneer             ro code  0x0001bfa4     0x8  - Linker created -
      Veneer             ro code  0x0001bfac     0x8  - Linker created -
      Veneer             ro code  0x0001bfb4     0x8  - Linker created -
      Veneer             ro code  0x0001bfbc     0x8  - Linker created -
      .text              ro code  0x0001bfc4   0x4a8  ble_patch.o [4]
      Veneer             ro code  0x0001c46c     0x8  - Linker created -
      .text              ro code  0x0001c474    0xa8  hci_data_patch.o [4]
      .text              ro code  0x0001c51c   0x764  rom_jt.o [1]
      .text              ro code  0x0001cc80    0x10  cpu.o [7]
      .text              ro code  0x0001cc90    0x24  gatt_uuid.o [8]
      .text              ro code  0x0001ccb4    0xbc  interrupt.o [7]
      Veneer             ro code  0x0001cd70     0x8  - Linker created -
      Veneer             ro code  0x0001cd78     0x8  - Linker created -
      Veneer             ro code  0x0001cd80     0x8  - Linker created -
      Veneer             ro code  0x0001cd88     0x8  - Linker created -
      Veneer             ro code  0x0001cd90     0x8  - Linker created -
      .text              ro code  0x0001cd98   0x428  ll_adv_end_causes_patch.o [4]
      Veneer             ro code  0x0001d1c0     0x8  - Linker created -
      Veneer             ro code  0x0001d1c8     0x8  - Linker created -
      Veneer             ro code  0x0001d1d0     0x8  - Linker created -
      Veneer             ro code  0x0001d1d8     0x8  - Linker created -
      Veneer             ro code  0x0001d1e0     0x8  - Linker created -
      Veneer             ro code  0x0001d1e8     0x8  - Linker created -
      Veneer             ro code  0x0001d1f0     0x8  - Linker created -
      Veneer             ro code  0x0001d1f8     0x8  - Linker created -
      Veneer             ro code  0x0001d200     0x8  - Linker created -
      Veneer             ro code  0x0001d208     0x8  - Linker created -
      Veneer             ro code  0x0001d210     0x8  - Linker created -
      Veneer             ro code  0x0001d218     0x8  - Linker created -
      Veneer             ro code  0x0001d220     0x8  - Linker created -
      .text              ro code  0x0001d228   0x6fe  ll_slave_end_causes_patch.o [4]
      Veneer             ro code  0x0001d928     0x8  - Linker created -
      .text              ro code  0x0001d930   0x3b0  ll_isr.o [4]
      .text              ro code  0x0001dce0    0x28  data_init.o [9]
      Veneer             ro code  0x0001dd08     0x8  - Linker created -
      .text              ro code  0x0001dd10    0xae  ll_wl_patch.o [4]
      .text              ro code  0x0001ddbe    0x40  zero_init3.o [9]
      .text              ro code  0x0001ddfe    0x38  packbits_init_single.o [9]
      .iar.init_table    const    0x0001de38    0x20  - Linker created -
      .rodata            const    0x0001de58     0x0  zero_init3.o [9]
      .rodata            const    0x0001de58     0x0  packbits_init_single.o [9]
      Initializer bytes  const    0x0001de58   0x173  <for RWDATA-1>
    SNVSECT                       0x0001e000  0x1000  <Block>
      .snvSectors        const    0x0001e000  0x1000  osal_snv_wrapper.o [1]
                                - 0x0001f000  0xf338

"A1":                                          0x594
  RWDATA                          0x20004350   0x594  <Block>
    RWDATA-1                      0x20004350   0x3b4  <Init block>
      .data              inited   0x20004350    0xf8  ll_patch.o [4]
      .data              inited   0x20004448    0x54  gapbondmgr.o [1]
      .data              inited   0x2000449c     0x8  hal_assert.o [1]
      .data              inited   0x200044a4    0x24  osal.o [1]
      .data              inited   0x200044c8    0x7c  osal_cbtimer.o [1]
      .data              inited   0x20004544    0x1c  gap_linkmgr.o [8]
      .data              inited   0x20004560    0x2c  gap_configmgr.o [8]
      .data              inited   0x2000458c    0x50  gap_configmgr.o [8]
      .data              inited   0x200045dc    0x1c  gap_peridevmgr.o [8]
      .data              inited   0x200045f8     0xc  gap_task.o [8]
      .data              inited   0x20004604     0x4  gap_perilinkmgr.o [8]
      .data              inited   0x20004608    0x10  gattservapp.o [8]
      .data              inited   0x20004618     0x8  gatt_server.o [8]
      .data              inited   0x20004620    0x24  gapgattserver.o [8]
      .data              inited   0x20004644    0x70  gapgattserver.o [8]
      .data              inited   0x200046b4    0x20  ll_config.o [4]
      .data              inited   0x200046d4    0x10  sm_rsppairing.o [8]
      .data              inited   0x200046e4     0x8  l2cap_task.o [8]
      .data              inited   0x200046ec     0xc  ll_common_patch.o [4]
      .data              inited   0x200046f8     0x4  osal_snv_wrapper.o [1]
      .data              inited   0x200046fc     0x2  l2cap_task.o [8]
      .data              inited   0x200046fe     0x1  gattservapp.o [8]
      .data              inited   0x200046ff     0x1  gatt_task.o [8]
      .data              inited   0x20004700     0x1  gatt_server.o [8]
      .data              inited   0x20004701     0x1  gapgattserver.o [8]
      .data              inited   0x20004702     0x1  gapgattserver.o [8]
      .data              inited   0x20004703     0x1  gapgattserver.o [8]
    .bss                 zero     0x20004708     0x8  ll_patch.o [4]
    .bss                 zero     0x20004710    0x38  ble_dispatch.o [1]
    .bss                 zero     0x20004748    0x8c  gapbondmgr.o [1]
    .bss                 zero     0x200047d4     0x4  hal_trng_wrapper.o [1]
    .bss                 zero     0x200047d8     0xc  icall_startup.o [1]
    .bss                 zero     0x200047e4     0x4  osal_bufmgr.o [1]
    .bss                 zero     0x200047e8     0x8  osal_clock.o [1]
    .bss                 zero     0x200047f0     0x4  osal_icall_ble.o [1]
    .bss                 zero     0x200047f4     0xc  osal_timers.o [1]
    .bss                 zero     0x20004800     0x4  att_server.o [8]
    .bss                 zero     0x20004804     0x4  gap_linkmgr.o [8]
    .bss                 zero     0x20004808     0x4  gap_task.o [8]
    .bss                 zero     0x2000480c     0x4  gap_devmgr.o [8]
    .bss                 zero     0x20004810     0x4  gap_devmgr.o [8]
    .bss                 zero     0x20004814    0x24  gattservapp.o [8]
    .bss                 zero     0x20004838     0x4  gattservapp.o [8]
    .bss                 zero     0x2000483c     0x8  gatt_task.o [8]
    .bss                 zero     0x20004844     0x4  gatt_server.o [8]
    .bss                 zero     0x20004848     0x4  gapgattserver.o [8]
    .bss                 zero     0x2000484c    0x38  linkdb.o [8]
    .bss                 zero     0x20004884    0x30  l2cap_task.o [8]
    .bss                 zero     0x200048b4    0x10  hci_event_patch.o [4]
    .bss                 zero     0x200048c4     0xc  sm_pairing.o [8]
    .bss                 zero     0x200048d0     0x4  osal_pwrmgr.o [1]
    .bss                 zero     0x200048d4     0x2  ll_slave_end_causes_patch.o [4]
    .bss                 zero     0x200048d6     0x1  ble_dispatch.o [1]
    .bss                 zero     0x200048d7     0x1  osal.o [1]
    .bss                 zero     0x200048d8     0x1  gap_devmgr.o [8]
    .bss                 zero     0x200048d9     0x2  gatt_task.o [8]
    .bss                 zero     0x200048db     0x1  l2cap_if.o [8]
    .bss                 zero     0x200048dc     0x1  l2cap_util.o [8]
    .bss                 zero     0x200048dd     0x1  hci_tl.o [5]
    .bss                 zero     0x200048de     0x1  hci_tl.o [5]
    .bss                 zero     0x200048df     0x1  hci_tl.o [5]
    .bss                 zero     0x200048e0     0x1  hci_tl.o [5]
    .bss                 zero     0x200048e1     0x1  hci_tl.o [5]
    .bss                 zero     0x200048e2     0x1  hci_tl.o [5]
    .bss                 zero     0x200048e3     0x1  sm_task.o [8]
                                - 0x200048e4   0x594


*******************************************************************************
*** INIT TABLE
***

          Address     Size
          -------     ----
Zero (__iar_zero_init3)
    1 destination range, total size 0x1dc:
          0x20004708  0x1dc

Copy/packbits (__iar_packbits_init_single3)
    1 source range, total size 0x173 (39% of destination):
          0x0001de58  0x173
    1 destination range, total size 0x3b4:
          0x20004350  0x3b4



*******************************************************************************
*** MODULE SUMMARY
***

    Module                       ro code  ro data  rw data
    ------                       -------  -------  -------
F:\PersonalProject\BLE-CC2541\BLE_Meeting\CC2640\examples\cc2650em\simple_peripheral\iar\stack\FlashROM\Obj: [1]
    ble_dispatch.o                 2 400                57
    ble_user_config.o                116
    gap.o                             52
    gapbondmgr.o                   3 508       32      224
    gattservapp_util.o               104
    hal_assert.o                      48        4        8
    hal_flash_wrapper.o               88
    hal_trng_wrapper.o                96                 4
    icall_startup.o                   48                12
    onboard.o                         20
    osal.o                         1 732       14       37
    osal_bufmgr.o                    204                 4
    osal_cbtimer.o                   424       48      124
    osal_clock.o                      96                 8
    osal_icall_ble.o                 280       41        4
    osal_memory_icall.o               60
    osal_pwrmgr.o                    156                 4
    osal_snv_wrapper.o             1 200    4 097        4
    osal_timers.o                    656                12
    rom_jt.o                       1 892
    ------------------------------------------------------
    Total:                        13 180    4 236      502

F:\PersonalProject\BLE-CC2541\BLE_Meeting\CC2640\src\rom\ble_rom_releases\04242014: [2]
    ------------------------------------------------------
    Total:

command line: [3]
    ------------------------------------------------------
    Total:

cc2640_ctrl_pxxx.a: [4]
    ble_patch.o                    1 192
    hci_data_patch.o                 168
    hci_event_patch.o              1 208                16
    hci_patch.o                      776
    ll_adv_end_causes_patch.o      1 064
    ll_common_patch.o              2 766        5       12
    ll_config.o                               105       32
    ll_enc_patch.o                   332
    ll_isr.o                         944
    ll_patch.o                     5 856       99      256
    ll_rat_patch.o                    16
    ll_scheduler_patch.o             424
    ll_slave_end_causes_patch.o    1 790                 2
    ll_sleep.o                        70
    ll_wl_patch.o                    174
    ------------------------------------------------------
    Total:                        16 780      209      318

cc26xx_hci_tl_none.a: [5]
    hci_tl.o                         156                 6
    ------------------------------------------------------
    Total:                           156                 6

dl7M_tln.a: [6]
    ------------------------------------------------------
    Total:

driverlib.lib: [7]
    cpu.o                             16
    flash.o                           44
    interrupt.o                      188
    trng.o                            48
    vims.o                            14
    ------------------------------------------------------
    Total:                           310

host_pxxx.a: [8]
    att_server.o                     492                 4
    att_util.o                       944
    gap_configmgr.o                  840       49      124
    gap_devmgr.o                     176                 9
    gap_linkmgr.o                  2 432       11       32
    gap_peridevmgr.o               1 552       11       28
    gap_perilinkmgr.o                272        2        4
    gap_task.o                       744        4       16
    gapgattserver.o                  788       68      155
    gatt_server.o                  2 720        3       13
    gatt_task.o                      754                11
    gatt_uuid.o                       36
    gattservapp.o                  4 020       15       57
    l2cap_if.o                       338                 1
    l2cap_task.o                     684        4       58
    l2cap_util.o                   1 478                 1
    linkdb.o                         704                56
    sm_mgr.o                       1 576
    sm_pairing.o                   2 012                12
    sm_rsppairing.o                1 392        6       16
    sm_task.o                        232                 1
    smp.o                            924
    ------------------------------------------------------
    Total:                        25 110      173      598

rt7M_tl.a: [9]
    ABImemclr.o                        6
    ABImemcpy_unaligned.o            118
    ABImemset.o                      102
    I64DivMod.o                      558
    I64DivZer.o                        2
    data_init.o                       40
    memcmp_unaligned.o                98
    packbits_init_single.o            56
    strlen.o                          54
    zero_init3.o                      64
    ------------------------------------------------------
    Total:                         1 098

    Gaps                              28        3        4
    Linker created                   896       32
----------------------------------------------------------
    Grand Total:                  57 558    4 653    1 428


*******************************************************************************
*** ENTRY LIST
***

Entry                      Address    Size  Type      Object
-----                      -------    ----  ----      ------
.iar.init_table$$Base   0x0001de38           --   Gb  - Linker created -
.iar.init_table$$Limit  0x0001de58           --   Gb  - Linker created -
A1_rw_1 {Abs}           0x10005000     0x4   --   Gb  ble_rom_patch.symbols [2]
A2_rw_1 {Abs}           0x1000dffe     0x2   --   Gb  ble_rom_patch.symbols [2]
A3_rw_1 {Abs}           0x1000dffc     0x2   --   Gb  ble_rom_patch.symbols [2]
A4_rw_1 {Abs}           0x200048e8    0x14   --   Gb  ble_rom_patch.symbols [2]
ATT_BuildErrorRsp       0x00016f23    0x12  Code  Gb  att_util.o [8]
ATT_BuildExchangeMTURsp
                        0x00016f3f     0x2  Code  Gb  att_util.o [8]
ATT_BuildFindByTypeValueRsp
                        0x00016fb3     0x8  Code  Gb  att_util.o [8]
ATT_BuildFindInfoRsp    0x00016f59    0x18  Code  Gb  att_util.o [8]
ATT_BuildHandleValueInd
                        0x000170fd     0x2  Code  Gb  att_util.o [8]
ATT_BuildPrepareWriteRsp
                        0x000170cd     0x2  Code  Gb  att_util.o [8]
ATT_BuildReadBlobRsp    0x0001706b     0x4  Code  Gb  att_util.o [8]
ATT_BuildReadByGrpTypeRsp
                        0x00017093     0x2  Code  Gb  att_util.o [8]
ATT_BuildReadByTypeRsp  0x00016ff7     0x2  Code  Gb  att_util.o [8]
ATT_BuildReadMultiRsp   0x0001708f     0x4  Code  Gb  att_util.o [8]
ATT_BuildReadRsp        0x00017013     0x4  Code  Gb  att_util.o [8]
ATT_CompareUUID         0x000171a5    0x50  Code  Gb  att_util.o [8]
ATT_ConvertUUIDto128    0x000171f5    0x28  Code  Gb  att_util.o [8]
ATT_ErrorRsp            0x0001103f     0xc  Code  Gb  att_server.o [8]
ATT_ExchangeMTURsp      0x00011051    0x18  Code  Gb  att_server.o [8]
ATT_ExecuteWriteRsp     0x00011183     0xc  Code  Gb  att_server.o [8]
ATT_FindByTypeValueRsp  0x00011099    0x20  Code  Gb  att_server.o [8]
ATT_FindInfoRsp         0x00011069    0x30  Code  Gb  att_server.o [8]
ATT_GetMTU              0x00017247    0x20  Code  Gb  att_util.o [8]
ATT_HandleValueInd      0x000111a5    0x14  Code  Gb  att_server.o [8]
ATT_HandleValueNoti     0x0001118f    0x16  Code  Gb  att_server.o [8]
ATT_ParseExchangeMTUReq
                        0x00016f35     0xa  Code  Gb  att_util.o [8]
ATT_ParseExecuteWriteReq
                        0x000170eb    0x12  Code  Gb  att_util.o [8]
ATT_ParseFindByTypeValueReq
                        0x00016f71    0x42  Code  Gb  att_util.o [8]
ATT_ParseFindInfoReq    0x00016f4f     0xa  Code  Gb  att_util.o [8]
ATT_ParsePacket         0x00016ec9    0x5a  Code  Gb  att_util.o [8]
ATT_ParsePrepareWriteReq
                        0x000170a5    0x28  Code  Gb  att_util.o [8]
ATT_ParseReadBlobReq    0x00017047     0xa  Code  Gb  att_util.o [8]
ATT_ParseReadByTypeReq  0x00016fbb    0x3c  Code  Gb  att_util.o [8]
ATT_ParseReadMultiReq   0x0001706f    0x20  Code  Gb  att_util.o [8]
ATT_ParseReadReq        0x00016ff9     0xa  Code  Gb  att_util.o [8]
ATT_ParseWriteReq       0x00017017    0x2a  Code  Gb  att_util.o [8]
ATT_PrepareWriteRsp     0x00011169    0x1a  Code  Gb  att_server.o [8]
ATT_ReadBlobRsp         0x00011101    0x16  Code  Gb  att_server.o [8]
ATT_ReadByGrpTypeRsp    0x0001113b    0x22  Code  Gb  att_server.o [8]
ATT_ReadByTypeRsp       0x000110b9    0x22  Code  Gb  att_server.o [8]
ATT_ReadMultiRsp        0x0001111d    0x16  Code  Gb  att_server.o [8]
ATT_ReadRsp             0x000110e5    0x14  Code  Gb  att_server.o [8]
ATT_RegisterServer      0x00011039     0x6  Code  Gb  att_server.o [8]
ATT_UpdateMTU           0x0001721d    0x2a  Code  Gb  att_util.o [8]
ATT_WriteRsp            0x0001115d     0xc  Code  Gb  att_server.o [8]
AddRoundKeySubBytes_Sw {Abs}
                        0x10016c29    0x1a  Code  Gb  ble_rom_patch.symbols [2]
AesCcm_authEncrypt_Sw {Abs}
                        0x10018a19    0x1a  Code  Gb  ble_rom_patch.symbols [2]
AesCcm_decryptAuth_Sw {Abs}
                        0x10018a35    0x18  Code  Gb  ble_rom_patch.symbols [2]
AesCcm_getNumBlocks_Sw {Abs}
                        0x10018b09     0x4  Code  Gb  ble_rom_patch.symbols [2]
Aes_decrypt_Sw {Abs}    0x10018ac5    0x2a  Code  Gb  ble_rom_patch.symbols [2]
Aes_encrypt_Sw {Abs}    0x10018a99    0x2a  Code  Gb  ble_rom_patch.symbols [2]
COMMON_RAM_BASE_ADDR {Abs}
                        0x20004f2c           --   Gb  ble_rom_patch.symbols [2]
COMMON_ROM_BASE_ADDR {Abs}
                        0x10014c01           --   Gb  ble_rom_patch.symbols [2]
CommonROM_Init          0x0001c565    0x1e  Code  Gb  rom_jt.o [1]
ENTRY$$Base             0x0000fcc8           --   Gb  - Linker created -
ENTRY$$Limit            0x0000fcf8           --   Gb  - Linker created -
FFMult_Sw {Abs}         0x10016d05    0x22  Code  Gb  ble_rom_patch.symbols [2]
Fill1_1 {Abs}           0x1000d9ec   0x610   --   Gb  ble_rom_patch.symbols [2]
GAPBondMgr_CheckNVLen   0x00013be1    0x36  Code  Gb  gapbondmgr.o [1]
GAPBondMgr_GetParameter
                        0x00013131    0xa8  Code  Gb  gapbondmgr.o [1]
GAPBondMgr_Init         0x00013a7d    0x2e  Code  Gb  gapbondmgr.o [1]
GAPBondMgr_LinkEst      0x000131d9   0x132  Code  Gb  gapbondmgr.o [1]
GAPBondMgr_LinkTerm     0x0001330b    0x58  Code  Gb  gapbondmgr.o [1]
GAPBondMgr_PasscodeRsp  0x000134a7    0x32  Code  Gb  gapbondmgr.o [1]
GAPBondMgr_ProcessEvent
                        0x00013ab1   0x12a  Code  Gb  gapbondmgr.o [1]
GAPBondMgr_ProcessGAPMsg
                        0x000134d9   0x194  Code  Gb  gapbondmgr.o [1]
GAPBondMgr_Register     0x0001348d    0x1a  Code  Gb  gapbondmgr.o [1]
GAPBondMgr_ResolveAddr  0x00013363    0xd2  Code  Gb  gapbondmgr.o [1]
GAPBondMgr_SetParameter
                        0x00012fa1   0x190  Code  Gb  gapbondmgr.o [1]
GAPBondMgr_UpdateCharCfg
                        0x0001343d    0x50  Code  Gb  gapbondmgr.o [1]
GAP_Authenticate        0x00015739    0x9c  Code  Gb  gap_linkmgr.o [8]
GAP_Bond                0x00015873    0x76  Code  Gb  gap_linkmgr.o [8]
GAP_ConfigDeviceAddr    0x000152c3    0xcc  Code  Gb  gap_configmgr.o [8]
GAP_DeviceInit          0x00014bb9    0x34  Code  Gb  gap.o [1]
GAP_EndDiscoverable     0x00014d07    0x4c  Code  Gb  gap_peridevmgr.o [8]
GAP_GetIRK              0x000152bd     0x6  Code  Gb  gap_configmgr.o [8]
GAP_GetParamValue       0x00015247    0x12  Code  Gb  gap_configmgr.o [8]
GAP_Init                0x000163d7    0x16  Code  Gb  gap_task.o [8]
GAP_MakeDiscoverable    0x00014c0d    0x92  Code  Gb  gap_peridevmgr.o [8]
GAP_NumActiveConnections
                        0x000164b5     0x4  Code  Gb  gap_task.o [8]
GAP_ParamsInit          0x00015259    0x28  Code  Gb  gap_configmgr.o [8]
GAP_PasscodeUpdate      0x00015827    0x4c  Code  Gb  gap_linkmgr.o [8]
GAP_PasskeyUpdate       0x000157f3    0x34  Code  Gb  gap_linkmgr.o [8]
GAP_PeriConnRegister    0x00015fe7    0x24  Code  Gb  gap_perilinkmgr.o [8]
GAP_PeriDevMgrInit      0x00014e5b    0x6e  Code  Gb  gap_peridevmgr.o [8]
GAP_PrivacyInit         0x0001529b    0x18  Code  Gb  gap_configmgr.o [8]
GAP_ProcessEvent        0x000163ed    0xc8  Code  Gb  gap_task.o [8]
GAP_RegisterBondMgrCBs  0x0001668f     0x6  Code  Gb  gap_task.o [8]
GAP_RegisterForMsgs     0x000163d1     0x6  Code  Gb  gap_task.o [8]
GAP_RemoveAdvToken      0x00014dfd    0x3e  Code  Gb  gap_peridevmgr.o [8]
GAP_ResolvePrivateAddr  0x00015efd     0x4  Code  Gb  gap_devmgr.o [8]
GAP_SecParamsInit       0x00015281    0x1a  Code  Gb  gap_configmgr.o [8]
GAP_SendSlaveSecurityRequest
                        0x00015fad    0x3a  Code  Gb  gap_perilinkmgr.o [8]
GAP_SetAdvToken         0x00014d53    0x9e  Code  Gb  gap_peridevmgr.o [8]
GAP_SetParamValue       0x0001522d    0x1a  Code  Gb  gap_configmgr.o [8]
GAP_Signable            0x000156f1    0x48  Code  Gb  gap_linkmgr.o [8]
GAP_TerminateAuth       0x000157d5    0x1e  Code  Gb  gap_linkmgr.o [8]
GAP_TerminateLinkReq    0x0001557d    0x7a  Code  Gb  gap_linkmgr.o [8]
GAP_UpdateAdvTokens     0x00014e47    0x14  Code  Gb  gap_peridevmgr.o [8]
GAP_UpdateAdvertisingData
                        0x00014c9f    0x68  Code  Gb  gap_peridevmgr.o [8]
GAP_UpdateLinkParamReq  0x000155f7    0x68  Code  Gb  gap_linkmgr.o [8]
GAP_UpdateLinkParamReqReply
                        0x0001565f    0x86  Code  Gb  gap_linkmgr.o [8]
GATTServApp_AddService  0x0001146b    0x16  Code  Gb  gattservapp.o [8]
GATTServApp_DeregisterService
                        0x0001130f    0x44  Code  Gb  gattservapp.o [8]
GATTServApp_GetParameter
                        0x000113b1    0x14  Code  Gb  gattservapp.o [8]
GATTServApp_Init        0x0001122d    0x4e  Code  Gb  gattservapp.o [8]
GATTServApp_InitCharCfg
                        0x00017279    0x34  Code  Gb  gattservapp_util.o [1]
GATTServApp_ProcessEvent
                        0x0001127b    0x3e  Code  Gb  gattservapp.o [8]
GATTServApp_ReadAttr    0x00011ea1   0x1f4  Code  Gb  gattservapp.o [8]
GATTServApp_ReadCharCfg
                        0x000172ad     0xc  Code  Gb  gattservapp_util.o [1]
GATTServApp_RegisterForMsg
                        0x00011225     0x8  Code  Gb  gattservapp.o [8]
GATTServApp_RegisterService
                        0x000112b9    0x56  Code  Gb  gattservapp.o [8]
GATTServApp_SendCCCUpdatedEvent
                        0x00012193    0x36  Code  Gb  gattservapp.o [8]
GATTServApp_SetParameter
                        0x00011353    0x5e  Code  Gb  gattservapp.o [8]
GATTServApp_TaskID      0x2000482c     0x1  Data  Gb  gattservapp.o [8]
GATTServApp_UpdateCharCfg
                        0x00012121    0x1e  Code  Gb  gattservapp.o [8]
GATTServApp_WriteAttr   0x00012099    0x7a  Code  Gb  gattservapp.o [8]
GATT_AppCompletedMsg    0x00014239    0x28  Code  Gb  gatt_task.o [8]
GATT_DeregisterService  0x000122dd    0x40  Code  Gb  gatt_server.o [8]
GATT_FindHandle         0x0001240d    0x4c  Code  Gb  gatt_server.o [8]
GATT_FindHandleUUID     0x000123af    0x5e  Code  Gb  gatt_server.o [8]
GATT_FindNextAttr       0x00012459    0x7a  Code  Gb  gatt_server.o [8]
GATT_GetNextHandle      0x00012c0d     0x6  Code  Gb  gatt_server.o [8]
GATT_Indication         0x000125ad    0x6c  Code  Gb  gatt_server.o [8]
GATT_Init               0x00014261    0x1e  Code  Gb  gatt_task.o [8]
GATT_InitServer         0x000121d9    0x68  Code  Gb  gatt_server.o [8]
GATT_Notification       0x00012619    0x4a  Code  Gb  gatt_server.o [8]
GATT_NotifyEvent        0x000143cb    0x14  Code  Gb  gatt_task.o [8]
GATT_ProcessEvent       0x0001427f    0x30  Code  Gb  gatt_task.o [8]
GATT_RegisterForMsgs    0x00014227     0x6  Code  Gb  gatt_task.o [8]
GATT_RegisterForReq     0x0001231d     0x8  Code  Gb  gatt_server.o [8]
GATT_RegisterService    0x00012241    0x9c  Code  Gb  gatt_server.o [8]
GATT_SendRsp            0x000124f9    0xb4  Code  Gb  gatt_server.o [8]
GATT_ServiceEncKeySize  0x000124e9    0x10  Code  Gb  gatt_server.o [8]
GATT_ServiceNumAttrs    0x000124dd     0xc  Code  Gb  gatt_server.o [8]
GATT_SetHostToAppFlowCtrl
                        0x0001422d     0xc  Code  Gb  gatt_task.o [8]
GATT_UpdateMTU          0x000143df    0x26  Code  Gb  gatt_task.o [8]
GATT_VerifyReadPermissions
                        0x00012325    0x36  Code  Gb  gatt_server.o [8]
GATT_VerifyWritePermissions
                        0x0001235b    0x54  Code  Gb  gatt_server.o [8]
GATT_bm_alloc           0x00014489    0x78  Code  Gb  gatt_task.o [8]
GATT_bm_free            0x00014501    0x12  Code  Gb  gatt_task.o [8]
GGS_AddService          0x00016173    0x18  Code  Gb  gapgattserver.o [8]
GGS_GetParameter        0x0001613d    0x36  Code  Gb  gapgattserver.o [8]
GGS_RegisterAppCBs      0x0001618b     0x6  Code  Gb  gapgattserver.o [8]
GGS_SetParameter        0x000160bd    0x80  Code  Gb  gapgattserver.o [8]
HCI_CommandCompleteEvent {Abs}
                        0x10008add    0xac  Code  Gb  ble_rom_patch.symbols [2]
HCI_CommandStatusEvent {Abs}
                        0x10008ba1    0x54  Code  Gb  ble_rom_patch.symbols [2]
HCI_DataBufferOverflowEvent {Abs}
                        0x10008a2d    0x24  Code  Gb  ble_rom_patch.symbols [2]
HCI_DisconnectCmd {Abs}
                        0x10009525    0x1a  Code  Gb  ble_rom_patch.symbols [2]
HCI_EXT_AdvEventNoticeCmd {Abs}
                        0x1000a0f1     0xa  Code  Gb  ble_rom_patch.symbols [2]
HCI_EXT_BuildRevisionCmd {Abs}
                        0x1000a109    0x4a  Code  Gb  ble_rom_patch.symbols [2]
HCI_EXT_ClkDivOnHaltCmd {Abs}
                        0x10009d79    0x1e  Code  Gb  ble_rom_patch.symbols [2]
HCI_EXT_ConnEventNoticeCmd
                        0x00012e9f     0x4  Code  Gb  hci_patch.o [4]
HCI_EXT_DeclareNvUsageCmd {Abs}
                        0x10009dad    0x22  Code  Gb  ble_rom_patch.symbols [2]
HCI_EXT_DecryptCmd {Abs}
                        0x10009dd1    0x5a  Code  Gb  ble_rom_patch.symbols [2]
HCI_EXT_DelaySleepCmd   0x00012e7b    0x1c  Code  Gb  hci_patch.o [4]
HCI_EXT_DisconnectImmedCmd {Abs}
                        0x1000a011    0x1e  Code  Gb  ble_rom_patch.symbols [2]
HCI_EXT_EnablePTMCmd {Abs}
                        0x10009f69    0x16  Code  Gb  ble_rom_patch.symbols [2]
HCI_EXT_EndModemTestCmd {Abs}
                        0x10009eed    0x1e  Code  Gb  ble_rom_patch.symbols [2]
HCI_EXT_ExtendRfRangeCmd {Abs}
                        0x1000a095    0x3a  Code  Gb  ble_rom_patch.symbols [2]
HCI_EXT_GetConnInfoCmd  0x00012d0b    0x8e  Code  Gb  hci_patch.o [4]
HCI_EXT_HaltDuringRfCmd {Abs}
                        0x1000a0d1    0x1e  Code  Gb  ble_rom_patch.symbols [2]
HCI_EXT_MapPmIoPortCmd {Abs}
                        0x10009ff1    0x1e  Code  Gb  ble_rom_patch.symbols [2]
HCI_EXT_ModemHopTestTxCmd {Abs}
                        0x10009ead    0x1e  Code  Gb  ble_rom_patch.symbols [2]
HCI_EXT_ModemTestRxCmd {Abs}
                        0x10009ecd    0x1e  Code  Gb  ble_rom_patch.symbols [2]
HCI_EXT_ModemTestTxCmd {Abs}
                        0x10009e8d    0x1e  Code  Gb  ble_rom_patch.symbols [2]
HCI_EXT_NumComplPktsLimitCmd {Abs}
                        0x1000a1b5    0x1e  Code  Gb  ble_rom_patch.symbols [2]
HCI_EXT_OnePktPerEvtCmd {Abs}
                        0x10009d45    0x26  Code  Gb  ble_rom_patch.symbols [2]
HCI_EXT_OverlappedProcessingCmd {Abs}
                        0x1000a195    0x1e  Code  Gb  ble_rom_patch.symbols [2]
HCI_EXT_PERbyChanCmd {Abs}
                        0x1000a075    0x1e  Code  Gb  ble_rom_patch.symbols [2]
HCI_EXT_PacketErrorRateCmd {Abs}
                        0x1000a031    0x36  Code  Gb  ble_rom_patch.symbols [2]
HCI_EXT_ResetSystemCmd  0x00012e55    0x26  Code  Gb  hci_patch.o [4]
HCI_EXT_SaveFreqTuneCmd {Abs}
                        0x10009fb1    0x1e  Code  Gb  ble_rom_patch.symbols [2]
HCI_EXT_SetBDADDRCmd {Abs}
                        0x10009f0d    0x3a  Code  Gb  ble_rom_patch.symbols [2]
HCI_EXT_SetFastTxResponseTimeCmd {Abs}
                        0x10009e4d    0x1e  Code  Gb  ble_rom_patch.symbols [2]
HCI_EXT_SetFreqTuneCmd {Abs}
                        0x10009f81    0x1e  Code  Gb  ble_rom_patch.symbols [2]
HCI_EXT_SetLocalSupportedFeaturesCmd {Abs}
                        0x10009e2d    0x1e  Code  Gb  ble_rom_patch.symbols [2]
HCI_EXT_SetMaxDtmTxPowerCmd {Abs}
                        0x10009fd1    0x1e  Code  Gb  ble_rom_patch.symbols [2]
HCI_EXT_SetRxGainCmd {Abs}
                        0x10009cd5    0x34  Code  Gb  ble_rom_patch.symbols [2]
HCI_EXT_SetSCACmd {Abs}
                        0x10009f49    0x1e  Code  Gb  ble_rom_patch.symbols [2]
HCI_EXT_SetSlaveLatencyOverrideCmd {Abs}
                        0x10009e6d    0x1e  Code  Gb  ble_rom_patch.symbols [2]
HCI_EXT_SetTxPowerCmd {Abs}
                        0x10009d09    0x3a  Code  Gb  ble_rom_patch.symbols [2]
HCI_GAPTaskRegister     0x0001a9af     0x6  Code  Gb  hci_tl.o [5]
HCI_HardwareErrorEvent {Abs}
                        0x10008bf5    0x2e  Code  Gb  ble_rom_patch.symbols [2]
HCI_HostBufferSizeCmd {Abs}
                        0x10009631    0x2c  Code  Gb  ble_rom_patch.symbols [2]
HCI_HostNumCompletedPktCmd {Abs}
                        0x1000965d    0x5a  Code  Gb  ble_rom_patch.symbols [2]
HCI_Init                0x0001a941    0x32  Code  Gb  hci_tl.o [5]
HCI_L2CAPTaskRegister   0x0001a9b5     0x6  Code  Gb  hci_tl.o [5]
HCI_LE_AddWhiteListCmd {Abs}
                        0x10009a15    0x1c  Code  Gb  ble_rom_patch.symbols [2]
HCI_LE_ClearWhiteListCmd {Abs}
                        0x100099f9    0x1c  Code  Gb  ble_rom_patch.symbols [2]
HCI_LE_ConnUpdateCmd    0x00012e45    0x10  Code  Gb  hci_patch.o [4]
HCI_LE_EncryptCmd {Abs}
                        0x10009af5    0x40  Code  Gb  ble_rom_patch.symbols [2]
HCI_LE_LtkReqNegReplyCmd {Abs}
                        0x10009be1    0x1c  Code  Gb  ble_rom_patch.symbols [2]
HCI_LE_LtkReqReplyCmd {Abs}
                        0x10009bc5    0x1c  Code  Gb  ble_rom_patch.symbols [2]
HCI_LE_RandCmd {Abs}    0x10009b51    0x3c  Code  Gb  ble_rom_patch.symbols [2]
HCI_LE_ReadAdvChanTxPowerCmd {Abs}
                        0x100098f5    0x20  Code  Gb  ble_rom_patch.symbols [2]
HCI_LE_ReadBufSizeCmd   0x00012d99    0x26  Code  Gb  hci_patch.o [4]
HCI_LE_ReadChannelMapCmd {Abs}
                        0x10009aa1    0x36  Code  Gb  ble_rom_patch.symbols [2]
HCI_LE_ReadLocalSupportedFeaturesCmd {Abs}
                        0x10009829    0x1e  Code  Gb  ble_rom_patch.symbols [2]
HCI_LE_ReadRemoteUsedFeaturesCmd
                        0x00012dcf    0x2a  Code  Gb  hci_patch.o [4]
HCI_LE_ReadSupportedStatesCmd {Abs}
                        0x10009c15    0x22  Code  Gb  ble_rom_patch.symbols [2]
HCI_LE_ReadWhiteListSizeCmd {Abs}
                        0x100099c9    0x20  Code  Gb  ble_rom_patch.symbols [2]
HCI_LE_ReceiverTestCmd  0x00012e0b    0x12  Code  Gb  hci_patch.o [4]
HCI_LE_RemoteConnParamReqNegReplyCmd
                        0x00012dcb     0x4  Code  Gb  hci_patch.o [4]
HCI_LE_RemoteConnParamReqReplyCmd
                        0x00012dc7     0x4  Code  Gb  hci_patch.o [4]
HCI_LE_RemoveWhiteListCmd {Abs}
                        0x10009a31    0x1c  Code  Gb  ble_rom_patch.symbols [2]
HCI_LE_SetAdvDataCmd {Abs}
                        0x100098a1    0x1c  Code  Gb  ble_rom_patch.symbols [2]
HCI_LE_SetAdvEnableCmd {Abs}
                        0x100098d9    0x1c  Code  Gb  ble_rom_patch.symbols [2]
HCI_LE_SetAdvParamCmd {Abs}
                        0x1000986d    0x34  Code  Gb  ble_rom_patch.symbols [2]
HCI_LE_SetEventMaskCmd  0x00012ea3    0x1e  Code  Gb  hci_patch.o [4]
HCI_LE_SetRandomAddressCmd {Abs}
                        0x10009849    0x24  Code  Gb  ble_rom_patch.symbols [2]
HCI_LE_SetScanRspDataCmd {Abs}
                        0x100098bd    0x1c  Code  Gb  ble_rom_patch.symbols [2]
HCI_LE_TestEndCmd {Abs}
                        0x10009c8d    0x32  Code  Gb  ble_rom_patch.symbols [2]
HCI_LE_TransmitterTestCmd
                        0x00012df9    0x12  Code  Gb  hci_patch.o [4]
HCI_NumOfCompletedPacketsEvent
                        0x00018b8b    0xbc  Code  Gb  hci_event_patch.o [4]
HCI_ProcessEvent        0x0001a973    0x3c  Code  Gb  hci_tl.o [5]
HCI_ReadBDADDRCmd {Abs}
                        0x10009765    0x26  Code  Gb  ble_rom_patch.symbols [2]
HCI_ReadLocalSupportedCommandsCmd
                        0x00012cf7    0x14  Code  Gb  hci_patch.o [4]
HCI_ReadLocalSupportedFeaturesCmd {Abs}
                        0x1000973d    0x20  Code  Gb  ble_rom_patch.symbols [2]
HCI_ReadLocalVersionInfoCmd
                        0x00012ed9    0x58  Code  Gb  hci_patch.o [4]
HCI_ReadRemoteVersionInfoCmd {Abs}
                        0x10009541    0x30  Code  Gb  ble_rom_patch.symbols [2]
HCI_ReadRssiCmd         0x00012f31    0x2c  Code  Gb  hci_patch.o [4]
HCI_ReadTransmitPowerLevelCmd {Abs}
                        0x100095d1    0x22  Code  Gb  ble_rom_patch.symbols [2]
HCI_ResetCmd            0x00012cd5    0x22  Code  Gb  hci_patch.o [4]
HCI_ReverseBytes {Abs}  0x1000d7cd    0x1e  Code  Gb  ble_rom_patch.symbols [2]
HCI_SMPTaskRegister     0x0001a9bb     0x6  Code  Gb  hci_tl.o [5]
HCI_SendCommandCompleteEvent {Abs}
                        0x10008c81    0xb0  Code  Gb  ble_rom_patch.symbols [2]
HCI_SendCommandStatusEvent {Abs}
                        0x10008c59    0x28  Code  Gb  ble_rom_patch.symbols [2]
HCI_SendControllerToHostEvent {Abs}
                        0x10008d31    0x50  Code  Gb  ble_rom_patch.symbols [2]
HCI_SendDataPkt {Abs}   0x100094e9    0x3a  Code  Gb  ble_rom_patch.symbols [2]
HCI_SetControllerToHostFlowCtrlCmd {Abs}
                        0x100095f5    0x3c  Code  Gb  ble_rom_patch.symbols [2]
HCI_SetEventMaskCmd {Abs}
                        0x10009571    0x2c  Code  Gb  ble_rom_patch.symbols [2]
HCI_SetEventMaskPage2Cmd
                        0x00012e1d    0x1e  Code  Gb  hci_patch.o [4]
HCI_ValidConnTimeParams
                        0x00012c99    0x3c  Code  Gb  hci_patch.o [4]
HCI_VendorSpecifcCommandCompleteEvent
                        0x00018e85    0x58  Code  Gb  hci_event_patch.o [4]
HCI_bm_alloc {Abs}      0x100094a1     0xc  Code  Gb  ble_rom_patch.symbols [2]
HalFlashGetAddress      0x00018f43    0x16  Code  Gb  hal_flash_wrapper.o [1]
HalFlashRead            0x00018f01    0x30  Code  Gb  hal_flash_wrapper.o [1]
HalFlashWrite           0x00018f39     0xa  Code  Gb  hal_flash_wrapper.o [1]
HalTRNG_GetTRNG         0x0001b091    0x2e  Code  Gb  hal_trng_wrapper.o [1]
HalTRNG_InitTRNG        0x0001b075    0x1c  Code  Gb  hal_trng_wrapper.o [1]
ICall_abort             0x0001084d    0x1e  Code  Lc  osal.o [1]
ICall_dispatcher        0x200047d8     0x4  Data  Gb  icall_startup.o [1]
ICall_enrollService     0x00016db1    0x30  Code  Lc  osal_icall_ble.o [1]
ICall_enterCriticalSection
                        0x200047dc     0x4  Data  Gb  icall_startup.o [1]
ICall_getTicks          0x00016a85    0x1a  Code  Lc  osal_timers.o [1]
ICall_leaveCriticalSection
                        0x200047e0     0x4  Data  Gb  icall_startup.o [1]
ICall_pwrDispense       0x0001be19     0xe  Code  Lc  ll_enc_patch.o [4]
ICall_pwrRequire        0x0001be09    0x10  Code  Lc  ll_enc_patch.o [4]
ICall_pwrUpdActivityCounter
                        0x00016d15    0x20  Code  Lc  osal_pwrmgr.o [1]
ICall_send              0x00010823    0x2a  Code  Lc  osal.o [1]
ICall_signal            0x00010809    0x1a  Code  Lc  osal.o [1]
IOCapMatrix             0x0001a510    0x1c  Data  Lc  sm_pairing.o [8]
IntMasterDisable        0x0001c525     0x6  Code  Lc  rom_jt.o [1]
IntMasterEnable         0x0001c51d     0x8  Code  Lc  rom_jt.o [1]
InvAddRoundKey_Sw {Abs}
                        0x10016da1    0x26  Code  Gb  ble_rom_patch.symbols [2]
InvMixColumns_Sw {Abs}  0x10016ed5    0x70  Code  Gb  ble_rom_patch.symbols [2]
InvRoundKey_Sw {Abs}    0x10016dc9    0xc4  Code  Gb  ble_rom_patch.symbols [2]
InvShiftRows_Sw {Abs}   0x10016ea1    0x32  Code  Gb  ble_rom_patch.symbols [2]
InvSubBytes_Sw {Abs}    0x10016e8d    0x14  Code  Gb  ble_rom_patch.symbols [2]
L2CAP_BuildCmdReject    0x000147a1    0x3e  Code  Gb  l2cap_util.o [8]
L2CAP_CmdReject         0x00010f71     0xe  Code  Gb  l2cap_if.o [8]
L2CAP_ConnParamUpdateReq
                        0x00010f7f    0x36  Code  Gb  l2cap_if.o [8]
L2CAP_GetMTU            0x00011017     0x6  Code  Gb  l2cap_if.o [8]
L2CAP_HostNumCompletedPkts
                        0x00010ff5    0x16  Code  Gb  l2cap_if.o [8]
L2CAP_Init              0x0001ac6d    0x62  Code  Gb  l2cap_task.o [8]
L2CAP_ParseParamUpdateReq
                        0x0001484b    0x3a  Code  Gb  l2cap_util.o [8]
L2CAP_ProcessEvent      0x0001accf    0x6e  Code  Gb  l2cap_task.o [8]
L2CAP_RegisterApp       0x00010ee5    0x2a  Code  Gb  l2cap_if.o [8]
L2CAP_SendData          0x00010f0f    0x62  Code  Gb  l2cap_if.o [8]
L2CAP_SetBufSize        0x0001100b     0xc  Code  Gb  l2cap_if.o [8]
L2CAP_SetControllerToHostFlowCtrl
                        0x00010fbb    0x3a  Code  Gb  l2cap_if.o [8]
L2CAP_SetUserConfig     0x00011035     0x2  Code  Gb  l2cap_if.o [8]
L2CAP_bm_alloc          0x00014ad1    0x1a  Code  Gb  l2cap_util.o [8]
LL_AddWhiteListDevice {Abs}
                        0x10005739    0x2a  Code  Gb  ble_rom_patch.symbols [2]
LL_AdvReportCback {Abs}
                        0x10008d81   0x120  Code  Gb  ble_rom_patch.symbols [2]
LL_ClearWhiteList {Abs}
                        0x10005719    0x20  Code  Gb  ble_rom_patch.symbols [2]
LL_ConnActive {Abs}     0x1000678d    0x2e  Code  Gb  ble_rom_patch.symbols [2]
LL_ConnParamUpdateCback
                        0x00018a8d    0x92  Code  Gb  hci_event_patch.o [4]
LL_ConnectionCompleteCback {Abs}
                        0x10008ead   0x140  Code  Gb  ble_rom_patch.symbols [2]
LL_CtrlToHostFlowControl {Abs}
                        0x100058d5    0x14  Code  Gb  ble_rom_patch.symbols [2]
LL_DirectTestEnd        0x000185fd    0x7a  Code  Gb  ll_patch.o [4]
LL_DirectTestEndDoneCback {Abs}
                        0x10009471    0x24  Code  Gb  ble_rom_patch.symbols [2]
LL_DirectTestRxTest     0x000184f9    0xca  Code  Gb  ll_patch.o [4]
LL_DirectTestTxTest     0x0001837f   0x170  Code  Gb  ll_patch.o [4]
LL_Disconnect {Abs}     0x10005a39    0x66  Code  Gb  ble_rom_patch.symbols [2]
LL_DisconnectCback {Abs}
                        0x10009005    0x80  Code  Gb  ble_rom_patch.symbols [2]
LL_DoorbellErrorCback   0x0001d967    0x10  Code  Gb  ll_isr.o [4]
LL_ENC_AES128_Decrypt {Abs}
                        0x1000b639    0x40  Code  Gb  ble_rom_patch.symbols [2]
LL_ENC_AES128_Encrypt {Abs}
                        0x1000b5f5    0x42  Code  Gb  ble_rom_patch.symbols [2]
LL_ENC_Decrypt          0x0001bea3    0x9e  Code  Gb  ll_enc_patch.o [4]
LL_ENC_DecryptMsg {Abs}
                        0x1000b851   0x112  Code  Gb  ble_rom_patch.symbols [2]
LL_ENC_Encrypt          0x0001be35    0x6e  Code  Gb  ll_enc_patch.o [4]
LL_ENC_EncryptMsg {Abs}
                        0x1000b721   0x12e  Code  Gb  ble_rom_patch.symbols [2]
LL_ENC_GenDeviceIV {Abs}
                        0x1000b555    0x14  Code  Gb  ble_rom_patch.symbols [2]
LL_ENC_GenDeviceSKD {Abs}
                        0x1000b541    0x12  Code  Gb  ble_rom_patch.symbols [2]
LL_ENC_GenerateNonce {Abs}
                        0x1000b569    0x22  Code  Gb  ble_rom_patch.symbols [2]
LL_ENC_GeneratePseudoRandNum {Abs}
                        0x1000b50d    0x10  Code  Gb  ble_rom_patch.symbols [2]
LL_ENC_GenerateTrueRandNum {Abs}
                        0x1000b51d    0x22  Code  Gb  ble_rom_patch.symbols [2]
LL_ENC_Init {Abs}       0x1000b4c9    0x22  Code  Gb  ble_rom_patch.symbols [2]
LL_ENC_LoadKey {Abs}    0x1000b58d    0x68  Code  Gb  ble_rom_patch.symbols [2]
LL_ENC_ReverseBytes {Abs}
                        0x1000b4ed    0x1e  Code  Gb  ble_rom_patch.symbols [2]
LL_EXT_AdvEventNotice {Abs}
                        0x10007025    0x18  Code  Gb  ble_rom_patch.symbols [2]
LL_EXT_BuildRevision    0x00018989    0x28  Code  Gb  ll_patch.o [4]
LL_EXT_ClkDivOnHalt {Abs}
                        0x10006b7d     0x4  Code  Gb  ble_rom_patch.symbols [2]
LL_EXT_ConnEventNotice  0x00018931    0x2a  Code  Gb  ll_patch.o [4]
LL_EXT_DeclareNvUsage {Abs}
                        0x10006b81     0x4  Code  Gb  ble_rom_patch.symbols [2]
LL_EXT_Decrypt {Abs}    0x10006b85    0x20  Code  Gb  ble_rom_patch.symbols [2]
LL_EXT_DelaySleep {Abs}
                        0x100070a1    0x32  Code  Gb  ble_rom_patch.symbols [2]
LL_EXT_EndModemTest     0x00018359    0x26  Code  Gb  ll_patch.o [4]
LL_EXT_ExtendRfRange {Abs}
                        0x1000701d     0x4  Code  Gb  ble_rom_patch.symbols [2]
LL_EXT_ExtendRfRangeCback {Abs}
                        0x1000a2ad    0x10  Code  Gb  ble_rom_patch.symbols [2]
LL_EXT_GetConnInfo      0x00017e9d    0xa4  Code  Gb  ll_patch.o [4]
LL_EXT_HaltDuringRf {Abs}
                        0x10007021     0x4  Code  Gb  ble_rom_patch.symbols [2]
LL_EXT_MapPmIoPort {Abs}
                        0x10006f49     0x4  Code  Gb  ble_rom_patch.symbols [2]
LL_EXT_ModemHopTestTx   0x0001819d    0x9a  Code  Gb  ll_patch.o [4]
LL_EXT_ModemTestRx      0x000182c1    0x70  Code  Gb  ll_patch.o [4]
LL_EXT_ModemTestTx      0x0001823d    0x7e  Code  Gb  ll_patch.o [4]
LL_EXT_NumComplPktsLimit
                        0x00018961    0x22  Code  Gb  ll_patch.o [4]
LL_EXT_OnePacketPerEvent {Abs}
                        0x10006b59    0x20  Code  Gb  ble_rom_patch.symbols [2]
LL_EXT_OverlappedProcessing {Abs}
                        0x10007109     0x4  Code  Gb  ble_rom_patch.symbols [2]
LL_EXT_PERbyChan {Abs}  0x10006fed    0x1e  Code  Gb  ble_rom_patch.symbols [2]
LL_EXT_PacketErrorRate {Abs}
                        0x10006f99    0x52  Code  Gb  ble_rom_patch.symbols [2]
LL_EXT_PacketErrorRateCback {Abs}
                        0x1000a259    0x52  Code  Gb  ble_rom_patch.symbols [2]
LL_EXT_ResetSystem {Abs}
                        0x100070d5    0x34  Code  Gb  ble_rom_patch.symbols [2]
LL_EXT_SaveFreqTune {Abs}
                        0x10006efd     0x4  Code  Gb  ble_rom_patch.symbols [2]
LL_EXT_SetBDADDR {Abs}  0x10006e01    0x82  Code  Gb  ble_rom_patch.symbols [2]
LL_EXT_SetFastTxResponseTime {Abs}
                        0x10006bc5    0x16  Code  Gb  ble_rom_patch.symbols [2]
LL_EXT_SetFreqTune {Abs}
                        0x10006ef9     0x4  Code  Gb  ble_rom_patch.symbols [2]
LL_EXT_SetLocalSupportedFeatures
                        0x0001801b    0x32  Code  Gb  ll_patch.o [4]
LL_EXT_SetMaxDtmTxPower
                        0x00018089    0x16  Code  Gb  ll_patch.o [4]
LL_EXT_SetRxGain {Abs}  0x10006ad9     0xe  Code  Gb  ble_rom_patch.symbols [2]
LL_EXT_SetRxGainCback {Abs}
                        0x1000a201    0x10  Code  Gb  ble_rom_patch.symbols [2]
LL_EXT_SetSCA {Abs}     0x10006e85    0x74  Code  Gb  ble_rom_patch.symbols [2]
LL_EXT_SetSlaveLatencyOverride {Abs}
                        0x10006bdd    0x24  Code  Gb  ble_rom_patch.symbols [2]
LL_EXT_SetTxPower       0x00018051    0x2c  Code  Gb  ll_patch.o [4]
LL_EXT_SetTxPowerCback {Abs}
                        0x1000a211    0x10  Code  Gb  ble_rom_patch.symbols [2]
LL_EncChangeCback {Abs}
                        0x1000933d    0x6a  Code  Gb  ble_rom_patch.symbols [2]
LL_EncKeyRefreshCback {Abs}
                        0x100093dd    0x6a  Code  Gb  ble_rom_patch.symbols [2]
LL_EncLtkNegReply       0x00017f8f    0x3c  Code  Gb  ll_patch.o [4]
LL_EncLtkReply          0x00017f49    0x46  Code  Gb  ll_patch.o [4]
LL_EncLtkReqCback {Abs}
                        0x1000925d    0xde  Code  Gb  ble_rom_patch.symbols [2]
LL_Encrypt {Abs}        0x100057d5    0x20  Code  Gb  ble_rom_patch.symbols [2]
LL_EnhancedConnectionCompleteCback
                        0x00018c6b   0x1e0  Code  Gb  hci_event_patch.o [4]
LL_GetNumActiveConns    0x000188bf     0xc  Code  Gb  ll_patch.o [4]
LL_Init                 0x00017a15   0x258  Code  Gb  ll_patch.o [4]
LL_LastCmdDoneCback     0x0001d979   0x1b4  Code  Gb  ll_isr.o [4]
LL_NumEmptyWlEntries {Abs}
                        0x100057b9    0x14  Code  Gb  ble_rom_patch.symbols [2]
LL_PM_Enter_AES         0x0001bf59    0x16  Code  Gb  ll_sleep.o [4]
LL_PM_Exit_AES          0x0001bf6f    0x12  Code  Gb  ll_sleep.o [4]
LL_PM_GetRfCoreState    0x0001bf55     0x4  Code  Gb  ll_sleep.o [4]
LL_PM_PowerOffRfCore    0x0001bf99     0x2  Code  Gb  ll_sleep.o [4]
LL_ProcessEvent         0x00017c7b   0x110  Code  Gb  ll_patch.o [4]
LL_PseudoRand {Abs}     0x10005801    0x2c  Code  Gb  ble_rom_patch.symbols [2]
LL_RX_bm_alloc {Abs}    0x1000556d    0x22  Code  Gb  ble_rom_patch.symbols [2]
LL_Rand {Abs}           0x100057f5     0xc  Code  Gb  ble_rom_patch.symbols [2]
LL_RandCback {Abs}      0x1000a1d5    0x2a  Code  Gb  ble_rom_patch.symbols [2]
LL_ReadAdvChanTxPower {Abs}
                        0x10006105    0x28  Code  Gb  ble_rom_patch.symbols [2]
LL_ReadBDADDR {Abs}     0x100056c9    0x20  Code  Gb  ble_rom_patch.symbols [2]
LL_ReadChanMap {Abs}    0x100059a1    0x34  Code  Gb  ble_rom_patch.symbols [2]
LL_ReadLocalSupportedFeatures {Abs}
                        0x10005879    0x24  Code  Gb  ble_rom_patch.symbols [2]
LL_ReadLocalVersionInfo {Abs}
                        0x1000589d    0x38  Code  Gb  ble_rom_patch.symbols [2]
LL_ReadRemoteUsedFeatures
                        0x00017fcb    0x40  Code  Gb  ll_patch.o [4]
LL_ReadRemoteUsedFeaturesCompleteCback
                        0x00018b1f    0x5c  Code  Gb  hci_event_patch.o [4]
LL_ReadRemoteVersionInfo {Abs}
                        0x100058e9    0x6a  Code  Gb  ble_rom_patch.symbols [2]
LL_ReadRemoteVersionInfoCback {Abs}
                        0x100091e1    0x6a  Code  Gb  ble_rom_patch.symbols [2]
LL_ReadRssi             0x000188cb    0x50  Code  Gb  ll_patch.o [4]
LL_ReadSupportedStates  0x000188a3    0x1c  Code  Gb  ll_patch.o [4]
LL_ReadTxPowerLevel     0x000180a5    0x3e  Code  Gb  ll_patch.o [4]
LL_ReadWlSize {Abs}     0x100057a1    0x16  Code  Gb  ble_rom_patch.symbols [2]
LL_RemoveWhiteListDevice {Abs}
                        0x10005765    0x2c  Code  Gb  ble_rom_patch.symbols [2]
LL_Reset                0x00017da3    0xfa  Code  Gb  ll_patch.o [4]
LL_RxDataCompleteCback  0x0001c475    0xa8  Code  Gb  hci_data_patch.o [4]
LL_RxEntryDoneCback     0x0001db47   0x134  Code  Gb  ll_isr.o [4]
LL_SetAdvControl        0x000187a1    0xfa  Code  Gb  ll_patch.o [4]
LL_SetAdvData {Abs}     0x10005f89    0x40  Code  Gb  ble_rom_patch.symbols [2]
LL_SetAdvParam          0x00018691    0xfc  Code  Gb  ll_patch.o [4]
LL_SetRandomAddress {Abs}
                        0x100056e9    0x2e  Code  Gb  ble_rom_patch.symbols [2]
LL_SetScanRspData {Abs}
                        0x1000612d    0x46  Code  Gb  ble_rom_patch.symbols [2]
LL_TX_bm_alloc {Abs}    0x10005549    0x22  Code  Gb  ble_rom_patch.symbols [2]
LL_TaskID {Abs}         0x20004c84     0x1  Data  Gb  ble_rom_patch.symbols [2]
LL_TxData               0x000180e3    0xac  Code  Gb  ll_patch.o [4]
LL_TxEntryDoneCback     0x0001db2d    0x1a  Code  Gb  ll_isr.o [4]
MixColumns_Sw {Abs}     0x10016c79    0x8a  Code  Gb  ble_rom_patch.symbols [2]
NOROM_CPUcpsid          0x0001cc81     0x8  Code  Gb  cpu.o [7]
NOROM_CPUcpsie          0x0001cc89     0x8  Code  Gb  cpu.o [7]
NOROM_FlashProgram      0x00018f63     0xc  Code  Gb  flash.o [7]
NOROM_FlashSectorErase  0x00018f59     0xa  Code  Gb  flash.o [7]
NOROM_IntDisable        0x0001cd03    0x4e  Code  Gb  interrupt.o [7]
NOROM_IntEnable         0x0001ccb5    0x4e  Code  Gb  interrupt.o [7]
NOROM_TRNGConfigure     0x0001bdb1    0x2c  Code  Gb  trng.o [7]
NOROM_VIMSModeGet       0x00018fe9     0xe  Code  Gb  vims.o [7]
NVOCOP_compactNV        0x00013d9f    0x38  Code  Gb  osal_snv_wrapper.o [1]
NVOCOP_initNV           0x00013d55    0x4a  Code  Gb  osal_snv_wrapper.o [1]
NVOCOP_readItem         0x00013dd7    0x30  Code  Gb  osal_snv_wrapper.o [1]
NVOCOP_writeItem        0x00013e07    0xf0  Code  Gb  osal_snv_wrapper.o [1]
NV_FLASH                0x0001e000  0x1000  Data  Gb  osal_snv_wrapper.o [1]
OSAL_timeSeconds        0x200047ec     0x4  Data  Gb  osal_clock.o [1]
Onboard_rand            0x0001420d    0x10  Code  Gb  onboard.o [1]
Onboard_soft_reset      0x0001421d     0x2  Code  Gb  onboard.o [1]
P1_ro_1 {Abs}           0x10005004  0x89e8   --   Gb  ble_rom_patch.symbols [2]
P1_ro_2 {Abs}           0x10019ffe           --   Gb  ble_rom_patch.symbols [2]
P1_ro_2_1 {Abs}         0x1000dffe           --   Gb  ble_rom_patch.symbols [2]
P2_rw {Abs}             0x20004f40           --   Gb  ble_rom_patch.symbols [2]
P2_zi_1 {Abs}           0x200048fc   0x630   --   Gb  ble_rom_patch.symbols [2]
PAGE_SIZE {Abs}         0x00001000          Data  Gb  command line/config [3]
R2F_Flash_JT            0x0001c5b0    0xa8  Data  Gb  rom_jt.o [1]
R2F_Flash_JT_CommonROM  0x0001cb74    0x18  Data  Gb  rom_jt.o [1]
R2R_Flash_JT            0x0001c658   0x51c  Data  Gb  rom_jt.o [1]
R2R_Flash_JT_CommonROM  0x0001cb8c    0xf4  Data  Gb  rom_jt.o [1]
RAM_BASE_ADDR {Abs}     0x200048e8           --   Gb  ble_rom_patch.symbols [2]
RFHAL_AddTxDataEntry    0x0001c3d3    0x60  Code  Gb  ble_patch.o [4]
RFHAL_AllocDataEntry {Abs}
                        0x100184f9    0x4e  Code  Gb  ble_rom_patch.symbols [2]
RFHAL_AllocDataEntryQueue {Abs}
                        0x100184a9    0x1a  Code  Gb  ble_rom_patch.symbols [2]
RFHAL_AllocRatChan {Abs}
                        0x10018315    0x26  Code  Gb  ble_rom_patch.symbols [2]
RFHAL_BuildDataEntryRingBuffer {Abs}
                        0x100185e1    0x7c  Code  Gb  ble_rom_patch.symbols [2]
RFHAL_BuildLinkedBuffer {Abs}
                        0x10018669    0x8e  Code  Gb  ble_rom_patch.symbols [2]
RFHAL_BuildRingBuffer {Abs}
                        0x10018551    0x90  Code  Gb  ble_rom_patch.symbols [2]
RFHAL_FreeDataEntry {Abs}
                        0x10018549     0x8  Code  Gb  ble_rom_patch.symbols [2]
RFHAL_FreeDataEntryQueue {Abs}
                        0x100184c5     0x8  Code  Gb  ble_rom_patch.symbols [2]
RFHAL_FreeNextTxDataEntry {Abs}
                        0x10018485    0x22  Code  Gb  ble_rom_patch.symbols [2]
RFHAL_FreeRatChan {Abs}
                        0x1001833d    0x2a  Code  Gb  ble_rom_patch.symbols [2]
RFHAL_GetNextDataEntry {Abs}
                        0x100184cd     0x4  Code  Gb  ble_rom_patch.symbols [2]
RFHAL_GetTempDataEntry {Abs}
                        0x100184d1     0x4  Code  Gb  ble_rom_patch.symbols [2]
RFHAL_InitDataQueue {Abs}
                        0x100183b9     0xc  Code  Gb  ble_rom_patch.symbols [2]
RFHAL_InitRfHal         0x0001c36f    0x64  Code  Gb  ble_patch.o [4]
RFHAL_MapRatChansToInt {Abs}
                        0x10018369    0x26  Code  Gb  ble_rom_patch.symbols [2]
RFHAL_NextDataEntryDone {Abs}
                        0x100184d5    0x24  Code  Gb  ble_rom_patch.symbols [2]
RFHAL_RegisterRatChanCallback {Abs}
                        0x10018391    0x26  Code  Gb  ble_rom_patch.symbols [2]
ROCODE$$Base            0x0000fcf8           --   Gb  - Linker created -
ROCODE$$Limit           0x0001dfcb           --   Gb  - Linker created -
ROM_BASE_ADDR {Abs}     0x10005001           --   Gb  ble_rom_patch.symbols [2]
ROM_Init                0x0001c547    0x1e  Code  Gb  rom_jt.o [1]
ROM_Spinlock            0x0001c533    0x14  Code  Gb  rom_jt.o [1]
ROSTK$$Base             0x0000fcc8           --   Gb  - Linker created -
ROSTK$$Limit            0x0001f000           --   Gb  - Linker created -
RWDATA$$Base            0x20004350           --   Gb  - Linker created -
RWDATA$$Limit           0x200048e4           --   Gb  - Linker created -
Region$$Table$$Base     0x0001de38           --   Gb  - Linker created -
Region$$Table$$Limit    0x0001de58           --   Gb  - Linker created -
RoundKey_Sw {Abs}       0x10016b79    0xb0  Code  Gb  ble_rom_patch.symbols [2]
SM_CalcRandomAddr       0x00019729    0x38  Code  Gb  sm_mgr.o [8]
SM_GenerateAuthenSig    0x000199d7    0x9a  Code  Gb  sm_mgr.o [8]
SM_Init                 0x0001af19    0x1c  Code  Gb  sm_task.o [8]
SM_PasskeyUpdate        0x00019ddf    0x7e  Code  Gb  sm_pairing.o [8]
SM_ProcessEvent         0x0001af35    0xbc  Code  Gb  sm_task.o [8]
SM_ResolveRandomAddrs   0x00019761    0x44  Code  Gb  sm_mgr.o [8]
SM_ResponderInit        0x000191b1    0x1a  Code  Gb  sm_rsppairing.o [8]
SM_StartPairing         0x00019d51    0x8e  Code  Gb  sm_pairing.o [8]
SM_VerifyAuthenSig      0x00019a71    0xd4  Code  Gb  sm_mgr.o [8]
SNVSECT$$Base           0x0001e000           --   Gb  - Linker created -
SNVSECT$$Limit          0x0001f000           --   Gb  - Linker created -
SSP_CCM_Auth_Encrypt_Sw {Abs}
                        0x10017895    0x5e  Code  Gb  ble_rom_patch.symbols [2]
SSP_CCM_Auth_Sw {Abs}   0x10017365   0x156  Code  Gb  ble_rom_patch.symbols [2]
SSP_CCM_Decrypt_Sw {Abs}
                        0x1001767d    0xd8  Code  Gb  ble_rom_patch.symbols [2]
SSP_CCM_Encrypt_Sw {Abs}
                        0x100174fd    0xd4  Code  Gb  ble_rom_patch.symbols [2]
SSP_CCM_InvAuth_Decrypt_Sw {Abs}
                        0x100178f5    0x5a  Code  Gb  ble_rom_patch.symbols [2]
SSP_CCM_InvAuth_Sw {Abs}
                        0x10017839    0x5c  Code  Gb  ble_rom_patch.symbols [2]
SSP_CTR_Decrypt_Sw {Abs}
                        0x10017771    0x8a  Code  Gb  ble_rom_patch.symbols [2]
SSP_CTR_Encrypt_Sw {Abs}
                        0x100175ed    0x88  Code  Gb  ble_rom_patch.symbols [2]
ShiftRows_Sw {Abs}      0x10016c45    0x32  Code  Gb  ble_rom_patch.symbols [2]
SysBootMsg              0x2000436c     0x4  Data  Gb  ll_patch.o [4]
WL_AddEntry {Abs}       0x1000d2d9    0x94  Code  Gb  ble_rom_patch.symbols [2]
WL_Clear                0x0001dd11    0x24  Code  Gb  ll_wl_patch.o [4]
WL_ClearEntry {Abs}     0x1000d1f5    0x32  Code  Gb  ble_rom_patch.symbols [2]
WL_ClearIgnoreList      0x0001dda1    0x1e  Code  Gb  ll_wl_patch.o [4]
WL_FindEntry            0x0001dd3f    0x42  Code  Gb  ll_wl_patch.o [4]
WL_GetNumFreeEntries    0x0001dd35     0xa  Code  Gb  ll_wl_patch.o [4]
WL_GetSize {Abs}        0x1000d229    0x12  Code  Gb  ble_rom_patch.symbols [2]
WL_Init {Abs}           0x1000d189    0x22  Code  Gb  ble_rom_patch.symbols [2]
WL_RemoveEntry {Abs}    0x1000d36d    0x5e  Code  Gb  ble_rom_patch.symbols [2]
WL_SetWlIgnore          0x0001dd81    0x20  Code  Gb  ll_wl_patch.o [4]
__aeabi_ldiv0           0x0001bdad          Code  Gb  I64DivZer.o [9]
__aeabi_memclr          0x0001bde1          Code  Gb  ABImemclr.o [9]
__aeabi_memset          0x00016a1d          Code  Gb  ABImemset.o [9]
__aeabi_uldivmod        0x0001a9dd          Code  Gb  I64DivMod.o [9]
__checksum_begin {Abs}  0x10005000           --   Gb  ble_rom_patch.symbols [2]
__checksum_begin_CommonROM {Abs}
                        0x10014c00           --   Gb  ble_rom_patch.symbols [2]
__checksum_end {Abs}    0x1000dffd           --   Gb  ble_rom_patch.symbols [2]
__checksum_end_CommonROM {Abs}
                        0x10019ffd           --   Gb  ble_rom_patch.symbols [2]
__checksum_value {Abs}  0x00005721          Data  Gb  ble_rom_patch.symbols [2]
__checksum_value_CommonROM {Abs}
                        0x0000e0ea          Data  Gb  ble_rom_patch.symbols [2]
__exit {Abs}            0x10018ced          Code  Gb  ble_rom_patch.symbols [2]
__iar_Memset            0x00016a1d          Code  Gb  ABImemset.o [9]
__iar_Memset_word       0x00016a25          Code  Gb  ABImemset.o [9]
__iar_data_init3        0x0001dce1    0x28  Code  Gb  data_init.o [9]
__iar_packbits_init_single3
                        0x0001ddff    0x38  Code  Gb  packbits_init_single.o [9]
__iar_systems$$module {Abs}
                        0x00000001          Data  Gb  command line/config [3]
__iar_unaligned_memcmp  0x00018f85          Code  Gb  memcmp_unaligned.o [9]
__iar_unaligned_memcpy  0x0001a8c9          Code  Gb  ABImemcpy_unaligned.o [9]
__iar_unaligned_memcpy4
                        0x0001a8e9          Code  Gb  ABImemcpy_unaligned.o [9]
__iar_unaligned_memcpy8
                        0x0001a8e9          Code  Gb  ABImemcpy_unaligned.o [9]
__iar_zero_init3        0x0001ddbf    0x40  Code  Gb  zero_init3.o [9]
activeTaskID            0x200044a4     0x1  Data  Lc  osal.o [1]
advCmd {Abs}            0x20004c24    0x48  Data  Gb  ble_rom_patch.symbols [2]
advEvt2State {Abs}      0x1000d9c0     0x8  Data  Gb  ble_rom_patch.symbols [2]
advInfo {Abs}           0x200049ec    0xa0  Data  Gb  ble_rom_patch.symbols [2]
advInfoExt              0x20004354     0x4  Data  Gb  ll_patch.o [4]
advOutput {Abs}         0x20004e98    0x10  Data  Gb  ble_rom_patch.symbols [2]
advParam {Abs}          0x20004d58    0x20  Data  Gb  ble_rom_patch.symbols [2]
advPktSuffix            0x0000fd48     0x4  Data  Gb  ll_config.o [4]
appForceBoot            0x0001421f     0x2  Code  Gb  onboard.o [1]
appTaskID               0x200046fe     0x1  Data  Gb  gattservapp.o [8]
appearance              0x20004628     0x2  Data  Lc  gapgattserver.o [8]
appearanceCharProps     0x20004702     0x1  Data  Lc  gapgattserver.o [8]
appearanceUUID          0x0001ccac     0x2  Data  Gb  gatt_uuid.o [8]
assertSubcause          0x2000449c     0x1  Data  Gb  hal_assert.o [1]
attSendMsg              0x0001711f    0x86  Code  Gb  att_util.o [8]
attSendRspMsg           0x000111c3    0x30  Code  Lc  att_server.o [8]
attServerNotifyTxCB     0x20004800     0x4  Data  Lc  att_server.o [8]
attrLen                 0x2000482e     0x2  Data  Lc  gattservapp.o [8]
autoSyncWhiteList       0x2000445e     0x1  Data  Lc  gapbondmgr.o [1]
baseTaskID              0x200044c8     0x2  Data  Gb  osal_cbtimer.o [1]
bleDispatch_BMAlloc     0x000103ff    0x36  Code  Gb  ble_dispatch.o [1]
bleDispatch_BMFree      0x00010435    0x12  Code  Gb  ble_dispatch.o [1]
bleDispatch_Init        0x0000fea9     0x8  Code  Gb  ble_dispatch.o [1]
bleDispatch_ProcessEvent
                        0x0000feb1    0xb2  Code  Gb  ble_dispatch.o [1]
bleDispatch_TaskID      0x200048d6     0x1  Data  Gb  ble_dispatch.o [1]
bleEvtMask {Abs}        0x20004f08     0x1  Data  Gb  ble_rom_patch.symbols [2]
bm_desc_from_payload    0x00014b8d    0x1e  Code  Lc  osal_bufmgr.o [1]
bm_list_ptr             0x200047e4     0x4  Data  Lc  osal_bufmgr.o [1]
bondIdx                 0x20004460     0x1  Data  Lc  gapbondmgr.o [1]
bonds                   0x20004748    0x8c  Data  Lc  gapbondmgr.o [1]
bondsToDelete           0x20004464     0xc  Data  Lc  gapbondmgr.o [1]
btBaseUUID              0x00017268    0x10  Data  Gb  att_util.o [8]
buildInfo {Abs}         0x20004c98     0x4  Data  Gb  ble_rom_patch.symbols [2]
cachedTRNGdata {Abs}    0x20004ee8     0xc  Data  Gb  ble_rom_patch.symbols [2]
cbTimerSetup            0x000190ed    0x9e  Code  Lc  osal_cbtimer.o [1]
cbTimers                0x200044cc    0x78  Data  Gb  osal_cbtimer.o [1]
characterUUID           0x0001cca0     0x2  Data  Gb  gatt_uuid.o [8]
checkNVLen              0x00010307    0x38  Code  Lc  ble_dispatch.o [1]
clientCharCfgUUID       0x0001cca4     0x2  Data  Gb  gatt_uuid.o [8]
compactPage             0x00013fdb   0x100  Code  Lc  osal_snv_wrapper.o [1]
connOutput {Abs}        0x20004e70    0x14  Data  Gb  ble_rom_patch.symbols [2]
const_Rb                0x00019d40    0x10  Data  Gb  sm_mgr.o [8]
ctrlToHostEnable {Abs}  0x20004f24     0x1  Data  Gb  ble_rom_patch.symbols [2]
curTxPowerVal {Abs}     0x20004cb9     0x1  Data  Gb  ble_rom_patch.symbols [2]
deviceFeatureSet {Abs}  0x20004ed0     0xc  Data  Gb  ble_rom_patch.symbols [2]
deviceName              0x2000462c    0x18  Data  Lc  gapgattserver.o [8]
deviceNameCharProps     0x20004701     0x1  Data  Lc  gapgattserver.o [8]
deviceNameUUID          0x0001cca8     0x2  Data  Gb  gatt_uuid.o [8]
disableCache            0x00014169    0x2a  Code  Lc  osal_snv_wrapper.o [1]
[...]
maxNumTxDataBufs        0x20004352     0x1  Data  Gb  ll_patch.o [4]
maxPduSize              0x20004350     0x1  Data  Gb  ll_patch.o [4]
maxPktsPerEvt           0x0000fd58     0x4  Data  Gb  ll_config.o [4]
maxTxPwrForDTM {Abs}    0x20004c85     0x1  Data  Gb  ble_rom_patch.symbols [2]
nextHandle              0x20004618     0x2  Data  Lc  gatt_server.o [8]
numComplPkts {Abs}      0x20004cba     0x1  Data  Gb  ble_rom_patch.symbols [2]
numComplPktsFlush {Abs}
                        0x20004c88     0x1  Data  Gb  ble_rom_patch.symbols [2]
numComplPktsLimit {Abs}
                        0x20004c87     0x1  Data  Gb  ble_rom_patch.symbols [2]
numHostBufs {Abs}       0x20004f26     0x2  Data  Gb  ble_rom_patch.symbols [2]
numTxDataBufs {Abs}     0x20004c8b     0x1  Data  Gb  ble_rom_patch.symbols [2]
onePktPerEvt {Abs}      0x20004c86     0x1  Data  Gb  ble_rom_patch.symbols [2]
osalAddTimer            0x00016aaf    0x3c  Code  Gb  osal_timers.o [1]
osalAdjustTimer         0x0001ac0d    0x4e  Code  Gb  osal_clock.o [1]
osalFindTimer           0x00016aeb    0x16  Code  Gb  osal_timers.o [1]
osalInitTasks           0x00016de1    0x7c  Code  Gb  osal_icall_ble.o [1]
osalTimerInit           0x00016a9f    0x10  Code  Gb  osal_timers.o [1]
osalTimerUpdate         0x00016c13    0xcc  Code  Gb  osal_timers.o [1]
osal_CbTimerInit        0x00018ff9    0x1c  Code  Gb  osal_cbtimer.o [1]
osal_CbTimerProcessEvent
                        0x00019015    0x76  Code  Gb  osal_cbtimer.o [1]
osal_CbTimerStart       0x0001908b     0x6  Code  Gb  osal_cbtimer.o [1]
osal_CbTimerStop        0x00019099    0x54  Code  Gb  osal_cbtimer.o [1]
osal_alien2proxy        0x00010c97    0x2c  Code  Lc  osal.o [1]
osal_bm_adjust_header   0x00014b65    0x28  Code  Gb  osal_bufmgr.o [1]
osal_bm_alloc           0x00014aed    0x32  Code  Gb  osal_bufmgr.o [1]
osal_bm_free            0x00014b1f    0x46  Code  Gb  osal_bufmgr.o [1]
osal_clear_event        0x00010ba9    0x36  Code  Gb  osal.o [1]
osal_dispatch_entities  0x200044c4     0x4  Data  Lc  osal.o [1]
osal_enroll_dispatchid  0x000108f3    0x16  Code  Gb  osal.o [1]
osal_enroll_senderid    0x00010909    0x14  Code  Gb  osal.o [1]
osal_entity             0x200048d7     0x1  Data  Gb  osal.o [1]
osal_eventloop_hook     0x200044ac     0x4  Data  Gb  osal.o [1]
osal_get_timeoutEx      0x00016beb    0x28  Code  Gb  osal_timers.o [1]
osal_init_system        0x00010be7    0x5c  Code  Gb  osal.o [1]
osal_isbufset           0x00010e89    0x1e  Code  Gb  osal.o [1]
osal_last_timestamp     0x200047f8     0x4  Data  Gb  osal_timers.o [1]
osal_max_msecs          0x200044b8     0x4  Data  Gb  osal.o [1]
osal_mem_alloc          0x000169e1    0x18  Code  Gb  osal_memory_icall.o [1]
osal_mem_free           0x000169f9    0x10  Code  Gb  osal_memory_icall.o [1]
osal_memcmp             0x000108bf    0x1c  Code  Gb  osal.o [1]
osal_memcpy             0x00010877    0x14  Code  Gb  osal.o [1]
osal_memdup             0x000108a3    0x1c  Code  Gb  osal.o [1]
osal_memset             0x000108db    0x14  Code  Gb  osal.o [1]
osal_msec_timer_cback   0x00010cd9    0x20  Code  Lc  osal.o [1]
osal_msec_timer_seq     0x200044c0     0x4  Data  Lc  osal.o [1]
osal_msg_allocate       0x0001091d    0x24  Code  Gb  osal.o [1]
osal_msg_deallocate     0x00010941    0x1e  Code  Gb  osal.o [1]
osal_msg_enqueue        0x00010a85    0x24  Code  Gb  osal.o [1]
osal_msg_enqueue_push   0x000109b7    0x64  Code  Lc  osal.o [1]
osal_msg_extract        0x00010acf    0x38  Code  Gb  osal.o [1]
osal_msg_push           0x00010ab5     0xe  Code  Gb  osal.o [1]
osal_msg_receive        0x00010a1f    0x66  Code  Gb  osal.o [1]
osal_msg_send           0x0001095f    0x58  Code  Gb  osal.o [1]
osal_next_timeout       0x00016cdf    0x1c  Code  Gb  osal_timers.o [1]
osal_notask_entity      0x200044a5     0x1  Data  Lc  osal.o [1]
osal_proxy2alien        0x00010cc3    0x16  Code  Lc  osal.o [1]
osal_proxy_tasks        0x200044a6     0x2  Data  Lc  osal.o [1]
osal_pwrmgr_init        0x00016d35     0xc  Code  Gb  osal_pwrmgr.o [1]
osal_pwrmgr_task_state  0x00016d41    0x5c  Code  Gb  osal_pwrmgr.o [1]
osal_qHead              0x200044a8     0x4  Data  Gb  osal.o [1]
osal_rand               0x000108ef     0x4  Code  Gb  osal.o [1]
osal_revmemcpy          0x0001088b    0x18  Code  Gb  osal.o [1]
osal_run_system         0x00010d1d   0x15c  Code  Gb  osal.o [1]
osal_semaphore          0x200044b0     0x4  Data  Gb  osal.o [1]
osal_service_entry      0x00010cf9    0x24  Code  Gb  osal.o [1]
osal_set_event          0x00010b07    0x9a  Code  Gb  osal.o [1]
osal_snv_compact        0x000141ed    0x18  Code  Gb  osal_snv_wrapper.o [1]
osal_snv_init           0x000141ad     0x4  Code  Gb  osal_snv_wrapper.o [1]
osal_snv_read           0x000141b1    0x20  Code  Gb  osal_snv_wrapper.o [1]
osal_snv_write          0x000141d1    0x1c  Code  Gb  osal_snv_wrapper.o [1]
osal_start_reload_timer
                        0x00016b85    0x26  Code  Gb  osal_timers.o [1]
osal_start_system       0x00010c43    0x54  Code  Gb  osal.o [1]
osal_start_timerEx      0x00016b55    0x30  Code  Gb  osal_timers.o [1]
osal_stop_timerEx       0x00016bb5    0x2c  Code  Gb  osal_timers.o [1]
osal_strlen             0x00010873     0x4  Code  Gb  osal.o [1]
osal_systemClock        0x200047fc     0x4  Data  Lc  osal_timers.o [1]
osal_tickperiod         0x200044b4     0x4  Data  Gb  osal.o [1]
osal_timer_refTimeUpdate
                        0x00016b01    0x54  Code  Gb  osal_timers.o [1]
osal_timerid_msec_timer
                        0x200044bc     0x4  Data  Lc  osal.o [1]
ownPublicAddr {Abs}     0x20004c6c     0x8  Data  Gb  ble_rom_patch.symbols [2]
ownRandomAddr {Abs}     0x20004c74     0x8  Data  Gb  ble_rom_patch.symbols [2]
ownSavedPublicAddr {Abs}
                        0x20004c7c     0x8  Data  Gb  ble_rom_patch.symbols [2]
pAttrValue              0x20004834     0x4  Data  Lc  gattservapp.o [8]
pAuthEvt                0x2000447c     0x4  Data  Lc  gapbondmgr.o [1]
pAuthLink               0x20004558     0x4  Data  Gb  gap_linkmgr.o [8]
pBleEvtMask             0x200048b4     0x8  Data  Gb  hci_event_patch.o [4]
pEstLink                0x20004554     0x4  Data  Gb  gap_linkmgr.o [8]
pGapAdData              0x200045e4     0x4  Data  Lc  gap_peridevmgr.o [8]
pGapAdvTokens           0x200045e0     0x4  Data  Lc  gap_peridevmgr.o [8]
pGapAdvertState         0x20004810     0x4  Data  Gb  gap_devmgr.o [8]
pGapBondCB              0x20004478     0x4  Data  Lc  gapbondmgr.o [1]
pGapDiscReq             0x2000480c     0x4  Data  Gb  gap_devmgr.o [8]
pGapScanRspData         0x200045e8     0x4  Data  Lc  gap_peridevmgr.o [8]
pHciEvtMask {Abs}       0x20004f00     0x8  Data  Gb  ble_rom_patch.symbols [2]
pHciEvtMask2            0x200048bc     0x8  Data  Gb  hci_event_patch.o [4]
pPairingParams          0x200048c4     0x4  Data  Gb  sm_pairing.o [8]
pServiceList            0x2000461c     0x4  Data  Lc  gatt_server.o [8]
patchBleRfe             0x00017528   0x4ec  Data  Lc  ll_patch.o [4]
patchImageBle           0x00017398   0x13c  Data  Lc  ll_patch.o [4]
peerInfo {Abs}          0x20004c9c     0xc  Data  Gb  ble_rom_patch.symbols [2]
periConnParamCharProps  0x20004703     0x1  Data  Lc  gapgattserver.o [8]
periConnParamUUID       0x0001ccb0     0x2  Data  Gb  gatt_uuid.o [8]
periConnParameters      0x20004620     0x8  Data  Lc  gapgattserver.o [8]
pfnBondMgrCBs           0x20004808     0x4  Data  Gb  gap_task.o [8]
pfnCentralCBs           0x20004600     0x4  Data  Lc  gap_task.o [8]
pfnCentralConnCBs       0x2000455c     0x4  Data  Gb  gap_linkmgr.o [8]
pfnClientProcessMsgCB   0x20004840     0x4  Data  Lc  gatt_task.o [8]
pfnInitiatorCBs         0x200048cc     0x4  Data  Lc  sm_pairing.o [8]
pfnPeripheralCBs        0x200045fc     0x4  Data  Gb  gap_task.o [8]
pfnPeripheralConnCBs    0x20004804     0x4  Data  Gb  gap_linkmgr.o [8]
pfnResponderCBs         0x200048c8     0x4  Data  Gb  sm_pairing.o [8]
pfnServerProcessMsgCB   0x2000483c     0x4  Data  Lc  gatt_task.o [8]
pgOff                   0x200046fa     0x2  Data  Lc  osal_snv_wrapper.o [1]
postRfOperations {Abs}  0x20004cbe     0x2  Data  Gb  ble_rom_patch.symbols [2]
prepareWritesTbl        0x20004830     0x4  Data  Lc  gattservapp.o [8]
primaryServiceUUID      0x0001cc98     0x2  Data  Gb  gatt_uuid.o [8]
processDispGAPProfile   0x00010745    0xa4  Code  Lc  ble_dispatch.o [1]
processDispMsg          0x00010615   0x118  Code  Lc  ble_dispatch.o [1]
processICallGAP         0x00010447   0x1ce  Code  Lc  ble_dispatch.o [1]
processICallHost        0x0000ff71    0xbe  Code  Lc  ble_dispatch.o [1]
processICallLL          0x0001002f   0x28a  Code  Lc  ble_dispatch.o [1]
processICallUTIL        0x00010341    0xb4  Code  Lc  ble_dispatch.o [1]
pwrmgr_attribute        0x200048d2     0x2  Data  Gb  osal_pwrmgr.o [1]
pwrmgr_initialized      0x200048d0     0x1  Data  Gb  osal_pwrmgr.o [1]
ratChanInfo {Abs}       0x20004fac    0x20  Data  Gb  ble_rom_patch.symbols [2]
reqTaskId               0x20004700     0x1  Data  Gb  gatt_server.o [8]
rfCallback              0x0001d93d    0x2a  Code  Gb  ll_isr.o [4]
rfCfgAdiVal {Abs}       0x20004c94     0x2  Data  Gb  ble_rom_patch.symbols [2]
rfCfgVal                0x0000fd40     0x4  Data  Gb  ll_config.o [4]
rfCmdHandle             0x20004358     0x2  Data  Gb  ll_patch.o [4]
rfDrvTblPtr             0x20004360     0x4  Data  Gb  ll_patch.o [4]
rfEvent                 0x20004708     0x8  Data  Gb  ll_patch.o [4]
rfFeModeBias            0x20004351     0x1  Data  Gb  ll_patch.o [4]
rfHandle                0x2000435c     0x4  Data  Gb  ll_patch.o [4]
rfMode                  0x20004374    0x10  Data  Gb  ll_patch.o [4]
rfObject                0x200043b0    0x98  Data  Gb  ll_patch.o [4]
rfOpLoc                 0x0000fd5c     0x4  Data  Gb  ll_config.o [4]
rfPUpCallback           0x0001d931     0xc  Code  Gb  ll_isr.o [4]
rfParams                0x20004384    0x14  Data  Gb  ll_patch.o [4]
rfSetup                 0x20004398    0x18  Data  Gb  ll_patch.o [4]
rf_patch_cpe_ble        0x00017361    0x38  Code  Lc  ll_patch.o [4]
rf_patch_rfe_ble        0x000174d5    0x52  Code  Lc  ll_patch.o [4]
rsp                     0x20004814    0x18  Data  Lc  gattservapp.o [8]
rspBuf                  0x20004710    0x38  Data  Gb  ble_dispatch.o [1]
rssiCorrection {Abs}    0x20004cc0     0x1  Data  Gb  ble_rom_patch.symbols [2]
rxDataQ {Abs}           0x20004f0c     0x4  Data  Gb  ble_rom_patch.symbols [2]
rxFifoFlowCtrl {Abs}    0x20004c8a     0x1  Data  Gb  ble_rom_patch.symbols [2]
rxModemTestCmd {Abs}    0x20004e40    0x18  Data  Gb  ble_rom_patch.symbols [2]
rxPktSuffix             0x0000fd44     0x4  Data  Gb  ll_config.o [4]
rxRingBuf {Abs}         0x20004f10     0x4  Data  Gb  ble_rom_patch.symbols [2]
rxTestOut {Abs}         0x20004ec4     0xc  Data  Gb  ble_rom_patch.symbols [2]
rxTestParam {Abs}       0x20004e84    0x14  Data  Gb  ble_rom_patch.symbols [2]
scanPktSuffix           0x0000fd4c     0x4  Data  Gb  ll_config.o [4]
sclkSrc                 0x20004370     0x4  Data  Gb  ll_patch.o [4]
secondaryServiceUUID    0x0001cc9c     0x2  Data  Gb  gatt_uuid.o [8]
sendAuthEvent           0x00015b61    0xe0  Code  Lc  gap_linkmgr.o [8]
sendEstLinkEvent        0x00015a7f    0x5c  Code  Gb  gap_linkmgr.o [8]
sendGapCmdStatus        0x000102b9    0x4e  Code  Lc  ble_dispatch.o [1]
sendTerminateEvent      0x00015adb    0x28  Code  Lc  gap_linkmgr.o [8]
serverInfoTbl           0x20004844     0x4  Data  Gb  gatt_server.o [8]
serviceCBsList          0x20004838     0x4  Data  Lc  gattservapp.o [8]
setActivePage           0x00013f03    0x10  Code  Lc  osal_snv_wrapper.o [1]
setBleUserConfig        0x0001b001    0x74  Code  Gb  ble_user_config.o [1]
setXferPage             0x00013f13     0xa  Code  Lc  osal_snv_wrapper.o [1]
slOverride {Abs}        0x20004c89     0x1  Data  Gb  ble_rom_patch.symbols [2]
slaveConnHandle         0x20004550     0x2  Data  Gb  gap_linkmgr.o [8]
slaveUpdateReq          0x20004548     0x8  Data  Gb  gap_linkmgr.o [8]
sleepDelay {Abs}        0x20004c96     0x2  Data  Gb  ble_rom_patch.symbols [2]
slvCmd {Abs}            0x20004de0    0x18  Data  Gb  ble_rom_patch.symbols [2]
slvParam {Abs}          0x20004d38    0x20  Data  Gb  ble_rom_patch.symbols [2]
smAuthReqToUint8        0x00019961    0x2e  Code  Gb  sm_mgr.o [8]
smDetermineKeySize      0x0001a455    0x22  Code  Gb  sm_pairing.o [8]
smEncrypt               0x000199cb     0x8  Code  Lc  sm_mgr.o [8]
smEncryptLocal          0x000199d3     0x4  Code  Lc  sm_mgr.o [8]
smEndPairing            0x0001a425    0x30  Code  Gb  sm_pairing.o [8]
smFreePairingParams     0x0001a3db    0x4a  Code  Lc  sm_pairing.o [8]
smGenerateConfirm       0x0001a197    0x18  Code  Gb  sm_pairing.o [8]
smGeneratePairingReqRsp
                        0x0001a16b    0x2c  Code  Gb  sm_pairing.o [8]
smGenerateRandBuf       0x00019937    0x2a  Code  Gb  sm_mgr.o [8]
smGenerateRandMsg       0x0001a1af    0x16  Code  Gb  sm_pairing.o [8]
smLinkCheck             0x00019e65    0x22  Code  Gb  sm_pairing.o [8]
smNextPairingState      0x0001a02d    0x30  Code  Gb  sm_pairing.o [8]
smPairingSendEncInfo    0x0001a379     0x6  Code  Gb  sm_pairing.o [8]
smPairingSendIdentityAddrInfo
                        0x0001a3b1    0x24  Code  Gb  sm_pairing.o [8]
smPairingSendIdentityInfo
                        0x0001a3a7     0x4  Code  Gb  sm_pairing.o [8]
smPairingSendMasterID   0x0001a37f    0x28  Code  Gb  sm_pairing.o [8]
smPairingSendSigningInfo
                        0x0001a3d5     0x6  Code  Gb  sm_pairing.o [8]
smProcessDataMsg        0x00019e8d    0xd4  Code  Gb  sm_pairing.o [8]
smProcessEncryptChange  0x00019f7d    0xb0  Code  Gb  sm_pairing.o [8]
smProcessPairingReq     0x0001a0fb    0x56  Code  Gb  sm_pairing.o [8]
smRegisterResponder     0x00019e5d     0x8  Code  Gb  sm_pairing.o [8]
smResponderCBs          0x200046d4    0x10  Data  Lc  sm_rsppairing.o [8]
smResponderProcessLTKReq
                        0x000191cb    0xc2  Code  Lc  sm_rsppairing.o [8]
smResponderSendNextKeyInfo
                        0x00019531   0x1de  Code  Lc  sm_rsppairing.o [8]
smSavePairInfo          0x0001a1d9   0x1a0  Code  Gb  sm_pairing.o [8]
smSendFailAndEnd        0x00019f61    0x1c  Code  Gb  sm_pairing.o [8]
smSendFailureEvt        0x0001a4e5    0x2c  Code  Gb  sm_pairing.o [8]
smSendSMMsg             0x0001a87f    0x4a  Code  Gb  smp.o [8]
smSetPairingReqRsp      0x0001a477    0x40  Code  Lc  sm_pairing.o [8]
smStartEncryption       0x0001a151    0x1a  Code  Gb  sm_pairing.o [8]
smStartRspTimer         0x000197b7    0x1c  Code  Gb  sm_mgr.o [8]
smStopRspTimer          0x000197d3     0xa  Code  Gb  sm_mgr.o [8]
smTaskID                0x200048e3     0x1  Data  Gb  sm_task.o [8]
smTimedOut              0x00019e87     0x4  Code  Gb  sm_pairing.o [8]
smUint8ToAuthReq        0x0001998f    0x3c  Code  Gb  sm_mgr.o [8]
sm_CMAC                 0x00019b4b   0x1ba  Code  Lc  sm_mgr.o [8]
sm_ah                   0x000197ef    0x26  Code  Lc  sm_mgr.o [8]
sm_c1                   0x0001a05d    0x9e  Code  Gb  sm_pairing.o [8]
sm_c1new                0x00019829    0xb8  Code  Gb  sm_mgr.o [8]
sm_s1                   0x000198f7    0x20  Code  Gb  sm_mgr.o [8]
sm_xor                  0x000198e1    0x16  Code  Lc  sm_mgr.o [8]
smpBuildEncInfo         0x0001a74d    0x12  Code  Gb  smp.o [8]
smpBuildIdentityAddrInfo
                        0x0001a7cf    0x1e  Code  Gb  smp.o [8]
smpBuildIdentityInfo    0x0001a7bd    0x12  Code  Gb  smp.o [8]
smpBuildMasterID        0x0001a775    0x24  Code  Gb  smp.o [8]
smpBuildPairingConfirm  0x0001a6b7    0x12  Code  Gb  smp.o [8]
smpBuildPairingFailed   0x0001a717    0x18  Code  Gb  smp.o [8]
smpBuildPairingRandom   0x0001a6df    0x10  Code  Gb  smp.o [8]
smpBuildPairingReq      0x0001a52d     0x8  Code  Gb  smp.o [8]
smpBuildPairingReqRsp   0x0001a53b    0xa8  Code  Gb  smp.o [8]
smpBuildPairingRsp      0x0001a535     0x6  Code  Gb  smp.o [8]
smpBuildSecurityReq     0x0001a847    0x1c  Code  Gb  smp.o [8]
smpBuildSigningInfo     0x0001a81f    0x12  Code  Gb  smp.o [8]
smpParseEncInfo         0x0001a75f    0x16  Code  Gb  smp.o [8]
smpParseIdentityAddrInfo
                        0x0001a803    0x1c  Code  Gb  smp.o [8]
smpParseIdentityInfo    0x0001a7ed    0x16  Code  Gb  smp.o [8]
smpParseMasterID        0x0001a799    0x24  Code  Gb  smp.o [8]
smpParsePairingConfirm  0x0001a6c9    0x16  Code  Gb  smp.o [8]
smpParsePairingFailed   0x0001a72f    0x1e  Code  Gb  smp.o [8]
smpParsePairingRandom   0x0001a701    0x16  Code  Gb  smp.o [8]
smpParsePairingReq      0x0001a5e3    0xd4  Code  Gb  smp.o [8]
smpParseSecurityReq     0x0001a863    0x1c  Code  Gb  smp.o [8]
smpParseSigningInfo     0x0001a831    0x16  Code  Gb  smp.o [8]
smpResponderProcessIncoming
                        0x00019299   0x1f2  Code  Lc  sm_rsppairing.o [8]
smpResponderSendPairRspEvent
                        0x00019493    0x92  Code  Lc  sm_rsppairing.o [8]
sspAesDecrypt_Sw {Abs}  0x10016d29    0x78  Code  Gb  ble_rom_patch.symbols [2]
sspAesEncryptBasic_Sw {Abs}
                        0x10016af5    0x62  Code  Gb  ble_rom_patch.symbols [2]
sspAesEncryptKeyExp_Sw {Abs}
                        0x10016a99    0x4e  Code  Gb  ble_rom_patch.symbols [2]
sspAesEncrypt_Sw {Abs}  0x10016979     0xc  Code  Gb  ble_rom_patch.symbols [2]
sspKeyExpansion_Sw {Abs}
                        0x10016985   0x114  Code  Gb  ble_rom_patch.symbols [2]
ssp_KeyInit_Sw {Abs}    0x10016975     0x2  Code  Gb  ble_rom_patch.symbols [2]
stack_main              0x00016e5d    0x4e  Code  Gb  osal_icall_ble.o [1]
startup_entry           0x0000fcc9    0x30  Code  Gb  icall_startup.o [1]
strlen                  0x000169a9          Code  Gb  strlen.o [9]
supportedCmdsTable      0x00012f5c    0x44  Data  Gb  hci_patch.o [4]
taskEndAction {Abs}     0x20004cc4     0x4  Data  Gb  ble_rom_patch.symbols [2]
taskEndStatus {Abs}     0x20004f0a     0x2  Data  Gb  ble_rom_patch.symbols [2]
tasksArr                0x0000fcf8    0x28  Data  Gb  osal_icall_ble.o [1]
tasksCnt                0x0000fd20     0x1  Data  Gb  osal_icall_ble.o [1]
tasksEvents             0x200047f0     0x4  Data  Gb  osal_icall_ble.o [1]
terminateAllTaskID      0x20004544     0x1  Data  Lc  gap_linkmgr.o [8]
terminateReason         0x20004545     0x1  Data  Lc  gap_linkmgr.o [8]
timeMSec                0x200047e8     0x4  Data  Lc  osal_clock.o [1]
timerHead               0x200047f4     0x4  Data  Gb  osal_timers.o [1]
trngDrvTblPtr           0x20004368     0x4  Data  Gb  ll_patch.o [4]
trxTestCmd {Abs}        0x20004e28    0x18  Data  Gb  ble_rom_patch.symbols [2]
txDataQ {Abs}           0x20004f1c     0x4  Data  Gb  ble_rom_patch.symbols [2]
txModemTestCmd {Abs}    0x20004d78    0x1c  Data  Gb  ble_rom_patch.symbols [2]
txPowerTable            0x0000fd34     0x4  Data  Gb  ll_config.o [4]
txPwrTbl                0x0000fd38     0x8  Data  Gb  ll_config.o [4]
txTestOut {Abs}         0x20004f20     0x4  Data  Gb  ble_rom_patch.symbols [2]
txTestParam {Abs}       0x20004ea8    0x10  Data  Gb  ble_rom_patch.symbols [2]
verInfo {Abs}           0x20004c8c     0x8  Data  Gb  ble_rom_patch.symbols [2]
wlSize                  0x0000fd54     0x1  Data  Gb  ll_config.o [4]
wlTable {Abs}           0x20004a8c    0x84  Data  Gb  ble_rom_patch.symbols [2]
writeWord               0x000140db    0x6e  Code  Lc  osal_snv_wrapper.o [1]
xor_128                 0x00019d13    0x14  Code  Lc  sm_mgr.o [8]


[1] = F:\PersonalProject\BLE-CC2541\BLE_Meeting\CC2640\examples\cc2650em\simple_peripheral\iar\stack\FlashROM\Obj
[2] = F:\PersonalProject\BLE-CC2541\BLE_Meeting\CC2640\src\rom\ble_rom_releases\04242014
[3] = command line
[4] = cc2640_ctrl_pxxx.a
[5] = cc26xx_hci_tl_none.a
[6] = dl7M_tln.a
[7] = driverlib.lib
[8] = host_pxxx.a
[9] = rt7M_tl.a

  57 558 bytes of readonly  code memory
   4 653 bytes of readonly  data memory
   1 428 bytes of readwrite data memory

Errors: none
Warnings: 1
