******************************************************************************
                  TI ARM Linker PC v15.12.3                    
******************************************************************************
>> Linked Wed Feb 14 09:38:06 2018

OUTPUT FILE NAME:   <simple_peripheral_cc2650lp_app.out>
ENTRY POINT SYMBOL: "ResetISR"  address: 00004ba5


MEMORY CONFIGURATION

         name            origin    length      used     unused   attr    fill
----------------------  --------  ---------  --------  --------  ----  --------
  FLASH                 00000000   0000e000  00007a28  000065d8  R  X
  FLASH_LAST_PAGE       0001f000   00001000  00000058  00000fa8  R  X
  SRAM                  20000000   00004348  000020c5  00002283  RW X


SEGMENT ALLOCATION MAP

run origin  load origin   length   init length attrs members
----------  ----------- ---------- ----------- ----- -------
00000000    00000000    00007a34   00007a34    r-x
  00000000    00000000    0000003c   0000003c    r-- .resetVecs
  0000003c    0000003c    000000c4   000000c4    r-x .text.1
  00000100    00000100    0000003c   0000003c    r-- .const:ti_sysbios_knl_Task_Object__PARAMS__C
  0000013c    0000013c    00000034   00000034    r-- .const:ti_sysbios_knl_Mailbox_Object__PARAMS__C
  00000170    00000170    00000030   00000030    r-- .const:ti_sysbios_family_arm_m3_Hwi_Object__PARAMS__C
  000001a0    000001a0    0000002c   0000002c    r-- .const:ti_sysbios_hal_Hwi_Object__PARAMS__C
  000001cc    000001cc    00000028   00000028    r-- .const:ti_sysbios_heaps_HeapMem_Module__FXNS__C
  000001f4    000001f4    00000028   00000028    r-- .const:ti_sysbios_knl_Swi_Object__PARAMS__C
  0000021c    0000021c    00000024   00000024    r-- .const:ti_sysbios_gates_GateHwi_Module__FXNS__C
  00000240    00000240    00000024   00000024    r-- .const:ti_sysbios_gates_GateMutex_Module__FXNS__C
  00000264    00000264    00000024   00000024    r-- .const:ti_sysbios_heaps_HeapMem_Object__PARAMS__C
  00000288    00000288    00000024   00000024    r-- .const:ti_sysbios_knl_Clock_Object__PARAMS__C
  000002ac    000002ac    00000024   00000024    r-- .const:ti_sysbios_knl_Semaphore_Object__PARAMS__C
  000002d0    000002d0    00000020   00000020    r-- .const:ti_sysbios_family_arm_m3_Hwi_Object__DESC__C
  000002f0    000002f0    00000020   00000020    r-- .const:ti_sysbios_gates_GateHwi_Object__DESC__C
  00000310    00000310    00000020   00000020    r-- .const:ti_sysbios_gates_GateMutex_Object__DESC__C
  00000330    00000330    00000020   00000020    r-- .const:ti_sysbios_hal_Hwi_Object__DESC__C
  00000350    00000350    00000020   00000020    r-- .const:ti_sysbios_heaps_HeapMem_Object__DESC__C
  00000370    00000370    00000020   00000020    r-- .const:ti_sysbios_knl_Clock_Object__DESC__C
  00000390    00000390    00000020   00000020    r-- .const:ti_sysbios_knl_Mailbox_Object__DESC__C
  000003b0    000003b0    00000020   00000020    r-- .const:ti_sysbios_knl_Queue_Object__DESC__C
  000003d0    000003d0    00000020   00000020    r-- .const:ti_sysbios_knl_Semaphore_Object__DESC__C
  000003f0    000003f0    00000020   00000020    r-- .const:ti_sysbios_knl_Swi_Object__DESC__C
  00000410    00000410    00000020   00000020    r-- .const:ti_sysbios_knl_Task_Object__DESC__C
  00000430    00000430    00000018   00000018    r-- .const:ti_sysbios_gates_GateHwi_Object__PARAMS__C
  00000448    00000448    00000018   00000018    r-- .const:ti_sysbios_gates_GateMutex_Object__PARAMS__C
  00000460    00000460    00000018   00000018    r-- .const:ti_sysbios_knl_Queue_Object__PARAMS__C
  00000478    00000478    00000008   00000008    r-- .const:ti_sysbios_knl_Idle_funcList__C
  00000480    00000480    00000004   00000004    r-x .text.2
  00000484    00000484    00000004   00000004    r-- .const:ti_sysbios_family_arm_cc26xx_Timer_startupNeeded__C
  00000488    00000488    00000004   00000004    r-- .const:ti_sysbios_family_arm_m3_Hwi_E_alreadyDefined__C
  0000048c    0000048c    00000004   00000004    r-- .const:ti_sysbios_family_arm_m3_Hwi_E_hwiLimitExceeded__C
  00000490    00000490    00000004   00000004    r-- .const:ti_sysbios_family_arm_m3_Hwi_NUM_INTERRUPTS__C
  00000494    00000494    00000004   00000004    r-- .const:ti_sysbios_family_arm_m3_Hwi_Object__count__C
  00000498    00000498    00000004   00000004    r-- .const:ti_sysbios_family_arm_m3_Hwi_Object__table__C
  0000049c    0000049c    00000004   00000004    r-- .const:ti_sysbios_family_arm_m3_Hwi_ccr__C
  000004a0    000004a0    00000004   00000004    r-- .const:ti_sysbios_family_arm_m3_Hwi_excHandlerFunc__C
  000004a4    000004a4    00000004   00000004    r-- .const:ti_sysbios_family_arm_m3_Hwi_nullIsrFunc__C
  000004a8    000004a8    00000004   00000004    r-- .const:ti_sysbios_family_arm_m3_Hwi_numSparseInterrupts__C
  000004ac    000004ac    00000004   00000004    r-- .const:ti_sysbios_family_arm_m3_Hwi_priGroup__C
  000004b0    000004b0    00000004   00000004    r-- .const:ti_sysbios_family_arm_m3_TaskSupport_stackAlignment__C
  000004b4    000004b4    00000004   00000004    r-- .const:ti_sysbios_heaps_HeapMem_E_memory__C
  000004b8    000004b8    00000004   00000004    r-- .const:ti_sysbios_heaps_HeapMem_Module__gateObj__C
  000004bc    000004bc    00000004   00000004    r-- .const:ti_sysbios_heaps_HeapMem_Object__count__C
  000004c0    000004c0    00000004   00000004    r-- .const:ti_sysbios_heaps_HeapMem_Object__table__C
  000004c4    000004c4    00000004   00000004    r-- .const:ti_sysbios_heaps_HeapMem_reqAlign__C
  000004c8    000004c8    00000004   00000004    r-- .const:ti_sysbios_knl_Clock_serviceMargin__C
  000004cc    000004cc    00000004   00000004    r-- .const:ti_sysbios_knl_Mailbox_Object__count__C
  000004d0    000004d0    00000004   00000004    r-- .const:ti_sysbios_knl_Mailbox_Object__table__C
  000004d4    000004d4    00000004   00000004    r-- .const:ti_sysbios_knl_Queue_Object__count__C
  000004d8    000004d8    00000004   00000004    r-- .const:ti_sysbios_knl_Queue_Object__table__C
  000004dc    000004dc    00000004   00000004    r-- .const:ti_sysbios_knl_Swi_Object__count__C
  000004e0    000004e0    00000004   00000004    r-- .const:ti_sysbios_knl_Swi_Object__table__C
  000004e4    000004e4    00000004   00000004    r-- .const:ti_sysbios_knl_Swi_numPriorities__C
  000004e8    000004e8    00000004   00000004    r-- .const:ti_sysbios_knl_Task_Object__count__C
  000004ec    000004ec    00000004   00000004    r-- .const:ti_sysbios_knl_Task_Object__table__C
  000004f0    000004f0    00000004   00000004    r-- .const:ti_sysbios_knl_Task_allBlockedFunc__C
  000004f4    000004f4    00000004   00000004    r-- .const:ti_sysbios_knl_Task_defaultStackHeap__C
  000004f8    000004f8    00000004   00000004    r-- .const:ti_sysbios_knl_Task_defaultStackSize__C
  000004fc    000004fc    00000004   00000004    r-- .const:ti_sysbios_knl_Task_numConstructedTasks__C
  00000500    00000500    00000002   00000002    r-x .text.3
  00000502    00000502    00000002   00000002    r-- .const:ti_sysbios_family_arm_cc26xx_Timer_Module__id__C
  00000504    00000504    00000002   00000002    r-- .const:ti_sysbios_family_arm_cc26xx_TimestampProvider_useClockTimer__C
  00000506    00000506    00000002   00000002    r-- .const:ti_sysbios_family_arm_m3_Hwi_Module__id__C
  00000508    00000508    00000002   00000002    r-- .const:ti_sysbios_gates_GateHwi_Module__id__C
  0000050a    0000050a    00000002   00000002    r-- .const:ti_sysbios_gates_GateMutex_Module__id__C
  0000050c    0000050c    00000002   00000002    r-- .const:ti_sysbios_heaps_HeapMem_Module__id__C
  0000050e    0000050e    00000002   00000002    r-- .const:ti_sysbios_knl_Task_initStackFlag__C
  00000510    00000510    00000001   00000001    r-- .const:ti_sysbios_knl_Clock_tickMode__C
  00000514    00000514    00000008   00000008    r-- .const:xdc_runtime_Startup_firstFxns__C
  0000051c    0000051c    00000008   00000008    r-- .const:xdc_runtime_Startup_lastFxns__C
  00000524    00000524    00000004   00000004    r-- .const:xdc_runtime_Assert_E_assertFailed__C
  00000528    00000528    00000004   00000004    r-- .const:xdc_runtime_Error_E_memory__C
  0000052c    0000052c    00000004   00000004    r-- .const:xdc_runtime_Error_policyFxn__C
  00000530    00000530    00000004   00000004    r-- .const:xdc_runtime_IGateProvider_Interface__BASE__C
  00000534    00000534    00000004   00000004    r-- .const:xdc_runtime_IHeap_Interface__BASE__C
  00000538    00000538    00000004   00000004    r-- .const:xdc_runtime_IModule_Interface__BASE__C
  0000053c    0000053c    00000004   00000004    r-- .const:xdc_runtime_Main_Module__diagsEnabled__C
  00000540    00000540    00000004   00000004    r-- .const:xdc_runtime_Main_Module__diagsIncluded__C
  00000544    00000544    00000004   00000004    r-- .const:xdc_runtime_Main_Module__diagsMask__C
  00000548    00000548    00000004   00000004    r-- .const:xdc_runtime_Memory_defaultHeapInstance__C
  0000054c    0000054c    00000004   00000004    r-- .const:xdc_runtime_Startup_execImpl__C
  00000550    00000550    00000004   00000004    r-- .const:xdc_runtime_Startup_maxPasses__C
  00000554    00000554    00000004   00000004    r-- .const:xdc_runtime_Startup_sfxnRts__C
  00000558    00000558    00000004   00000004    r-- .const:xdc_runtime_Startup_sfxnTab__C
  0000055c    0000055c    00000004   00000004    r-- .const:xdc_runtime_Startup_startModsFxn__C
  00000560    00000560    00000004   00000004    r-- .const:xdc_runtime_SysCallback_abortFxn__C
  00000564    00000564    00000004   00000004    r-- .const:xdc_runtime_SysCallback_exitFxn__C
  00000568    00000568    00000004   00000004    r-- .const:xdc_runtime_System_abortFxn__C
  0000056c    0000056c    00000004   00000004    r-- .const:xdc_runtime_System_exitFxn__C
  00000570    00000570    00000004   00000004    r-- .const:xdc_runtime_System_maxAtexitHandlers__C
  00000574    00000574    00000004   00000004    r-- .const:xdc_runtime_Text_charTab__C
  00000578    00000578    00000004   00000004    r-- .const:xdc_runtime_Text_nameEmpty__C
  0000057c    0000057c    00000004   00000004    r-- .const:xdc_runtime_Text_nameStatic__C
  00000580    00000580    00000004   00000004    r-- .const:xdc_runtime_Text_nameUnknown__C
  00000584    00000584    00000002   00000002    r-- .const:xdc_runtime_Main_Module__id__C
  00000586    00000586    00000002   00000002    r-- .const:xdc_runtime_Memory_Module__id__C
  00000588    00000588    00000002   00000002    r-- .const:xdc_runtime_Text_charCnt__C
  0000058a    0000058a    00000002   00000002    r-- .const:xdc_runtime_Text_isLoaded__C
  0000058c    0000058c    00000001   00000001    r-- .const:xdc_runtime_Error_policy__C
  00000590    00000590    00000004   00000004    r-- .const:ti_sysbios_rom_ROM_AONRTCChannelEnable
  00000594    00000594    00000004   00000004    r-- .const:ti_sysbios_rom_ROM_AONRTCCompareValueSet
  00000598    00000598    00000004   00000004    r-- .const:ti_sysbios_rom_ROM_AONRTCCurrentCompareValueGet
  0000059c    0000059c    00000004   00000004    r-- .const:ti_sysbios_rom_ROM_AONRTCEventClear
  000005a0    000005a0    00000004   00000004    r-- .const:ti_sysbios_rom_ROM_ti_sysbios_family_arm_cc26xx_Timer_getCount64__E
  000005a4    000005a4    00000004   00000004    r-- .const:ti_sysbios_rom_ROM_ti_sysbios_family_arm_cc26xx_Timer_getCurrentTick__E
  000005a8    000005a8    00000004   00000004    r-- .const:ti_sysbios_rom_ROM_ti_sysbios_family_arm_cc26xx_Timer_getMaxTicks__E
  000005ac    000005ac    00000004   00000004    r-- .const:ti_sysbios_rom_ROM_ti_sysbios_family_arm_cc26xx_Timer_initDevice__I
  000005b0    000005b0    00000004   00000004    r-- .const:ti_sysbios_rom_ROM_ti_sysbios_family_arm_cc26xx_Timer_setNextTick__E
  000005b4    000005b4    00000004   00000004    r-- .const:ti_sysbios_rom_ROM_ti_sysbios_family_arm_cc26xx_Timer_setThreshold__I
  000005b8    000005b8    00000004   00000004    r-- .const:ti_sysbios_rom_ROM_ti_sysbios_family_arm_cc26xx_Timer_start__E
  000005bc    000005bc    00000004   00000004    r-- .const:ti_sysbios_rom_ROM_ti_sysbios_family_arm_cc26xx_TimestampProvider_get32__E
  000005c0    000005c0    00000004   00000004    r-- .const:ti_sysbios_rom_ROM_xdc_runtime_Startup_getState__I
  000005c4    000005c4    00000004   00000004    r-- .const:ti_sysbios_rom_ROM_xdc_runtime_System_SupportProxy_abort__E
  000005c8    000005c8    00000004   00000004    r-- .const:ti_sysbios_rom_ROM_xdc_runtime_System_SupportProxy_exit__E
  000005cc    000005cc    00000004   00000004    r-- .const:ti_sysbios_gates_GateMutex_Instance_State_sem__O
  000005d0    000005d0    00000004   00000004    r-- .const:ti_sysbios_knl_Clock_Module_State_clockQ__O
  000005d4    000005d4    00000004   00000004    r-- .const:ti_sysbios_knl_Mailbox_Instance_State_dataQue__O
  000005d8    000005d8    00000004   00000004    r-- .const:ti_sysbios_knl_Mailbox_Instance_State_dataSem__O
  000005dc    000005dc    00000004   00000004    r-- .const:ti_sysbios_knl_Mailbox_Instance_State_freeQue__O
  000005e0    000005e0    00000004   00000004    r-- .const:ti_sysbios_knl_Mailbox_Instance_State_freeSem__O
  000005e4    000005e4    00000004   00000004    r-- .const:ti_sysbios_knl_Semaphore_Instance_State_pendQ__O
  000005e8    000005e8    00000004   00000004    r-- .const:ti_sysbios_knl_Task_Module_State_inactiveQ__O
  000005ec    000005ec    000069c0   000069c0    r-x .text.4
  00006fac    00006fac    00000316   00000316    r-- .const
  000072c8    000072c8    0000076c   0000076c    r-- .cinit
0001ffa8    0001ffa8    00000058   00000058    r--
  0001ffa8    0001ffa8    00000058   00000058    r-- .ccfg
20000100    20000100    00001c01   00000000    rw-
  20000100    20000100    00000044   00000000    rw- .data:ti_sysbios_knl_Task_Module__state__V
  20000144    20000144    00000034   00000000    rw- .data:ti_sysbios_family_arm_m3_Hwi_Module__state__V
  20000178    20000178    0000002c   00000000    rw- .data:ti_sysbios_knl_Clock_Module__state__V
  200001a4    200001a4    00000024   00000000    rw- .data:ti_sysbios_BIOS_Module__state__V
  200001c8    200001c8    0000001c   00000000    rw- .data:ti_sysbios_knl_Swi_Module__state__V
  200001e4    200001e4    00000008   00000000    rw- .data:ti_sysbios_family_arm_cc26xx_Timer_Module__state__V
  200001ec    200001ec    00000004   00000000    rw- .data:ti_sysbios_family_arm_cc26xx_TimestampProvider_Module__state__V
  200001f0    200001f0    00000008   00000000    rw- .data:xdc_runtime_Startup_Module__state__V
  200001f8    200001f8    00000008   00000000    rw- .data:xdc_runtime_System_Module__state__V
  20000200    20000200    00000004   00000000    rw- .data:xdc_runtime_Memory_Module__state__V
  20000208    20000208    00001078   00000000    rw- .data
  20001280    20001280    00000a81   00000000    rw- .bss
20003f48    20003f48    00000400   00000000    rw-
  20003f48    20003f48    00000400   00000000    rw- .stack


SECTION ALLOCATION MAP

 output                                  attributes/
section   page    origin      length       input sections
--------  ----  ----------  ----------   ----------------
.resetVecs 
*          0    00000000    0000003c     
                  00000000    0000003c     app_ble_pem3.oem3 (.resetVecs)

.text.1    0    0000003c    000000c4     
                  0000003c    000000b4     PINCC26XX.obj (.text:PINCC26XX_setIoCfg$6)
                  000000f0    00000008     (.tramp.ti_sysbios_family_arm_m3_Hwi_disableFxn__E.1)
                  000000f8    00000008     (.tramp.ti_sysbios_family_arm_m3_Hwi_restoreFxn__E.1)

.const:ti_sysbios_knl_Task_Object__PARAMS__C 
*          0    00000100    0000003c     
                  00000100    0000003c     app_ble_pem3.oem3 (.const:ti_sysbios_knl_Task_Object__PARAMS__C)

.const:ti_sysbios_knl_Mailbox_Object__PARAMS__C 
*          0    0000013c    00000034     
                  0000013c    00000034     app_ble_pem3.oem3 (.const:ti_sysbios_knl_Mailbox_Object__PARAMS__C)

.const:ti_sysbios_family_arm_m3_Hwi_Object__PARAMS__C 
*          0    00000170    00000030     
                  00000170    00000030     app_ble_pem3.oem3 (.const:ti_sysbios_family_arm_m3_Hwi_Object__PARAMS__C)

.const:ti_sysbios_hal_Hwi_Object__PARAMS__C 
*          0    000001a0    0000002c     
                  000001a0    0000002c     app_ble_pem3.oem3 (.const:ti_sysbios_hal_Hwi_Object__PARAMS__C)

.const:ti_sysbios_heaps_HeapMem_Module__FXNS__C 
*          0    000001cc    00000028     
                  000001cc    00000028     app_ble_pem3.oem3 (.const:ti_sysbios_heaps_HeapMem_Module__FXNS__C)

.const:ti_sysbios_knl_Swi_Object__PARAMS__C 
*          0    000001f4    00000028     
                  000001f4    00000028     app_ble_pem3.oem3 (.const:ti_sysbios_knl_Swi_Object__PARAMS__C)

.const:ti_sysbios_gates_GateHwi_Module__FXNS__C 
*          0    0000021c    00000024     
                  0000021c    00000024     app_ble_pem3.oem3 (.const:ti_sysbios_gates_GateHwi_Module__FXNS__C)

.const:ti_sysbios_gates_GateMutex_Module__FXNS__C 
*          0    00000240    00000024     
                  00000240    00000024     app_ble_pem3.oem3 (.const:ti_sysbios_gates_GateMutex_Module__FXNS__C)

.const:ti_sysbios_heaps_HeapMem_Object__PARAMS__C 
*          0    00000264    00000024     
                  00000264    00000024     app_ble_pem3.oem3 (.const:ti_sysbios_heaps_HeapMem_Object__PARAMS__C)

.const:ti_sysbios_knl_Clock_Object__PARAMS__C 
*          0    00000288    00000024     
                  00000288    00000024     app_ble_pem3.oem3 (.const:ti_sysbios_knl_Clock_Object__PARAMS__C)

.const:ti_sysbios_knl_Semaphore_Object__PARAMS__C 
*          0    000002ac    00000024     
                  000002ac    00000024     app_ble_pem3.oem3 (.const:ti_sysbios_knl_Semaphore_Object__PARAMS__C)

.const:ti_sysbios_family_arm_m3_Hwi_Object__DESC__C 
*          0    000002d0    00000020     
                  000002d0    00000020     app_ble_pem3.oem3 (.const:ti_sysbios_family_arm_m3_Hwi_Object__DESC__C)

.const:ti_sysbios_gates_GateHwi_Object__DESC__C 
*          0    000002f0    00000020     
                  000002f0    00000020     app_ble_pem3.oem3 (.const:ti_sysbios_gates_GateHwi_Object__DESC__C)

.const:ti_sysbios_gates_GateMutex_Object__DESC__C 
*          0    00000310    00000020     
                  00000310    00000020     app_ble_pem3.oem3 (.const:ti_sysbios_gates_GateMutex_Object__DESC__C)

.const:ti_sysbios_hal_Hwi_Object__DESC__C 
*          0    00000330    00000020     
                  00000330    00000020     app_ble_pem3.oem3 (.const:ti_sysbios_hal_Hwi_Object__DESC__C)

.const:ti_sysbios_heaps_HeapMem_Object__DESC__C 
*          0    00000350    00000020     
                  00000350    00000020     app_ble_pem3.oem3 (.const:ti_sysbios_heaps_HeapMem_Object__DESC__C)

.const:ti_sysbios_knl_Clock_Object__DESC__C 
*          0    00000370    00000020     
                  00000370    00000020     app_ble_pem3.oem3 (.const:ti_sysbios_knl_Clock_Object__DESC__C)

.const:ti_sysbios_knl_Mailbox_Object__DESC__C 
*          0    00000390    00000020     
                  00000390    00000020     app_ble_pem3.oem3 (.const:ti_sysbios_knl_Mailbox_Object__DESC__C)

.const:ti_sysbios_knl_Queue_Object__DESC__C 
*          0    000003b0    00000020     
                  000003b0    00000020     app_ble_pem3.oem3 (.const:ti_sysbios_knl_Queue_Object__DESC__C)

.const:ti_sysbios_knl_Semaphore_Object__DESC__C 
*          0    000003d0    00000020     
                  000003d0    00000020     app_ble_pem3.oem3 (.const:ti_sysbios_knl_Semaphore_Object__DESC__C)

.const:ti_sysbios_knl_Swi_Object__DESC__C 
*          0    000003f0    00000020     
                  000003f0    00000020     app_ble_pem3.oem3 (.const:ti_sysbios_knl_Swi_Object__DESC__C)

.const:ti_sysbios_knl_Task_Object__DESC__C 
*          0    00000410    00000020     
                  00000410    00000020     app_ble_pem3.oem3 (.const:ti_sysbios_knl_Task_Object__DESC__C)

.const:ti_sysbios_gates_GateHwi_Object__PARAMS__C 
*          0    00000430    00000018     
                  00000430    00000018     app_ble_pem3.oem3 (.const:ti_sysbios_gates_GateHwi_Object__PARAMS__C)

.const:ti_sysbios_gates_GateMutex_Object__PARAMS__C 
*          0    00000448    00000018     
                  00000448    00000018     app_ble_pem3.oem3 (.const:ti_sysbios_gates_GateMutex_Object__PARAMS__C)

.const:ti_sysbios_knl_Queue_Object__PARAMS__C 
*          0    00000460    00000018     
                  00000460    00000018     app_ble_pem3.oem3 (.const:ti_sysbios_knl_Queue_Object__PARAMS__C)

.const:ti_sysbios_knl_Idle_funcList__C 
*          0    00000478    00000008     
                  00000478    00000008     app_ble_pem3.oem3 (.const:ti_sysbios_knl_Idle_funcList__C)

.text.2    0    00000480    00000004     
                  00000480    00000004     icall_api.obj (.text:GATTServApp_AddService)

.const:ti_sysbios_family_arm_cc26xx_Timer_startupNeeded__C 
*          0    00000484    00000004     
                  00000484    00000004     app_ble_pem3.oem3 (.const:ti_sysbios_family_arm_cc26xx_Timer_startupNeeded__C)

.const:ti_sysbios_family_arm_m3_Hwi_E_alreadyDefined__C 
*          0    00000488    00000004     
                  00000488    00000004     app_ble_pem3.oem3 (.const:ti_sysbios_family_arm_m3_Hwi_E_alreadyDefined__C)

.const:ti_sysbios_family_arm_m3_Hwi_E_hwiLimitExceeded__C 
*          0    0000048c    00000004     
                  0000048c    00000004     app_ble_pem3.oem3 (.const:ti_sysbios_family_arm_m3_Hwi_E_hwiLimitExceeded__C)

.const:ti_sysbios_family_arm_m3_Hwi_NUM_INTERRUPTS__C 
*          0    00000490    00000004     
                  00000490    00000004     app_ble_pem3.oem3 (.const:ti_sysbios_family_arm_m3_Hwi_NUM_INTERRUPTS__C)

.const:ti_sysbios_family_arm_m3_Hwi_Object__count__C 
*          0    00000494    00000004     
                  00000494    00000004     app_ble_pem3.oem3 (.const:ti_sysbios_family_arm_m3_Hwi_Object__count__C)

.const:ti_sysbios_family_arm_m3_Hwi_Object__table__C 
*          0    00000498    00000004     
                  00000498    00000004     app_ble_pem3.oem3 (.const:ti_sysbios_family_arm_m3_Hwi_Object__table__C)

.const:ti_sysbios_family_arm_m3_Hwi_ccr__C 
*          0    0000049c    00000004     
                  0000049c    00000004     app_ble_pem3.oem3 (.const:ti_sysbios_family_arm_m3_Hwi_ccr__C)

.const:ti_sysbios_family_arm_m3_Hwi_excHandlerFunc__C 
*          0    000004a0    00000004     
                  000004a0    00000004     app_ble_pem3.oem3 (.const:ti_sysbios_family_arm_m3_Hwi_excHandlerFunc__C)

.const:ti_sysbios_family_arm_m3_Hwi_nullIsrFunc__C 
*          0    000004a4    00000004     
                  000004a4    00000004     app_ble_pem3.oem3 (.const:ti_sysbios_family_arm_m3_Hwi_nullIsrFunc__C)

.const:ti_sysbios_family_arm_m3_Hwi_numSparseInterrupts__C 
*          0    000004a8    00000004     
                  000004a8    00000004     app_ble_pem3.oem3 (.const:ti_sysbios_family_arm_m3_Hwi_numSparseInterrupts__C)

.const:ti_sysbios_family_arm_m3_Hwi_priGroup__C 
*          0    000004ac    00000004     
                  000004ac    00000004     app_ble_pem3.oem3 (.const:ti_sysbios_family_arm_m3_Hwi_priGroup__C)

.const:ti_sysbios_family_arm_m3_TaskSupport_stackAlignment__C 
*          0    000004b0    00000004     
                  000004b0    00000004     app_ble_pem3.oem3 (.const:ti_sysbios_family_arm_m3_TaskSupport_stackAlignment__C)

.const:ti_sysbios_heaps_HeapMem_E_memory__C 
*          0    000004b4    00000004     
                  000004b4    00000004     app_ble_pem3.oem3 (.const:ti_sysbios_heaps_HeapMem_E_memory__C)

.const:ti_sysbios_heaps_HeapMem_Module__gateObj__C 
*          0    000004b8    00000004     
                  000004b8    00000004     app_ble_pem3.oem3 (.const:ti_sysbios_heaps_HeapMem_Module__gateObj__C)

.const:ti_sysbios_heaps_HeapMem_Object__count__C 
*          0    000004bc    00000004     
                  000004bc    00000004     app_ble_pem3.oem3 (.const:ti_sysbios_heaps_HeapMem_Object__count__C)

.const:ti_sysbios_heaps_HeapMem_Object__table__C 
*          0    000004c0    00000004     
                  000004c0    00000004     app_ble_pem3.oem3 (.const:ti_sysbios_heaps_HeapMem_Object__table__C)

.const:ti_sysbios_heaps_HeapMem_reqAlign__C 
*          0    000004c4    00000004     
                  000004c4    00000004     app_ble_pem3.oem3 (.const:ti_sysbios_heaps_HeapMem_reqAlign__C)

.const:ti_sysbios_knl_Clock_serviceMargin__C 
*          0    000004c8    00000004     
                  000004c8    00000004     app_ble_pem3.oem3 (.const:ti_sysbios_knl_Clock_serviceMargin__C)

.const:ti_sysbios_knl_Mailbox_Object__count__C 
*          0    000004cc    00000004     
                  000004cc    00000004     app_ble_pem3.oem3 (.const:ti_sysbios_knl_Mailbox_Object__count__C)

.const:ti_sysbios_knl_Mailbox_Object__table__C 
*          0    000004d0    00000004     
                  000004d0    00000004     app_ble_pem3.oem3 (.const:ti_sysbios_knl_Mailbox_Object__table__C)

.const:ti_sysbios_knl_Queue_Object__count__C 
*          0    000004d4    00000004     
                  000004d4    00000004     app_ble_pem3.oem3 (.const:ti_sysbios_knl_Queue_Object__count__C)

.const:ti_sysbios_knl_Queue_Object__table__C 
*          0    000004d8    00000004     
                  000004d8    00000004     app_ble_pem3.oem3 (.const:ti_sysbios_knl_Queue_Object__table__C)

.const:ti_sysbios_knl_Swi_Object__count__C 
*          0    000004dc    00000004     
                  000004dc    00000004     app_ble_pem3.oem3 (.const:ti_sysbios_knl_Swi_Object__count__C)

.const:ti_sysbios_knl_Swi_Object__table__C 
*          0    000004e0    00000004     
                  000004e0    00000004     app_ble_pem3.oem3 (.const:ti_sysbios_knl_Swi_Object__table__C)

.const:ti_sysbios_knl_Swi_numPriorities__C 
*          0    000004e4    00000004     
                  000004e4    00000004     app_ble_pem3.oem3 (.const:ti_sysbios_knl_Swi_numPriorities__C)

.const:ti_sysbios_knl_Task_Object__count__C 
*          0    000004e8    00000004     
                  000004e8    00000004     app_ble_pem3.oem3 (.const:ti_sysbios_knl_Task_Object__count__C)

.const:ti_sysbios_knl_Task_Object__table__C 
*          0    000004ec    00000004     
                  000004ec    00000004     app_ble_pem3.oem3 (.const:ti_sysbios_knl_Task_Object__table__C)

.const:ti_sysbios_knl_Task_allBlockedFunc__C 
*          0    000004f0    00000004     
                  000004f0    00000004     app_ble_pem3.oem3 (.const:ti_sysbios_knl_Task_allBlockedFunc__C)

.const:ti_sysbios_knl_Task_defaultStackHeap__C 
*          0    000004f4    00000004     
                  000004f4    00000004     app_ble_pem3.oem3 (.const:ti_sysbios_knl_Task_defaultStackHeap__C)

.const:ti_sysbios_knl_Task_defaultStackSize__C 
*          0    000004f8    00000004     
                  000004f8    00000004     app_ble_pem3.oem3 (.const:ti_sysbios_knl_Task_defaultStackSize__C)

.const:ti_sysbios_knl_Task_numConstructedTasks__C 
*          0    000004fc    00000004     
                  000004fc    00000004     app_ble_pem3.oem3 (.const:ti_sysbios_knl_Task_numConstructedTasks__C)

.text.3    0    00000500    00000002     
                  00000500    00000002     ble_user_config.obj (.text:DefaultAssertCback)

.const:ti_sysbios_family_arm_cc26xx_Timer_Module__id__C 
*          0    00000502    00000002     
                  00000502    00000002     app_ble_pem3.oem3 (.const:ti_sysbios_family_arm_cc26xx_Timer_Module__id__C)

.const:ti_sysbios_family_arm_cc26xx_TimestampProvider_useClockTimer__C 
*          0    00000504    00000002     
                  00000504    00000002     app_ble_pem3.oem3 (.const:ti_sysbios_family_arm_cc26xx_TimestampProvider_useClockTimer__C)

.const:ti_sysbios_family_arm_m3_Hwi_Module__id__C 
*          0    00000506    00000002     
                  00000506    00000002     app_ble_pem3.oem3 (.const:ti_sysbios_family_arm_m3_Hwi_Module__id__C)

.const:ti_sysbios_gates_GateHwi_Module__id__C 
*          0    00000508    00000002     
                  00000508    00000002     app_ble_pem3.oem3 (.const:ti_sysbios_gates_GateHwi_Module__id__C)

.const:ti_sysbios_gates_GateMutex_Module__id__C 
*          0    0000050a    00000002     
                  0000050a    00000002     app_ble_pem3.oem3 (.const:ti_sysbios_gates_GateMutex_Module__id__C)

.const:ti_sysbios_heaps_HeapMem_Module__id__C 
*          0    0000050c    00000002     
                  0000050c    00000002     app_ble_pem3.oem3 (.const:ti_sysbios_heaps_HeapMem_Module__id__C)

.const:ti_sysbios_knl_Task_initStackFlag__C 
*          0    0000050e    00000002     
                  0000050e    00000002     app_ble_pem3.oem3 (.const:ti_sysbios_knl_Task_initStackFlag__C)

.const:ti_sysbios_knl_Clock_tickMode__C 
*          0    00000510    00000001     
                  00000510    00000001     app_ble_pem3.oem3 (.const:ti_sysbios_knl_Clock_tickMode__C)

.const:xdc_runtime_Startup_firstFxns__C 
*          0    00000514    00000008     
                  00000514    00000008     app_ble_pem3.oem3 (.const:xdc_runtime_Startup_firstFxns__C)

.const:xdc_runtime_Startup_lastFxns__C 
*          0    0000051c    00000008     
                  0000051c    00000008     app_ble_pem3.oem3 (.const:xdc_runtime_Startup_lastFxns__C)

.const:xdc_runtime_Assert_E_assertFailed__C 
*          0    00000524    00000004     
                  00000524    00000004     app_ble_pem3.oem3 (.const:xdc_runtime_Assert_E_assertFailed__C)

.const:xdc_runtime_Error_E_memory__C 
*          0    00000528    00000004     
                  00000528    00000004     app_ble_pem3.oem3 (.const:xdc_runtime_Error_E_memory__C)

.const:xdc_runtime_Error_policyFxn__C 
*          0    0000052c    00000004     
                  0000052c    00000004     app_ble_pem3.oem3 (.const:xdc_runtime_Error_policyFxn__C)

.const:xdc_runtime_IGateProvider_Interface__BASE__C 
*          0    00000530    00000004     
                  00000530    00000004     app_ble_pem3.oem3 (.const:xdc_runtime_IGateProvider_Interface__BASE__C)

.const:xdc_runtime_IHeap_Interface__BASE__C 
*          0    00000534    00000004     
                  00000534    00000004     app_ble_pem3.oem3 (.const:xdc_runtime_IHeap_Interface__BASE__C)

.const:xdc_runtime_IModule_Interface__BASE__C 
*          0    00000538    00000004     
                  00000538    00000004     app_ble_pem3.oem3 (.const:xdc_runtime_IModule_Interface__BASE__C)

.const:xdc_runtime_Main_Module__diagsEnabled__C 
*          0    0000053c    00000004     
                  0000053c    00000004     app_ble_pem3.oem3 (.const:xdc_runtime_Main_Module__diagsEnabled__C)

.const:xdc_runtime_Main_Module__diagsIncluded__C 
*          0    00000540    00000004     
                  00000540    00000004     app_ble_pem3.oem3 (.const:xdc_runtime_Main_Module__diagsIncluded__C)

.const:xdc_runtime_Main_Module__diagsMask__C 
*          0    00000544    00000004     
                  00000544    00000004     app_ble_pem3.oem3 (.const:xdc_runtime_Main_Module__diagsMask__C)

.const:xdc_runtime_Memory_defaultHeapInstance__C 
*          0    00000548    00000004     
                  00000548    00000004     app_ble_pem3.oem3 (.const:xdc_runtime_Memory_defaultHeapInstance__C)

.const:xdc_runtime_Startup_execImpl__C 
*          0    0000054c    00000004     
                  0000054c    00000004     app_ble_pem3.oem3 (.const:xdc_runtime_Startup_execImpl__C)

.const:xdc_runtime_Startup_maxPasses__C 
*          0    00000550    00000004     
                  00000550    00000004     app_ble_pem3.oem3 (.const:xdc_runtime_Startup_maxPasses__C)

.const:xdc_runtime_Startup_sfxnRts__C 
*          0    00000554    00000004     
                  00000554    00000004     app_ble_pem3.oem3 (.const:xdc_runtime_Startup_sfxnRts__C)

.const:xdc_runtime_Startup_sfxnTab__C 
*          0    00000558    00000004     
                  00000558    00000004     app_ble_pem3.oem3 (.const:xdc_runtime_Startup_sfxnTab__C)

.const:xdc_runtime_Startup_startModsFxn__C 
*          0    0000055c    00000004     
                  0000055c    00000004     app_ble_pem3.oem3 (.const:xdc_runtime_Startup_startModsFxn__C)

.const:xdc_runtime_SysCallback_abortFxn__C 
*          0    00000560    00000004     
                  00000560    00000004     app_ble_pem3.oem3 (.const:xdc_runtime_SysCallback_abortFxn__C)

.const:xdc_runtime_SysCallback_exitFxn__C 
*          0    00000564    00000004     
                  00000564    00000004     app_ble_pem3.oem3 (.const:xdc_runtime_SysCallback_exitFxn__C)

.const:xdc_runtime_System_abortFxn__C 
*          0    00000568    00000004     
                  00000568    00000004     app_ble_pem3.oem3 (.const:xdc_runtime_System_abortFxn__C)

.const:xdc_runtime_System_exitFxn__C 
*          0    0000056c    00000004     
                  0000056c    00000004     app_ble_pem3.oem3 (.const:xdc_runtime_System_exitFxn__C)

.const:xdc_runtime_System_maxAtexitHandlers__C 
*          0    00000570    00000004     
                  00000570    00000004     app_ble_pem3.oem3 (.const:xdc_runtime_System_maxAtexitHandlers__C)

.const:xdc_runtime_Text_charTab__C 
*          0    00000574    00000004     
                  00000574    00000004     app_ble_pem3.oem3 (.const:xdc_runtime_Text_charTab__C)

.const:xdc_runtime_Text_nameEmpty__C 
*          0    00000578    00000004     
                  00000578    00000004     app_ble_pem3.oem3 (.const:xdc_runtime_Text_nameEmpty__C)

.const:xdc_runtime_Text_nameStatic__C 
*          0    0000057c    00000004     
                  0000057c    00000004     app_ble_pem3.oem3 (.const:xdc_runtime_Text_nameStatic__C)

.const:xdc_runtime_Text_nameUnknown__C 
*          0    00000580    00000004     
                  00000580    00000004     app_ble_pem3.oem3 (.const:xdc_runtime_Text_nameUnknown__C)

.const:xdc_runtime_Main_Module__id__C 
*          0    00000584    00000002     
                  00000584    00000002     app_ble_pem3.oem3 (.const:xdc_runtime_Main_Module__id__C)

.const:xdc_runtime_Memory_Module__id__C 
*          0    00000586    00000002     
                  00000586    00000002     app_ble_pem3.oem3 (.const:xdc_runtime_Memory_Module__id__C)

.const:xdc_runtime_Text_charCnt__C 
*          0    00000588    00000002     
                  00000588    00000002     app_ble_pem3.oem3 (.const:xdc_runtime_Text_charCnt__C)

.const:xdc_runtime_Text_isLoaded__C 
*          0    0000058a    00000002     
                  0000058a    00000002     app_ble_pem3.oem3 (.const:xdc_runtime_Text_isLoaded__C)

.const:xdc_runtime_Error_policy__C 
*          0    0000058c    00000001     
                  0000058c    00000001     app_ble_pem3.oem3 (.const:xdc_runtime_Error_policy__C)

.const:ti_sysbios_rom_ROM_AONRTCChannelEnable 
*          0    00000590    00000004     
                  00000590    00000004     app_ble_pem3.oem3 (.const:ti_sysbios_rom_ROM_AONRTCChannelEnable)

.const:ti_sysbios_rom_ROM_AONRTCCompareValueSet 
*          0    00000594    00000004     
                  00000594    00000004     app_ble_pem3.oem3 (.const:ti_sysbios_rom_ROM_AONRTCCompareValueSet)

.const:ti_sysbios_rom_ROM_AONRTCCurrentCompareValueGet 
*          0    00000598    00000004     
                  00000598    00000004     app_ble_pem3.oem3 (.const:ti_sysbios_rom_ROM_AONRTCCurrentCompareValueGet)

.const:ti_sysbios_rom_ROM_AONRTCEventClear 
*          0    0000059c    00000004     
                  0000059c    00000004     app_ble_pem3.oem3 (.const:ti_sysbios_rom_ROM_AONRTCEventClear)

.const:ti_sysbios_rom_ROM_ti_sysbios_family_arm_cc26xx_Timer_getCount64__E 
*          0    000005a0    00000004     
                  000005a0    00000004     app_ble_pem3.oem3 (.const:ti_sysbios_rom_ROM_ti_sysbios_family_arm_cc26xx_Timer_getCount64__E)

.const:ti_sysbios_rom_ROM_ti_sysbios_family_arm_cc26xx_Timer_getCurrentTick__E 
*          0    000005a4    00000004     
                  000005a4    00000004     app_ble_pem3.oem3 (.const:ti_sysbios_rom_ROM_ti_sysbios_family_arm_cc26xx_Timer_getCurrentTick__E)

.const:ti_sysbios_rom_ROM_ti_sysbios_family_arm_cc26xx_Timer_getMaxTicks__E 
*          0    000005a8    00000004     
                  000005a8    00000004     app_ble_pem3.oem3 (.const:ti_sysbios_rom_ROM_ti_sysbios_family_arm_cc26xx_Timer_getMaxTicks__E)

.const:ti_sysbios_rom_ROM_ti_sysbios_family_arm_cc26xx_Timer_initDevice__I 
*          0    000005ac    00000004     
                  000005ac    00000004     app_ble_pem3.oem3 (.const:ti_sysbios_rom_ROM_ti_sysbios_family_arm_cc26xx_Timer_initDevice__I)

.const:ti_sysbios_rom_ROM_ti_sysbios_family_arm_cc26xx_Timer_setNextTick__E 
*          0    000005b0    00000004     
                  000005b0    00000004     app_ble_pem3.oem3 (.const:ti_sysbios_rom_ROM_ti_sysbios_family_arm_cc26xx_Timer_setNextTick__E)

.const:ti_sysbios_rom_ROM_ti_sysbios_family_arm_cc26xx_Timer_setThreshold__I 
*          0    000005b4    00000004     
                  000005b4    00000004     app_ble_pem3.oem3 (.const:ti_sysbios_rom_ROM_ti_sysbios_family_arm_cc26xx_Timer_setThreshold__I)

.const:ti_sysbios_rom_ROM_ti_sysbios_family_arm_cc26xx_Timer_start__E 
*          0    000005b8    00000004     
                  000005b8    00000004     app_ble_pem3.oem3 (.const:ti_sysbios_rom_ROM_ti_sysbios_family_arm_cc26xx_Timer_start__E)

.const:ti_sysbios_rom_ROM_ti_sysbios_family_arm_cc26xx_TimestampProvider_get32__E 
*          0    000005bc    00000004     
                  000005bc    00000004     app_ble_pem3.oem3 (.const:ti_sysbios_rom_ROM_ti_sysbios_family_arm_cc26xx_TimestampProvider_get32__E)

.const:ti_sysbios_rom_ROM_xdc_runtime_Startup_getState__I 
*          0    000005c0    00000004     
                  000005c0    00000004     app_ble_pem3.oem3 (.const:ti_sysbios_rom_ROM_xdc_runtime_Startup_getState__I)

.const:ti_sysbios_rom_ROM_xdc_runtime_System_SupportProxy_abort__E 
*          0    000005c4    00000004     
                  000005c4    00000004     app_ble_pem3.oem3 (.const:ti_sysbios_rom_ROM_xdc_runtime_System_SupportProxy_abort__E)

.const:ti_sysbios_rom_ROM_xdc_runtime_System_SupportProxy_exit__E 
*          0    000005c8    00000004     
                  000005c8    00000004     app_ble_pem3.oem3 (.const:ti_sysbios_rom_ROM_xdc_runtime_System_SupportProxy_exit__E)

.const:ti_sysbios_gates_GateMutex_Instance_State_sem__O 
*          0    000005cc    00000004     
                  000005cc    00000004     app_ble_pem3.oem3 (.const:ti_sysbios_gates_GateMutex_Instance_State_sem__O)

.const:ti_sysbios_knl_Clock_Module_State_clockQ__O 
*          0    000005d0    00000004     
                  000005d0    00000004     app_ble_pem3.oem3 (.const:ti_sysbios_knl_Clock_Module_State_clockQ__O)

.const:ti_sysbios_knl_Mailbox_Instance_State_dataQue__O 
*          0    000005d4    00000004     
                  000005d4    00000004     app_ble_pem3.oem3 (.const:ti_sysbios_knl_Mailbox_Instance_State_dataQue__O)

.const:ti_sysbios_knl_Mailbox_Instance_State_dataSem__O 
*          0    000005d8    00000004     
                  000005d8    00000004     app_ble_pem3.oem3 (.const:ti_sysbios_knl_Mailbox_Instance_State_dataSem__O)

.const:ti_sysbios_knl_Mailbox_Instance_State_freeQue__O 
*          0    000005dc    00000004     
                  000005dc    00000004     app_ble_pem3.oem3 (.const:ti_sysbios_knl_Mailbox_Instance_State_freeQue__O)

.const:ti_sysbios_knl_Mailbox_Instance_State_freeSem__O 
*          0    000005e0    00000004     
                  000005e0    00000004     app_ble_pem3.oem3 (.const:ti_sysbios_knl_Mailbox_Instance_State_freeSem__O)

.const:ti_sysbios_knl_Semaphore_Instance_State_pendQ__O 
*          0    000005e4    00000004     
                  000005e4    00000004     app_ble_pem3.oem3 (.const:ti_sysbios_knl_Semaphore_Instance_State_pendQ__O)

.const:ti_sysbios_knl_Task_Module_State_inactiveQ__O 
*          0    000005e8    00000004     
                  000005e8    00000004     app_ble_pem3.oem3 (.const:ti_sysbios_knl_Task_Module_State_inactiveQ__O)

.text.4    0    000005ec    000069c0     
                  000005ec    00000314     RFCC26XX_singleMode.obj (.text:fsmActiveState$7)
                  00000900    000002ec     peripheral.obj (.text:gapRole_processGAPMsg$22)
                  00000bec    0000023c     peripheral.obj (.text:GAPRole_SetParameter)
                  00000e28    00000228     drivers_cc26xxware.aem3 : PowerCC26XX.oem3 (.text:Power_sleep)
                  00001050    00000204     driverlib.lib : sys_ctrl.obj (.text:NOROM_SysCtrlSetRechargeBeforePowerDown)
                  00001254    000001f4     rtsv7M3_T_le_eabi.lib : ull_div_t2.obj (.text)
                  00001448    000001e0     simple_peripheral.obj (.text:SimpleBLEPeripheral_init$0)
                  00001628    000001d0     drivers_cc26xxware.aem3 : PowerCC26XX_calibrateRCOSC.oem3 (.text:calibrateRcoscHf1)
                  000017f8    000001a8     PINCC26XX.obj (.text:PIN_init)
                  000019a0    000001a8     RFCC26XX_singleMode.obj (.text:abortCmd$7)
                  00001b48    00000184     drivers_cc26xxware.aem3 : PowerCC26XX_calibrateRCOSC.oem3 (.text:PowerCC26XX_doCalibrate)
                  00001ccc    00000170     RFCC26XX_singleMode.obj (.text:RF_postCmd)
                  00001e3c    00000130     driverlib.lib : setup.obj (.text:NOROM_SetupAfterColdResetWakeupFromShutDownCfg3)
                  00001f6c    00000120     peripheral.obj (.text:GAPRole_GetParameter)
                  0000208c    0000011c     drivers_cc26xxware.aem3 : PowerCC26XX.oem3 (.text:Power_init)
                  000021a8    00000114     RFCC26XX_singleMode.obj (.text:fsmSetupState$7)
                  000022bc    00000110     RFCC26XX_singleMode.obj (.text:hwiFxnCpe0Active$7)
                  000023cc    000000fc     peripheral.obj (.text:gapRole_taskFxn$22)
                  000024c8    000000ec     icall.obj (.text:ICall_primWaitMatch$14)
                  000025b4    000000ec     RFCC26XX_singleMode.obj (.text:rf_init$7)
                  000026a0    000000d4     driverlib.lib : setup.obj (.text:NOROM_SetupAfterColdResetWakeupFromShutDownCfg2)
                  00002774    000000d4     drivers_cc26xxware.aem3 : PowerCC26XX.oem3 (.text:Power_releaseDependency)
                  00002848    000000d0                             : PowerCC26XX.oem3 (.text:Power_setDependency)
                  00002918    000000cc     driverlib.lib : setup.obj (.text:TrimAfterColdResetWakeupFromShutDown$47)
                  000029e4    000000c8     RFCC26XX_singleMode.obj (.text:fsmPowerUpState$7)
                  00002aac    000000c4     RFCC26XX_singleMode.obj (.text:swiFxnHw$7)
                  00002b70    000000c0     RFCC26XX_singleMode.obj (.text:RF_open)
                  00002c30    000000bc     power_cc26xx_tirtos.aem3 : PowerCC26XX_tirtos.oem3 (.text:PowerCC26XX_standbyPolicy)
                  00002cec    000000b0     devinfoservice.obj (.text:devInfo_ReadAttrCB$19)
                  00002d9c    000000a4     driverlib.lib : setup.obj (.text:NOROM_SetupTrimDevice)
                  00002e40    000000a0     auto_init.aem3 : auto_init.oem3 (.text)
                  00002ee0    000000a0     peripheral.obj (.text:gapRole_init$22)
                  00002f80    0000009c     simple_peripheral.obj (.text:SimpleBLEPeripheral_taskFxn$0)
                  0000301c    0000009c     rtsv7M3_T_le_eabi.lib : memcpy_t2.obj (.text)
                  000030b8    00000098     simple_peripheral.obj (.text:SimpleBLEPeripheral_processStateChangeEvt$0)
                  00003150    00000098     rom_sysbios.aem3 : rom_sysbios.obj (.text:ti_sysbios_knl_Clock_workFuncDynamic__E)
                  000031e8    00000090     drivers_cc26xxware.aem3 : PowerCC26XX.oem3 (.text:switchXOSCHFclockFunc)
                  00003278    0000008c     simple_gatt_profile.obj (.text:simpleProfile_WriteAttrCB$23)
                  00003304    00000088     driverlib.lib : osc.obj (.text:NOROM_OSCHF_GetStartupTime)
                  0000338c    00000084     icall.obj (.text:ICall_heapMalloc)
                  00003410    00000084     icall.obj (.text:ICall_primSetTimer$14)
                  00003494    00000084     TRNGCC26XX.obj (.text:TRNGCC26XX_getNumber)
                  00003518    00000080     RFCC26XX_singleMode.obj (.text:RF_pendCmd)
                  00003598    0000007c     drivers_cc26xxware.aem3 : PowerCC26XX.oem3 (.text:disableLFClockQualifiers)
                  00003614    0000007a     rtsv7M3_T_le_eabi.lib : memset_t2.obj (.text)
                  0000368e    00000002     RFCC26XX_singleMode.obj (.text:defaultErrCb$7)
                  00003690    00000078     driverlib.lib : setup.obj (.text:NOROM_SetupAfterColdResetWakeupFromShutDownCfg1)
                  00003708    00000074     icall_cc2650.obj (.text:ICallPlatform_pwrUpdActivityCounter)
                  0000377c    00000074     icall.obj (.text:ICall_primSend$14)
                  000037f0    00000074     drivers_cc26xxware.aem3 : PowerCC26XX_calibrateRCOSC.oem3 (.text:PowerCC26XX_auxISR)
                  00003864    00000074                             : PowerCC26XX_calibrateRCOSC.oem3 (.text:calibrateRcoscHf2)
                  000038d8    00000074     peripheral.obj (.text:gapRole_startConnUpdate$22)
                  0000394c    00000070     driverlib.lib : chipinfo.obj (.text:NOROM_ChipInfo_GetHwRevision)
                  000039bc    0000006c     icall.obj (.text:ICall_createRemoteTasks)
                  00003a28    0000006c     icall.obj (.text:ICall_heapInit)
                  00003a94    0000006c     driverlib.lib : setup.obj (.text:NOROM_SetupGetTrimForAmpcompCtrl)
                  00003b00    0000006c     drivers_cc26xxware.aem3 : PowerCC26XX.oem3 (.text:PowerCC26XX_calibrate)
                  00003b6c    0000006a     rtsv7M3_T_le_eabi.lib : copy_decompress_rle.obj (.text)
                  00003bd6    00000002     drivers_cc26xxware.aem3 : PowerCC26XX.oem3 (.text:emptyClockFunc)
                  00003bd8    00000068     driverlib.lib : setup.obj (.text:NOROM_SetupGetTrimForAnabypassValue1)
                  00003c40    00000068                   : sys_ctrl.obj (.text:NOROM_SysCtrl_DCDC_VoltageConditionalControl)
                  00003ca8    00000068     RFCC26XX_singleMode.obj (.text:fsmPowerDownState$7)
                  00003d10    00000068     gattservapp_util.obj (.text:gattServApp_SendNotiInd$21)
                  00003d78    00000064     gattservapp_util.obj (.text:GATTServApp_ProcessCharCfg)
                  00003ddc    00000064     rom_sysbios.aem3 : rom_sysbios.obj (.text:ti_sysbios_family_arm_cc26xx_Timer_start__E)
                  00003e40    00000060     icall.obj (.text:ICall_primEnroll$14)
                  00003ea0    00000060     drivers_cc26xxware.aem3 : PowerCC26XX_calibrateRCOSC.oem3 (.text:PowerCC26XX_RCOSC_clockFunc)
                  00003f00    00000060     RFCC26XX_singleMode.obj (.text:RF_getCurrentTime)
                  00003f60    00000060     drivers_cc26xxware.aem3 : PowerCC26XX_calibrateRCOSC.oem3 (.text:updateSubSecInc)
                  00003fc0    0000005c     icall.obj (.text:ICall_primThreadServes$14)
                  0000401c    0000005c     driverlib.lib : osc.obj (.text:NOROM_OSCHF_AttemptToSwitchToXosc)
                  00004078    0000005c                   : sys_ctrl.obj (.text:NOROM_SysCtrlAdjustRechargeAfterPowerDown)
                  000040d4    0000005c     simple_gatt_profile.obj (.text:SimpleProfile_SetParameter)
                  00004130    0000005c     RFCC26XX_singleMode.obj (.text:applyRfCorePatch$7)
                  0000418c    0000005c     RFCC26XX_singleMode.obj (.text:decActiveClientCnt$7)
                  000041e8    0000005c     simple_gatt_profile.obj (.text:simpleProfile_ReadAttrCB$23)
                  00004244    0000005c     app_ble_pem3.oem3 (.text:xdc_runtime_Startup_getState__I)
                  000042a0    00000058     drivers_cc26xxware.aem3 : PowerCC26XX_calibrateRCOSC.oem3 (.text:PowerCC26XX_initiateCalibration)
                  000042f8    00000054                             : PowerCC26XX.oem3 (.text:configureXOSCHF)
                  0000434c    00000054     RFCC26XX_singleMode.obj (.text:fsmXOSCState$7)
                  000043a0    00000054     RFCC26XX_singleMode.obj (.text:hwiFxnHw$7)
                  000043f4    00000054     RFCC26XX_singleMode.obj (.text:ratChanFree$7)
                  00004448    00000054     rtsv7M3_T_le_eabi.lib : exit.obj (.text)
                  0000449c    00000052     icall.obj (.text:ICall_primWait$14)
                  000044ee    00000002     rom_sysbios.aem3 : rom_sysbios.obj (.text:ti_sysbios_BIOS_linkedWithIncorrectBootLibrary__E)
                  000044f0    00000050     icall_api.obj (.text:GAP_DeviceInit)
                  00004540    00000050     icall_api.obj (.text:GAP_UpdateAdvertisingData)
                  00004590    00000050     icall.obj (.text:ICall_primRegisterApp$14)
                  000045e0    00000050     driverlib.lib : setup.obj (.text:NOROM_SetupSetCacheModeAccordingToCcfgSetting)
                  00004630    00000050     RFCC26XX_singleMode.obj (.text:RF_getInfo)
                  00004680    00000050     RFCC26XX_singleMode.obj (.text:syncCb$7)
                  000046d0    0000004c     icall.obj (.text:ICall_newTask$14)
                  0000471c    0000004c     icall.obj (.text:ICall_primGetEntityId$14)
                  00004768    0000004c     driverlib.lib : osc.obj (.text:NOROM_OSCClockSourceSet)
                  000047b4    0000004c     RFCC26XX_singleMode.obj (.text:dispatchOpWhen$7)
                  00004800    0000004c     peripheral.obj (.text:gapRole_processStackMsg$22)
                  0000484c    0000004c     rtsv7M3_T_le_eabi.lib : cpy_tbl.obj (.text)
                  00004898    0000004a     gattservapp_util.obj (.text:GATTServApp_ProcessCCCWriteReq)
                  000048e2    00000002     app_ble_pem3.oem3 (.text:ti_sysbios_BIOS_nullFunc__I)
                  000048e4    00000048     driverlib.lib : chipinfo.obj (.text:NOROM_ChipInfo_GetChipFamily)
                  0000492c    00000048                   : ddi.obj (.text:NOROM_DDI16BitfieldWrite)
                  00004974    00000048     util.obj (.text:Util_constructClock)
                  000049bc    00000048     icall_api.obj (.text:gattIndNoti$17)
                  00004a04    00000048     main.obj (.text:main)
                  00004a4c    00000048     drivers_cc26xxware.aem3 : PowerCC26XX.oem3 (.text:notify)
                  00004a94    00000044     main.obj (.text:AssertHandler)
                  00004ad8    00000044     icall_api.obj (.text:GAP_TerminateLinkReq)
                  00004b1c    00000044     PINCC26XX.obj (.text:PIN_swi$6)
                  00004b60    00000044     simple_gatt_profile.obj (.text:SimpleProfile_GetParameter)
                  00004ba4    00000044     boot.aem3 : boot.oem3 (.text)
                  00004be8    00000044     icall_api.obj (.text:gapSendParamAndPtrCmd$17)
                  00004c2c    00000042     icall.obj (.text:ICall_primCreateTask$14)
                  00004c6e    00000002     rom_sysbios.aem3 : rom_sysbios.obj (.text:ti_sysbios_knl_Clock_triggerFunc__I)
                  00004c70    00000040     peripheral.obj (.text:GAPRole_SendUpdateParam)
                  00004cb0    00000040     peripheral.obj (.text:GAPRole_createTask)
                  00004cf0    00000040     icall_api.obj (.text:GATT_SendRsp)
                  00004d30    00000040     driverlib.lib : ddi.obj (.text:NOROM_DDI16BitfieldRead)
                  00004d70    00000040     RFCC26XX_singleMode.obj (.text:RF_getRssi)
                  00004db0    0000003e     icall_api.obj (.text:hciSendParamsCmd$17)
                  00004dee    00000002     app_ble_pem3.oem3 (.text:ti_sysbios_rom_cortexm_cc26xx_CC26xx_badRomRevision__E)
                  00004df0    0000003c     icall_api.obj (.text:GAP_GetParamValue)
                  00004e2c    0000003c     icall_api.obj (.text:GATTServApp_RegisterService)
                  00004e68    0000003c     icall_cc2650.obj (.text:ICallPlatform_pwrConfigACAction)
                  00004ea4    0000003c     driverlib.lib : osc.obj (.text:NOROM_OSC_HPOSCRelativeFrequencyOffsetGet)
                  00004ee0    0000003c                   : rfc.obj (.text:NOROM_RFCSynthPowerDown)
                  00004f1c    0000003c     RFCC26XX_singleMode.obj (.text:RF_runCmd)
                  00004f58    0000003c     simple_peripheral.obj (.text:SimpleBLEPeripheral_createTask)
                  00004f94    0000003c     RFCC26XX_singleMode.obj (.text:postDirImmCmd$7)
                  00004fd0    0000003c     icall_api.obj (.text:profileSetParameter$17)
                  0000500c    0000003c     icall_api.obj (.text:sendWaitMatchCS$17)
                  00005048    0000003c     icall_api.obj (.text:sendWaitMatchValueCS$17)
                  00005084    00000038     icall_api.obj (.text:GAPBondMgr_LinkEst)
                  000050bc    00000038     icall.obj (.text:ICall_primGetMaxMSecs$14)
                  000050f4    00000038     simple_peripheral.obj (.text:SimpleBLEPeripheral_sendAttRsp$0)
                  0000512c    00000038     util.obj (.text:Util_restartClock)
                  00005164    00000038     icall_api.obj (.text:linkDB_NumActive)
                  0000519c    00000038     icall_api.obj (.text:linkDB_NumConns)
                  000051d4    00000038     icall_api.obj (.text:registerTask$17)
                  0000520c    00000038     rom_sysbios.aem3 : rom_sysbios.obj (.text:ti_sysbios_family_arm_cc26xx_Timer_getCurrentTick__E)
                  00005244    00000036     RFCC26XX_singleMode.obj (.text:updateImplicitState$7)
                  0000527a    00000002     rom_sysbios.aem3 : rom_sysbios.obj (.text:xdc_runtime_SysCallback_defaultAbort)
                  0000527c    00000034     icall_api.obj (.text:GAPBondMgr_SetParameter)
                  000052b0    00000034     icall_api.obj (.text:GAP_SetParamValue)
                  000052e4    00000034     icall.obj (.text:ICall_primEntityId2ServiceId$14)
                  00005318    00000034     icall.obj (.text:ICall_primFetchMsg$14)
                  0000534c    00000034     icall.obj (.text:ICall_primRegisterISR$14)
                  00005380    00000034     icall.obj (.text:ICall_primRegisterISR_Ext$14)
                  000053b4    00000034     icall.obj (.text:ICall_searchServiceEntity)
                  000053e8    00000034     driverlib.lib : ddi.obj (.text:NOROM_DDI32RegWrite)
                  0000541c    00000034                   : osc.obj (.text:NOROM_OSCHF_SwitchToRcOscTurnOffXosc)
                  00005450    00000034     drivers_cc26xxware.aem3 : PowerCC26XX.oem3 (.text:PowerCC26XX_isStableXOSC_HF)
                  00005484    00000034     RFCC26XX_singleMode.obj (.text:Q_push$7)
                  000054b8    00000034     simple_peripheral.obj (.text:SimpleBLEPeripheral_processGATTMsg$0)
                  000054ec    00000034     icall_api.obj (.text:linkDB_GetInfo)
                  00005520    00000034     icall_api.obj (.text:osal_snv_read)
                  00005554    00000034     icall_api.obj (.text:osal_snv_write)
                  00005588    00000034     icall_api.obj (.text:profileAddService$17)
                  000055bc    00000032     icall_api.obj (.text:gapSendParamsCmd$17)
                  000055ee    00000032     icall_api.obj (.text:gapSendPtrParamsCmd$17)
                  00005620    00000032     icall_api.obj (.text:matchGapSetGetParamCS$17)
                  00005652    00000032     icall_api.obj (.text:matchGattCmdStatus$17)
                  00005684    00000032     icall_api.obj (.text:matchUtilNvCS$17)
                  000056b6    00000032     rom_sysbios.aem3 : rom_sysbios.obj (.text:ti_sysbios_family_arm_cc26xx_Timer_setNextTick__E)
                  000056e8    00000030     icall_cc2650.obj (.text:ICallPlatform_pwrNotify$15)
                  00005718    00000030     icall_cc2650.obj (.text:ICallPlatform_pwrRegisterNotify)
                  00005748    00000030     icall.obj (.text:ICall_msecs2Ticks$14)
                  00005778    00000030     icall.obj (.text:ICall_searchTask$14)
                  000057a8    00000030     driverlib.lib : setup.obj (.text:NOROM_SetupSetAonRtcSubSecInc)
                  000057d8    00000030                   : trng.obj (.text:NOROM_TRNGConfigure)
                  00005808    00000030     drivers_cc26xxware.aem3 : PowerCC26XX.oem3 (.text:Power_releaseConstraint)
                  00005838    00000030                             : PowerCC26XX.oem3 (.text:Power_setConstraint)
                  00005868    00000030     app_ble_pem3.oem3 (.text:ti_sysbios_BIOS_atExitFunc__I)
                  00005898    00000030     app_ble_pem3.oem3 (.text:ti_sysbios_BIOS_startFunc__I)
                  000058c8    00000030     rom_sysbios.aem3 : rom_sysbios.obj (.text:ti_sysbios_family_arm_cc26xx_Timer_initDevice__I)
                  000058f8    00000030                      : rom_sysbios.obj (.text:ti_sysbios_family_arm_cc26xx_Timer_setThreshold__I)
                  00005928    0000002e     icall_cc2650.obj (.text:ICallPlatform_pwrDispenseImpl$15)
                  00005956    0000002e     icall_cc2650.obj (.text:ICallPlatform_pwrRequireImpl$15)
                  00005984    0000002e     simple_peripheral.obj (.text:ICall_fetchServiceMsg$0)
                  000059b2    0000002e     peripheral.obj (.text:ICall_fetchServiceMsg$22)
                  000059e0    0000002e     icall.obj (.text:ICall_msgDequeue$14)
                  00005a0e    0000002e     icall_api.obj (.text:matchProfileAddServiceCS$17)
                  00005a3c    0000002c     icall_api.obj (.text:GAPBondMgr_Register)
                  00005a68    0000002c     icall_api.obj (.text:HCI_EXT_ConnEventNoticeCmd)
                  00005a94    0000002c     icall.obj (.text:ICall_heapFree)
                  00005ac0    0000002c     simple_gatt_profile.obj (.text:ICall_malloc$23)
                  00005aec    0000002c     icall.obj (.text:ICall_msgEnqueue$14)
                  00005b18    0000002c     icall.obj (.text:ICall_primAllocMsg$14)
                  00005b44    0000002c     icall.obj (.text:ICall_primFetchServiceMsg$14)
                  00005b70    0000002c     icall_api.obj (.text:ICall_sendServiceMsg$17)
                  00005b9c    0000002c     driverlib.lib : setup.obj (.text:NOROM_SetupGetTrimForRadcExtCfg)
                  00005bc8    0000002c     RFCC26XX_singleMode.obj (.text:getCmd$7)
                  00005bf4    0000002c     icall_api.obj (.text:hciSendCmd$17)
                  00005c20    0000002c     rom_sysbios.aem3 : rom_sysbios.obj (.text:ti_sysbios_knl_Clock_getTicksUntilInterrupt__E)
                  00005c4c    0000002a     icall_api.obj (.text:ICall_waitMatch$17)
                  00005c76    0000002a     TRNGCC26XX.obj (.text:TRNGCC26XX_isParamValid)
                  00005ca0    0000002a     util.obj (.text:Util_enqueueMsg)
                  00005cca    0000002a     icall_api.obj (.text:matchProfileCS$17)
                  00005cf4    00000028     gattservapp_util.obj (.text:GATTServApp_WriteCharCfg)
                  00005d1c    00000028     icall.obj (.text:ICall_init)
                  00005d44    00000028     icall.obj (.text:ICall_msgPrepend$14)
                  00005d6c    00000028     simple_peripheral.obj (.text:ICall_registerApp$0)
                  00005d94    00000028     peripheral.obj (.text:ICall_registerApp$22)
                  00005dbc    00000028     driverlib.lib : aon_batmon.obj (.text:NOROM_AONBatMonTemperatureGetDegC)
                  00005de4    00000028     PINCC26XX.obj (.text:PINCC26XX_getPinCount)
                  00005e0c    00000028     drivers_cc26xxware.aem3 : PowerCC26XX.oem3 (.text:PowerCC26XX_switchXOSC_HF)
                  00005e34    00000028                             : PowerCC26XX.oem3 (.text:Power_registerNotify)
                  00005e5c    00000028     driverlib.lib : adi.obj (.text:SafeHapiVoid)
                  00005e84    00000028     simple_peripheral.obj (.text:SimpleBLEPeripheral_freeAttRsp$0)
                  00005eac    00000028     simple_gatt_profile.obj (.text:SimpleProfile_AddService)
                  00005ed4    00000028     TRNGCC26XX.obj (.text:TRNGCC26XX_init)
                  00005efc    00000028     RFCC26XX_singleMode.obj (.text:clkPowerUpFxn$7)
                  00005f24    00000028     gattservapp_util.obj (.text:gattServApp_FindCharCfgItem$21)
                  00005f4c    00000028     rom_sysbios.aem3 : rom_sysbios.obj (.text:ti_sysbios_family_arm_cc26xx_Timer_getMaxTicks__E)
                  00005f74    00000026     drivers_cc26xxware.aem3 : List.oem3 (.text:List_put)
                  00005f9a    00000024     icall_api.obj (.text:GAPBondMgr_LinkTerm)
                  00005fbe    00000002     rom_sysbios.aem3 : rom_sysbios.obj (.text:xdc_runtime_SysCallback_defaultExit)
                  00005fc0    00000024     gattservapp_util.obj (.text:GATTServApp_FindAttr)
                  00005fe4    00000024     icall_api.obj (.text:ICall_getLocalMsgEntityId$17)
                  00006008    00000024     icall_api.obj (.text:ICall_threadServes$17)
                  0000602c    00000024     simple_peripheral.obj (.text:SimpleBLEPeripheral_enqueueMsg$0)
                  00006050    00000024     drivers_cc26xxware.aem3 : PowerCC26XX_calibrateRCOSC.oem3 (.text:getTdcSemaphore)
                  00006074    00000024     RFCC26XX_singleMode.obj (.text:hwiFxnCpe0PowerFsm$7)
                  00006098    00000024     app_ble_pem3.oem3 (.text:ti_sysbios_BIOS_registerRTSLock__I)
                  000060bc    00000024     app_ble_pem3.oem3 (.text:ti_sysbios_BIOS_removeRTSLock__I)
                  000060e0    00000022     icall.obj (.text:ICall_dispatch$14)
                  00006102    00000022     util.obj (.text:ICall_malloc$1)
                  00006124    00000020     gattservapp_util.obj (.text:GATTServApp_InitCharCfg)
                  00006144    00000020     icall_api.obj (.text:GATT_bm_alloc)
                  00006164    00000020     icall_api.obj (.text:ICall_allocMsg$17)
                  00006184    00000020     icall_api.obj (.text:ICall_getEntityId$17)
                  000061a4    00000020     simple_peripheral.obj (.text:ICall_malloc$0)
                  000061c4    00000020     icall.obj (.text:ICall_primService$14)
                  000061e4    00000020     icall.obj (.text:ICall_searchService$14)
                  00006204    00000020     driverlib.lib : rfc.obj (.text:NOROM_RFCDoorbellSendTo)
                  00006224    00000020                   : rfc.obj (.text:NOROM_RFCRfTrimRead)
                  00006244    00000020                   : setup.obj (.text:NOROM_SetupGetTrimForXoscHfCtl)
                  00006264    00000020     RFCC26XX_singleMode.obj (.text:allocCmd$7)
                  00006284    00000020     app_ble_pem3.oem3 (.text:ti_sysbios_BIOS_rtsLock__I)
                  000062a4    00000020     rom_sysbios.aem3 : rom_sysbios.obj (.text:ti_sysbios_knl_Clock_stop__E)
                  000062c4    0000001e     icall.obj (.text:ICall_primSendServiceMsg$14)
                  000062e2    0000001e     drivers_cc26xxware.aem3 : PowerCC26XX.oem3 (.text:Power_getTransitionLatency)
                  00006300    0000001e     icall_api.obj (.text:matchHciCS$17)
                  0000631e    0000001e     icall_api.obj (.text:waitMatchCS$17)
                  0000633c    0000001c     peripheral.obj (.text:GAPRole_StartDevice)
                  00006358    0000001c     icall_api.obj (.text:GATT_bm_free)
                  00006374    0000001c     icall.obj (.text:ICall_initPrim$14)
                  00006390    0000001c     simple_peripheral.obj (.text:ICall_wait$0)
                  000063ac    0000001c     peripheral.obj (.text:ICall_wait$22)
                  000063c8    0000001c     driverlib.lib : osc.obj (.text:NOROM_OSCClockSourceGet)
                  000063e4    0000001c                   : setup.obj (.text:NOROM_SetupGetTrimForAmpcompTh2)
                  00006400    0000001c                   : setup.obj (.text:NOROM_SetupGetTrimForRcOscLfRtuneCtuneTrim)
                  0000641c    0000001c     PINCC26XX.obj (.text:PINCC26XX_setIoCfgMux$6)
                  00006438    0000001c     PINCC26XX.obj (.text:PIN_hwi$6)
                  00006454    0000001c     RFCC26XX_singleMode.obj (.text:RF_runDirectCmd)
                  00006470    0000001c     RFCC26XX_singleMode.obj (.text:RF_runImmediateCmd)
                  0000648c    0000001c     TRNGCC26XX.obj (.text:TRNGCC26XX_open)
                  000064a8    0000001c     peripheral.obj (.text:gapRole_HandleParamUpdateNoSuccess$22)
                  000064c4    0000001c     icall_api.obj (.text:getStatusValueFromErrNo$17)
                  000064e0    0000001c     TRNGCC26XX.obj (.text:openTRNG)
                  000064fc    0000001c     rom_sysbios.aem3 : rom_sysbios.obj (.text:ti_sysbios_family_arm_cc26xx_Timer_dynamicStub__E)
                  00006518    0000001a     icall.obj (.text:ICall_enterCSImpl)
                  00006532    0000001a     icall.obj (.text:ICall_primSetTimerMSecs$14)
                  0000654c    0000001a     simple_peripheral.obj (.text:SimpleBLEPeripheral_processAppMsg$0)
                  00006566    0000001a     util.obj (.text:Util_dequeueMsg)
                  00006580    0000001a     icall_api.obj (.text:matchGattIndNotiCS$17)
                  0000659a    00000002     --HOLE-- [fill = 0]
                  0000659c    00000018     peripheral.obj (.text:GAPRole_TerminateConnection)
                  000065b4    00000018     icall_api.obj (.text:GATT_Notification)
                  000065cc    00000018     icall_cc2650.obj (.text:ICallPlatform_pwrDispense)
                  000065e4    00000018     icall_cc2650.obj (.text:ICallPlatform_pwrRequire)
                  000065fc    00000018     simple_peripheral.obj (.text:ICall_free$0)
                  00006614    00000018     util.obj (.text:ICall_free$1)
                  0000662c    00000018     simple_peripheral.obj (.text:ICall_freeMsg$0)
                  00006644    00000018     icall.obj (.text:ICall_freeMsg$14)
                  0000665c    00000018     icall_api.obj (.text:ICall_freeMsg$17)
                  00006674    00000018     peripheral.obj (.text:ICall_freeMsg$22)
                  0000668c    00000018     icall.obj (.text:ICall_primMalloc$14)
                  000066a4    00000018     driverlib.lib : aon_rtc.obj (.text:NOROM_AONRTCCurrentCompareValueGet)
                  000066bc    00000018                   : chipinfo.obj (.text:NOROM_ChipInfo_GetPackageType)
                  000066d4    00000018                   : osc.obj (.text:NOROM_OSCHF_TurnOnXosc)
                  000066ec    00000018                   : rfc.obj (.text:NOROM_RFCCpeIntGetAndClear)
                  00006704    00000018                   : setup.obj (.text:NOROM_SetupGetTrimForAdcShModeEn)
                  0000671c    00000018                   : setup.obj (.text:NOROM_SetupGetTrimForAdcShVbufEn)
                  00006734    00000018                   : setup.obj (.text:NOROM_SetupGetTrimForAmpcompTh1)
                  0000674c    00000018                   : setup.obj (.text:NOROM_SetupGetTrimForDblrLoopFilterResetVoltage)
                  00006764    00000018                   : setup.obj (.text:NOROM_SetupGetTrimForRcOscLfIBiasTrim)
                  0000677c    00000018                   : setup.obj (.text:NOROM_SetupGetTrimForXoscLfRegulatorAndCmirrwrRatio)
                  00006794    00000018     drivers_cc26xxware.aem3 : PowerCC26XX.oem3 (.text:Power_idleFunc)
                  000067ac    00000018     RFCC26XX_singleMode.obj (.text:Q_pop$7)
                  000067c4    00000018     simple_peripheral.obj (.text:SimpleBLEPeripheral_performPeriodicTask$0)
                  000067dc    00000018     util.obj (.text:Util_constructQueue)
                  000067f4    00000018     drivers_cc26xxware.aem3 : PowerCC26XX.oem3 (.text:configureRFCoreClocks)
                  0000680c    00000018     peripheral.obj (.text:gapRole_setEvent$22)
                  00006824    00000018     rtsv7M3_T_le_eabi.lib : args_main.obj (.text)
                  0000683c    00000018                           : ll_mul_t2.obj (.text)
                  00006854    00000018     RFCC26XX_singleMode.obj (.text:swiFxnFsm$7)
                  0000686c    00000018     app_ble_pem3.oem3 (.text:ti_sysbios_BIOS_rtsUnlock__I)
                  00006884    00000018     rom_sysbios.aem3 : rom_sysbios.obj (.text:ti_sysbios_knl_Swi_or__E)
                  0000689c    00000018     app_ble_pem3.oem3 (.text:ti_sysbios_rom_cortexm_cc26xx_CC26xx_checkRevision__E)
                  000068b4    00000016     icall.obj (.text:ICall_abort$14)
                  000068ca    00000016     icall.obj (.text:ICall_leaveCSImpl)
                  000068e0    00000016     icall.obj (.text:ICall_primStopTimer$14)
                  000068f6    00000016     simple_peripheral.obj (.text:SimpleBLEPeripheral_processCharValueChangeEvt$0)
                  0000690c    00000016     ble_user_config.obj (.text:driverTable_fnSpinlock)
                  00006922    00000016     app_ble_pem3.oem3 (.text:ti_sysbios_BIOS_exitFunc__I)
                  00006938    00000014     devinfoservice.obj (.text:DevInfo_AddService)
                  0000694c    00000014     driverlib.lib : aon_rtc.obj (.text:NOROM_AONRTCCurrent64BitValueGet)
                  00006960    00000014                   : chipinfo.obj (.text:NOROM_ThisCodeIsBuiltForCC26xxHwRev22AndLater_HaltIfViolated)
                  00006974    00000014     RFCC26XX_singleMode.obj (.text:RF_Params_init)
                  00006988    00000014     simple_peripheral.obj (.text:SimpleBLEPeripheral_clockHandler$0)
                  0000699c    00000014     simple_gatt_profile.obj (.text:SimpleProfile_RegisterAppCBs)
                  000069b0    00000014     rtsv7M3_T_le_eabi.lib : _lock.obj (.text)
                  000069c4    00000014                           : strlen.obj (.text)
                  000069d8    00000014     icall_api.obj (.text:setICallCmdEvtHdr$17)
                  000069ec    00000014     app_ble_pem3.oem3 (.text:ti_sysbios_knl_Clock_doTick__I)
                  00006a00    00000012     RFCC26XX_singleMode.obj (.text:RF_getCmdOp)
                  00006a12    00000012     app_ble_pem3.oem3 (.text:xdc_runtime_Startup_exec__I)
                  00006a24    00000010     devinfoservice.obj (.text:DevInfo_SetParameter)
                  00006a34    00000010     RFCC26XX_singleMode.obj (.text:FsmDispatch$7)
                  00006a44    00000010     icall_api.obj (.text:GAP_EndDiscoverable)
                  00006a54    00000010     gattservapp_util.obj (.text:GATTServApp_ReadCharCfg)
                  00006a64    00000010     icall_api.obj (.text:HCI_LE_ReadMaxDataLenCmd)
                  00006a74    00000010     icall_cc2650.obj (.text:ICallPlatform_pwrGetXOSCStartupTime)
                  00006a84    00000010     icall.obj (.text:ICall_primGetTickPeriod$14)
                  00006a94    00000010     icall.obj (.text:ICall_taskEntry$14)
                  00006aa4    00000010     driverlib.lib : rfc.obj (.text:NOROM_RFCRfTrimSet)
                  00006ab4    00000010                   : setup.obj (.text:NOROM_SetupGetTrimForXoscHfFastStart)
                  00006ac4    00000010                   : setup.obj (.text:NOROM_SetupGetTrimForXoscHfIbiastherm)
                  00006ad4    00000010     ble_user_config.obj (.text:RegisterAssertCback)
                  00006ae4    00000010     util.obj (.text:Util_isActive)
                  00006af4    00000010     rom_sysbios.aem3 : rom_sysbios.obj (.text:ti_sysbios_family_arm_m3_Hwi_post__E)
                  00006b04    0000000e     icall_cc2650.obj (.text:ICallPlatform_pwrGetTransitionState)
                  00006b12    0000000e     icall_cc2650.obj (.text:ICallPlatform_pwrIsStableXOSCHF)
                  00006b20    0000000e     icall.obj (.text:ICall_primDisableMInt$14)
                  00006b2e    0000000e     icall.obj (.text:ICall_primEnableMInt$14)
                  00006b3c    0000000e     icall.obj (.text:ICall_primFreeMsg$14)
                  00006b4a    0000000e     icall.obj (.text:ICall_primGetTicks$14)
                  00006b58    0000000e     driverlib.lib : setup.obj (.text:NOROM_SetupSignExtendVddrTrimValue)
                  00006b66    0000000e                   : vims.obj (.text:NOROM_VIMSModeGet)
                  00006b74    0000000e     simple_peripheral.obj (.text:SimpleBLEPeripheral_processStackMsg$0)
                  00006b82    0000000e     rtsv7M3_T_le_eabi.lib : copy_decompress_none.obj (.text:decompress:none)
                  00006b90    0000000e     icall_api.obj (.text:matchGSARegisterServiceCS$17)
                  00006b9e    0000000e     icall_api.obj (.text:matchGapLinkEstCS$17)
                  00006bac    0000000e     icall_api.obj (.text:matchGattSendRspCS$17)
                  00006bba    0000000e     icall_api.obj (.text:matchLinkDBGetInfoCS$17)
                  00006bc8    0000000e     icall_api.obj (.text:matchLinkDBNumActiveCS$17)
                  00006bd6    0000000e     icall_api.obj (.text:matchLinkDBNumConnsCS$17)
                  00006be4    0000000e     icall_api.obj (.text:setDispatchCmdEvtHdr$17)
                  00006bf2    0000000e     rom_sysbios.aem3 : rom_sysbios.obj (.text:ti_sysbios_family_arm_cc26xx_TimestampProvider_get32__E)
                  00006c00    0000000c     RFCC26XX_singleMode.obj (.text:FsmNextState$7)
                  00006c0c    0000000c     icall_api.obj (.text:GAP_MakeDiscoverable)
                  00006c18    0000000c     icall_api.obj (.text:GAP_TerminateAuth)
                  00006c24    0000000c     icall_api.obj (.text:GAP_UpdateLinkParamReq)
                  00006c30    0000000c     icall_api.obj (.text:GAP_UpdateLinkParamReqReply)
                  00006c3c    0000000c     icall_api.obj (.text:GGS_SetParameter)
                  00006c48    0000000c     icall.obj (.text:ICall_clockFunc$14)
                  00006c54    0000000c     icall.obj (.text:ICall_primDisableInt$14)
                  00006c60    0000000c     icall.obj (.text:ICall_primEnableInt$14)
                  00006c6c    0000000c     icall.obj (.text:ICall_primFree$14)
                  00006c78    0000000c     icall.obj (.text:ICall_primSignal$14)
                  00006c84    0000000c     driverlib.lib : cpu.obj (.text:NOROM_CPUcpsid)
                  00006c90    0000000c                   : cpu.obj (.text:NOROM_CPUcpsie)
                  00006c9c    0000000c     drivers_cc26xxware.aem3 : PowerCC26XX.oem3 (.text:Power_getConstraintMask)
                  00006ca8    0000000c                             : PowerCC26XX.oem3 (.text:Power_getDependencyCount)
                  00006cb4    0000000c                             : PowerCC26XX.oem3 (.text:Power_getTransitionState)
                  00006cc0    0000000c     util.obj (.text:Util_startClock)
                  00006ccc    0000000c     icall_api.obj (.text:matchProfileSetParamCS$17)
                  00006cd8    0000000c     rom_sysbios.aem3 : rom_sysbios.obj (.text:ti_sysbios_BIOS_getThreadType__E)
                  00006ce4    0000000c                      : rom_sysbios_config.obj (.text:ti_sysbios_hal_Hwi_Params__init__S)
                  00006cf0    0000000c                      : rom_sysbios.obj (.text:ti_sysbios_knl_Swi_getTrigger__E)
                  00006cfc    0000000c     app_ble_pem3.oem3 (.text:xdc_runtime_Startup_reset__I)
                  00006d08    0000000c     rom_sysbios.aem3 : rom_sysbios.obj (.text:xdc_runtime_Startup_rtsDone__E)
                  00006d14    0000000a     icall_cc2650.obj (.text:ICallPlatform_pwrSwitchXOSCHF)
                  00006d1e    0000000a     icall.obj (.text:ICall_primE2S$14)
                  00006d28    0000000a     drivers_cc26xxware.aem3 : List.oem3 (.text:List_empty)
                  00006d32    00000008     icall_api.obj (.text:GAP_RegisterForMsgs)
                  00006d3a    00000008     icall_api.obj (.text:GATT_Indication)
                  00006d42    00000008     icall_api.obj (.text:GATT_RegisterForMsgs)
                  00006d4a    00000008     RFCC26XX_singleMode.obj (.text:RF_flushCmd)
                  00006d52    00000008     simple_peripheral.obj (.text:SimpleBLEPeripheral_charValueChangeCB$0)
                  00006d5a    00000008     simple_peripheral.obj (.text:SimpleBLEPeripheral_stateChangeCB$0)
                  00006d62    00000008     icall_api.obj (.text:matchHciExtConnEventNoticeCS$17)
                  00006d6a    00000008     icall_api.obj (.text:matchHciLeReadMaxDataLenCS$17)
                  00006d72    00000006     icall_api.obj (.text:GGS_AddService)
                  00006d78    00000006     icall.obj (.text:ICall_mallocImpl)
                  00006d7e    00000006     RFCC26XX_singleMode.obj (.text:clkInactivityFxn$7)
                  00006d84    00000006     rtsv7M3_T_le_eabi.lib : copy_decompress_rle.obj (.text:decompress:rle24)
                  00006d8a    00000006     icall_api.obj (.text:gattAddService$17)
                  00006d90    00000006     icall_api.obj (.text:matchBondMgrSetParamCS$17)
                  00006d96    00000006     icall_api.obj (.text:matchGGSSetParamCS$17)
                  00006d9c    00000006     icall_api.obj (.text:matchGapConnParamUpdateReplyCS$17)
                  00006da2    00000006     icall_api.obj (.text:matchGapDeviceInitCS$17)
                  00006da8    00000006     icall_api.obj (.text:matchGapEndDiscoverableCS$17)
                  00006dae    00000006     icall_api.obj (.text:matchGapGetParamCS$17)
                  00006db4    00000006     icall_api.obj (.text:matchGapMakeDiscoverableCS$17)
                  00006dba    00000006     icall_api.obj (.text:matchGapSetParamCS$17)
                  00006dc0    00000006     icall_api.obj (.text:matchGapTerminateAuthCS$17)
                  00006dc6    00000006     icall_api.obj (.text:matchGapTerminateLinkReqCS$17)
                  00006dcc    00000006     icall_api.obj (.text:matchGapUpdateAdvDataCS$17)
                  00006dd2    00000006     icall_api.obj (.text:matchGapUpdateLinkParamReqCS$17)
                  00006dd8    00000006     icall_api.obj (.text:matchUtilNvReadCS$17)
                  00006dde    00000006     icall_api.obj (.text:matchUtilNvWriteCS$17)
                  00006de4    00000006     rom_sysbios.aem3 : rom_sysbios.obj (.text:ti_sysbios_family_arm_m3_Hwi_setFunc__E)
                  00006dea    00000004     tirtosport.aem3 : HwiP_tirtos.oem3 (.text:HwiP_disable)
                  00006dee    00000004     icall.obj (.text:ICall_primAbort$14)
                  00006df2    00000004     drivers_cc26xxware.aem3 : List.oem3 (.text:List_head)
                  00006df6    00000004                             : List.oem3 (.text:List_next)
                  00006dfa    00000004     RFCC26XX_singleMode.obj (.text:Q_peek$7)
                  00006dfe    00000004     util.obj (.text:Util_stopClock)
                  00006e02    00000004     peripheral.obj (.text:gapRole_SetupGAP$22)
                  00006e06    00000004     drivers_cc26xxware.aem3 : PowerCC26XX.oem3 (.text:nopResourceHandler)
                  00006e0a    00000004     rom_sysbios.aem3 : rom_sysbios.obj (.text:ti_sysbios_family_arm_cc26xx_Timer_getCount64__E)
[...]
1001c2a5  ti_sysbios_heaps_HeapMem_isBlocking__E                                    
1001c2a9  ti_sysbios_knl_Clock_TimerProxy_Module__startupDone__S                    
1001c2ad  ti_sysbios_knl_Clock_TimerProxy_getExpiredTicks__E                        
1001c2b1  ti_sysbios_knl_Clock_TimerProxy_getPeriod__E                              
1001c2b5  ti_sysbios_knl_Clock_delete                                               
1001c2b9  ti_sysbios_knl_Clock_destruct                                             
1001c2bd  ti_sysbios_knl_Clock_removeI__E                                           
1001c2c1  ti_sysbios_knl_Clock_setTimeout__E                                        
1001c2c5  ti_sysbios_knl_Mailbox_delete                                             
1001c2c9  ti_sysbios_knl_Mailbox_destruct                                           
1001c2cd  ti_sysbios_knl_Queue_delete                                               
1001c2d1  ti_sysbios_knl_Queue_destruct                                             
1001c2d5  ti_sysbios_knl_Queue_head__E                                              
1001c2d9  ti_sysbios_knl_Queue_next__E                                              
1001c2dd  ti_sysbios_knl_Semaphore_delete                                           
1001c2e1  ti_sysbios_knl_Semaphore_destruct                                         
1001c2e5  ti_sysbios_knl_Swi_delete                                                 
1001c2e9  ti_sysbios_knl_Swi_destruct                                               
1001c2ed  ti_sysbios_knl_Swi_postInit__I                                            
1001c2f1  ti_sysbios_knl_Task_SupportProxy_Module__startupDone__S                   
1001c2f5  ti_sysbios_knl_Task_SupportProxy_getStackAlignment__E                     
1001c2f9  ti_sysbios_knl_Task_SupportProxy_start__E                                 
1001c2fd  ti_sysbios_knl_Task_SupportProxy_swap__E                                  
1001c301  ti_sysbios_knl_Task_delete                                                
1001c305  ti_sysbios_knl_Task_destruct                                              
1001c309  ti_sysbios_knl_Task_startup__E                                            
1001c30d  xdc_runtime_Startup_startMods__I                                          
1001c405  xdc_runtime_Core_createObject__I                                          
1001c487  xdc_runtime_Error_policySpin__E                                           
1001c489  xdc_runtime_Memory_alloc__E                                               
1001c4f9  xdc_runtime_Core_deleteObject__I                                          
1001c559  xdc_runtime_Startup_exec__E                                               
1001c5a9  xdc_runtime_Assert_raise__I                                               
1001c5f1  xdc_runtime_Core_assignParams__I                                          
1001c639  xdc_runtime_Core_constructObject__I                                       
1001c681  xdc_runtime_System_atexit__E                                              
1001c6b9  xdc_runtime_System_processAtExit__E                                       
1001c6ed  xdc_runtime_Core_assignLabel__I                                           
1001c71d  xdc_runtime_Text_cordText__E                                              
1001c749  xdc_runtime_System_abort__E                                               
1001c769  xdc_runtime_Error_raiseX__E                                               
1001c785  xdc_runtime_Memory_valloc__E                                              
1001c7a1  xdc_runtime_Core_destructObject__I                                        
1001c7b9  xdc_runtime_Error_check__E                                                
1001c7d1  xdc_runtime_System_exit__E                                                
1001c7e9  xdc_runtime_Text_ropeText__E                                              
1001c801  xdc_runtime_Memory_free__E                                                
1001c811  xdc_runtime_SysCallback_abort__E                                          
1001c821  xdc_runtime_SysCallback_exit__E                                           
1001c831  xdc_runtime_Timestamp_SupportProxy_get32__E                               
1001c831  xdc_runtime_Timestamp_get32__E                                            
1001c841  xdc_runtime_Error_init__E                                                 
1001c84d  xdc_runtime_Memory_calloc__E                                              
1001c859  xdc_runtime_Memory_getMaxDefaultTypeAlign__E                              
1001c879  xdc_runtime_Gate_leaveSystem__E                                           
1001c87f  xdc_runtime_System_Module_startup__E                                      
1001c885  xdc_runtime_Gate_enterSystem__E                                           
1001c889  xdc_runtime_Memory_HeapProxy_alloc__E                                     
1001c88d  xdc_runtime_Memory_HeapProxy_free__E                                      
1001c891  xdc_runtime_System_Module_GateProxy_enter__E                              
1001c895  xdc_runtime_System_Module_GateProxy_leave__E                              
1001c899  xdc_runtime_System_abortSpin__E                                           
1001c89b  xdc_runtime_System_exitSpin__E                                            
1001c89d  ti_sysbios_family_arm_m3_Hwi_dispatch__I                                  
1001c96d  ti_sysbios_family_arm_m3_TaskSupport_buildTaskStack                       
1001c9b9  ti_sysbios_family_arm_m3_Hwi_initStacks__E                                
1001ca01  ti_sysbios_family_arm_m3_Hwi_excHandlerAsm__I                             
1001ca21  ti_sysbios_family_xxx_Hwi_switchAndRunFunc                                
1001ca3f  ti_sysbios_family_arm_m3_Hwi_pendSV__I                                    
1001ca57  ti_sysbios_family_arm_m3_Hwi_return                                       
1001ca59  ti_sysbios_family_arm_m3_TaskSupport_glue                                 
1001ca69  ti_sysbios_family_arm_m3_TaskSupport_swap__E                              
1001ca71  ti_sysbios_knl_Task_swapReturn                                            
1001ca9b  ti_sysbios_rom_cortexm_cc26xx_CC26xx_getRevision__E                       
20000000  ti_sysbios_family_arm_m3_Hwi_ramVectors                                   
20000100  ti_sysbios_knl_Task_Module__state__V                                      
20000144  ti_sysbios_family_arm_m3_Hwi_Module__state__V                             
20000178  ti_sysbios_knl_Clock_Module__state__V                                     
200001a4  ti_sysbios_BIOS_Module__state__V                                          
200001c8  ti_sysbios_knl_Swi_Module__state__V                                       
200001e4  ti_sysbios_family_arm_cc26xx_Timer_Module__state__V                       
200001ec  ti_sysbios_family_arm_cc26xx_TimestampProvider_Module__state__V           
200001f0  xdc_runtime_Startup_Module__state__V                                      
200001f8  xdc_runtime_System_Module__state__V                                       
20000200  xdc_runtime_Memory_Module__state__V                                       
2000020c  dispHandle                                                                
20000298  sbpTask                                                                   
200002e8  sbpTaskStack                                                              
2000056c  linkDBNumConns                                                            
20000680  gapRoleTask                                                               
200006d0  gapRoleTaskStack                                                          
20000db0  PowerCC26XX_module                                                        
20000ec0  ICall_dispatcher                                                          
20000ec8  ICall_enterCriticalSection                                                
20000ecc  ICall_leaveCriticalSection                                                
20000ee4  HEAPMGR_SIZE                                                              
20000f54  rfRegTbl                                                                  
20000fa4  ti_sysbios_knl_Task_Object__table__V                                      
20000ff0  ti_sysbios_family_arm_cc26xx_Timer_Object__table__V                       
20001038  ti_sysbios_gates_GateMutex_Object__table__V                               
20001070  ti_sysbios_knl_Swi_Module_State_0_readyQ__A                               
200010a0  ti_sysbios_knl_Swi_Object__table__V                                       
200010d0  ti_sysbios_knl_Task_Module_State_0_readyQ__A                              
20001100  user0Cfg                                                                  
20001130  ti_sysbios_knl_Clock_Object__table__V                                     
20001150  ti_sysbios_family_arm_m3_Hwi_Object__table__V                             
20001168  ti_sysbios_heaps_HeapMem_Object__table__V                                 
200011d6  ti_sysbios_family_arm_m3_Hwi_Module_State_0_excActive__A                  
200011d8  __TI_cleanup_ptr                                                          
200011dc  __TI_dtors_ptr                                                            
200011e0  __TI_enable_exit_profile_output                                           
200011e4  lastAppOpcodeSent                                                         
200011e8  pfnBMAlloc                                                                
200011ec  pfnBMFree                                                                 
200011fc  _lock                                                                     
20001200  _unlock                                                                   
2000120c  ti_sysbios_family_arm_m3_Hwi_Module__root__V                              
20001214  ti_sysbios_gates_GateHwi_Module__root__V                                  
2000121c  ti_sysbios_gates_GateMutex_Module__root__V                                
20001224  ti_sysbios_hal_Hwi_Module__root__V                                        
2000122c  ti_sysbios_heaps_HeapMem_Module__root__V                                  
20001234  ti_sysbios_knl_Clock_Module__root__V                                      
2000123c  ti_sysbios_knl_Mailbox_Module__root__V                                    
20001244  ti_sysbios_knl_Queue_Module__root__V                                      
2000124c  ti_sysbios_knl_Semaphore_Module__root__V                                  
20001254  ti_sysbios_knl_Swi_Module__root__V                                        
2000125c  ti_sysbios_knl_Task_Module__root__V                                       
2000126c  appAssertCback                                                            
20001270  main_func_sp                                                              
20001274  ti_sysbios_family_arm_m3_Hwi_Module_State_0_excContext__A                 
20001278  ti_sysbios_family_arm_m3_Hwi_Module_State_0_excStack__A                   
2000127c  ti_sysbios_knl_Task_Module_State_0_idleTask__A                            
20001280  ti_sysbios_heaps_HeapMem_Instance_State_0_buf__A                          
20001900  ti_sysbios_knl_Task_Instance_State_0_stack__A                             
20001b00  PIN_NumPins                                                               
20001b94  PIN_HandleTable                                                           
20001c10  ti_sysbios_family_arm_m3_Hwi_dispatchTable                                
20001cfc  trngCC26XXObjects                                                         
20001d00  driverlib_release_0_46593                                                 
20001d01  heapStart                                                                 
20003f48  __stack                                                                   
20003f48  heapEnd                                                                   
20004348  __STACK_END                                                               
20004348  __STACK_TOP                                                               
20004f2c  A4_rw                                                                     
20004f2c  COMMON_RAM_BASE_ADDR                                                      
20004f40  P2_rw                                                                     
20004f40  P2_s0                                                                     
20004f40  eccRom_windowSize                                                         
20004f44  eccRom_workzone                                                           
20004f48  eccRom_param_p                                                            
20004f4c  eccRom_param_r                                                            
20004f50  eccRom_param_a                                                            
20004f54  inScalar                                                                  
20004f58  inPointX                                                                  
20004f5c  inPointY                                                                  
20004f60  outPointX                                                                 
20004f64  outPointY                                                                 
20004f68  SCAL                                                                      
20004f6c  EXPX                                                                      
20004f70  EXPY                                                                      
20004f74  EXPZ                                                                      
20004f78  EXPW                                                                      
20004f7c  ACCX                                                                      
20004f80  ACCY                                                                      
20004f84  ACCZ                                                                      
20004f88  TMP1                                                                      
20004f8c  TMP2                                                                      
20004f90  TMP3                                                                      
20004f94  TMP4                                                                      
20004f98  TMP5                                                                      
20004f9c  TMP6                                                                      
20004fa0  eccRom_param_Gx                                                           
20004fa4  eccRom_param_Gy                                                           
20004fa8  eccRom_param_b                                                            
20004fac  P2_zi                                                                     
20004fac  ratChanInfo                                                               
20004fcc  fwInfoCmd                                                                 
20004fd8  MSBMOD                                                                    
20004fdc  aux64                                                                     
20004fe4  MOD                                                                       
20004fe8  LEN                                                                       
20004ffc  pSspAesEncrypt_Sw                                                         
e000e000  ti_sysbios_family_arm_m3_Hwi_nvic                                         
ffffffff  __TI_pprof_out_hndl                                                       
ffffffff  __TI_prof_data_size                                                       
ffffffff  __TI_prof_data_start                                                      
ffffffff  __binit__                                                                 
ffffffff  __c_args__                                                                
ffffffff  binit                                                                     
UNDEFED   HwiP_restore                                                              
UNDEFED   SHT$$INIT_ARRAY$$Base                                                     
UNDEFED   SHT$$INIT_ARRAY$$Limit                                                    
UNDEFED   ti_sysbios_BIOS_RtsGateProxy_Handle__label__S__mangled__                  
UNDEFED   ti_sysbios_BIOS_RtsGateProxy_Object__delete__S__mangled__                 
UNDEFED   ti_sysbios_BIOS_RtsGateProxy_Params__init__S__mangled__                   
UNDEFED   ti_sysbios_BIOS_RtsGateProxy_query__E__mangled__                          
UNDEFED   ti_sysbios_hal_Hwi_HwiProxy_Module__startupDone__S__mangled__             
UNDEFED   ti_sysbios_hal_Hwi_HwiProxy_Object__delete__S__mangled__                  
UNDEFED   ti_sysbios_hal_Hwi_HwiProxy_Params__init__S__mangled__                    
UNDEFED   ti_sysbios_hal_Hwi_HwiProxy_disableInterrupt__E__mangled__                
UNDEFED   ti_sysbios_hal_Hwi_HwiProxy_enableInterrupt__E__mangled__                 
UNDEFED   ti_sysbios_hal_Hwi_HwiProxy_getStackInfo__E__mangled__                    
UNDEFED   ti_sysbios_hal_Hwi_HwiProxy_startup__E__mangled__                         
UNDEFED   ti_sysbios_hal_Hwi_HwiProxy_switchFromBootStack__E__mangled__             
UNDEFED   ti_sysbios_hal_Hwi_disableInterrupt__E                                    
UNDEFED   ti_sysbios_hal_Hwi_enableInterrupt__E                                     
UNDEFED   ti_sysbios_hal_Hwi_getStackInfo__E                                        
UNDEFED   ti_sysbios_hal_Hwi_startup__E                                             
UNDEFED   ti_sysbios_hal_Hwi_switchFromBootStack__E                                 
UNDEFED   ti_sysbios_heaps_HeapMem_Module_GateProxy_Handle__label__S__mangled__     
UNDEFED   ti_sysbios_heaps_HeapMem_Module_GateProxy_Object__delete__S__mangled__    
UNDEFED   ti_sysbios_heaps_HeapMem_Module_GateProxy_Params__init__S__mangled__      
UNDEFED   ti_sysbios_heaps_HeapMem_Module_GateProxy_query__E__mangled__             
UNDEFED   ti_sysbios_knl_Clock_TimerProxy_Module__startupDone__S__mangled__         
UNDEFED   ti_sysbios_knl_Clock_TimerProxy_startup__E__mangled__                     
UNDEFED   ti_sysbios_knl_Task_SupportProxy_Module__startupDone__S__mangled__        
UNDEFED   ti_sysbios_knl_Task_SupportProxy_getStackAlignment__E__mangled__          
UNDEFED   ti_sysbios_knl_Task_SupportProxy_start__E__mangled__                      
UNDEFED   ti_sysbios_knl_Task_SupportProxy_swap__E__mangled__                       
UNDEFED   xdc_runtime_Main_Module_GateProxy_Handle__label__S                        
UNDEFED   xdc_runtime_Main_Module_GateProxy_Object__delete__S                       
UNDEFED   xdc_runtime_Main_Module_GateProxy_query__E                                
UNDEFED   xdc_runtime_Memory_HeapProxy_Handle__label__S__mangled__                  
UNDEFED   xdc_runtime_Memory_HeapProxy_Object__delete__S__mangled__                 
UNDEFED   xdc_runtime_System_Module_GateProxy_Handle__label__S__mangled__           
UNDEFED   xdc_runtime_System_Module_GateProxy_Object__delete__S__mangled__          
UNDEFED   xdc_runtime_System_Module_GateProxy_query__E__mangled__                   
UNDEFED   xdc_runtime_System_SupportProxy_abort__E                                  
UNDEFED   xdc_runtime_System_SupportProxy_exit__E                                   
UNDEFED   xdc_runtime_Timestamp_SupportProxy_get64__E__mangled__                    
UNDEFED   xdc_runtime_Timestamp_SupportProxy_getFreq__E__mangled__                  
UNDEFED   xdc_runtime_Timestamp_get32__E                                            
UNDEFED   xdc_runtime_Timestamp_get64__E                                            
UNDEFED   xdc_runtime_Timestamp_getFreq__E                                          

[1042 symbols]
