

HI-TECH Software PIC PRO Macro Assembler V9.83 build 10920 
                                                                                               Fri Jul 20 14:20:08 2018

HI-TECH Software Omniscient Code Generator (PRO mode) build 10920
     1                           	processor	16F684
     2                           	opt	pw 120
     3                           	opt	pm
     4                           	psect	text53,local,class=CODE,delta=2
     5                           	psect	cinit,global,class=CODE,delta=2
     6                           	psect	cstackCOMMON,global,class=COMMON,space=1,delta=1
     7                           	psect	maintext,global,class=CODE,delta=2
     8                           	psect	text54,local,class=CODE,delta=2
     9                           	psect	text55,local,class=CODE,delta=2
    10                           	psect	text56,local,class=CODE,delta=2
    11                           	psect	text57,local,class=CODE,delta=2
    12                           	psect	text58,local,class=CODE,delta=2
    13                           	psect	pa_nodes,global,class=CODE,delta=2
    14                           	dabs	1,0x4,1
    15                           	dabs	1,0x0,1
    16                           	dabs	1,0x2,1
    17                           	dabs	1,0xA,1
    18                           	dabs	1,0x5,1
    19                           	dabs	1,0x6,1
    20                           	dabs	1,0x7,1
    21                           	dabs	1,0x8,1
    22                           	dabs	1,0x9,1
    23                           	dabs	1,0x3,1
    24                           	dabs	1,0x1,1
    25                           	dabs	1,0x13,2
    26                           	dabs	1,0xE,2
    27                           	dabs	1,0x1F,1
    28                           	dabs	1,0x1E,1
    29                           	dabs	1,0x15,1
    30                           	dabs	1,0x14,1
    31                           	dabs	1,0x13,1
    32                           	dabs	1,0x19,1
    33                           	dabs	1,0x1A,1
    34                           	dabs	1,0x17,1
    35                           	dabs	1,0xB,1
    36                           	dabs	1,0x1B,1
    37                           	dabs	1,0xA,1
    38                           	dabs	1,0xC,1
    39                           	dabs	1,0x5,1
    40                           	dabs	1,0x7,1
    41                           	dabs	1,0x16,1
    42                           	dabs	1,0x0,1
    43                           	dabs	1,0x1,1
    44                           	dabs	1,0x2,1
    45                           	dabs	1,0x3,1
    46                           	dabs	1,0x4,1
    47                           	dabs	1,0x5,1
    48                           	dabs	1,0xA,1
    49                           	dabs	1,0xB,1
    50                           	dabs	1,0xC,1
    51                           	dabs	1,0x11,1
    52                           	dabs	1,0x12,1
    53                           	dabs	1,0x18,1
    54                           	dabs	1,0x1B,1
    55                           	dabs	1,0x1C,1
    56                           	dabs	1,0x1D,1
    57                           	dabs	1,0x1D,1
    58                           	dabs	1,0x3,1
    59                           	dabs	1,0x10,1
    60                           	dabs	1,0x12,1
    61                           	dabs	1,0xF,1
    62                           	dabs	1,0xE,1
    63                           	dabs	1,0x18,1
    64                           	dabs	1,0x1F,1
    65                           	dabs	1,0xC,1
    66                           	dabs	1,0x1F,1
    67                           	dabs	1,0x3,1
    68                           	dabs	1,0xC,1
    69                           	dabs	1,0x19,1
    70                           	dabs	1,0x19,1
    71                           	dabs	1,0xC,1
    72                           	dabs	1,0x19,1
    73                           	dabs	1,0x19,1
    74                           	dabs	1,0x1A,1
    75                           	dabs	1,0x3,1
    76                           	dabs	1,0xC,1
    77                           	dabs	1,0x15,1
    78                           	dabs	1,0x15,1
    79                           	dabs	1,0x15,1
    80                           	dabs	1,0x15,1
    81                           	dabs	1,0x1F,1
    82                           	dabs	1,0x1F,1
    83                           	dabs	1,0x1F,1
    84                           	dabs	1,0x19,1
    85                           	dabs	1,0x1B,1
    86                           	dabs	1,0x1B,1
    87                           	dabs	1,0xC,1
    88                           	dabs	1,0x19,1
    89                           	dabs	1,0x19,1
    90                           	dabs	1,0x19,1
    91                           	dabs	1,0x3,1
    92                           	dabs	1,0x15,1
    93                           	dabs	1,0x15,1
    94                           	dabs	1,0x17,1
    95                           	dabs	1,0x17,1
    96                           	dabs	1,0x17,1
    97                           	dabs	1,0x17,1
    98                           	dabs	1,0xC,1
    99                           	dabs	1,0xC,1
   100                           	dabs	1,0xB,1
   101                           	dabs	1,0x1F,1
   102                           	dabs	1,0x1F,1
   103                           	dabs	1,0x1F,1
   104                           	dabs	1,0x3,1
   105                           	dabs	1,0xB,1
   106                           	dabs	1,0xB,1
   107                           	dabs	1,0x3,1
   108                           	dabs	1,0xC,1
   109                           	dabs	1,0x15,1
   110                           	dabs	1,0x15,1
   111                           	dabs	1,0x5,1
   112                           	dabs	1,0x5,1
   113                           	dabs	1,0x5,1
   114                           	dabs	1,0x5,1
   115                           	dabs	1,0x5,1
   116                           	dabs	1,0x5,1
   117                           	dabs	1,0x3,1
   118                           	dabs	1,0xB,1
   119                           	dabs	1,0xB,1
   120                           	dabs	1,0x16,1
   121                           	dabs	1,0x16,1
   122                           	dabs	1,0x16,1
   123                           	dabs	1,0x16,1
   124                           	dabs	1,0x16,1
   125                           	dabs	1,0x16,1
   126                           	dabs	1,0x16,1
   127                           	dabs	1,0xB,1
   128                           	dabs	1,0x16,1
   129                           	dabs	1,0x17,1
   130                           	dabs	1,0x17,1
   131                           	dabs	1,0x17,1
   132                           	dabs	1,0x17,1
   133                           	dabs	1,0x5,1
   134                           	dabs	1,0x5,1
   135                           	dabs	1,0x5,1
   136                           	dabs	1,0x5,1
   137                           	dabs	1,0x5,1
   138                           	dabs	1,0x5,1
   139                           	dabs	1,0xB,1
   140                           	dabs	1,0xB,1
   141                           	dabs	1,0x7,1
   142                           	dabs	1,0x7,1
   143                           	dabs	1,0x7,1
   144                           	dabs	1,0x7,1
   145                           	dabs	1,0x7,1
   146                           	dabs	1,0x7,1
   147                           	dabs	1,0x3,1
   148                           	dabs	1,0x3,1
   149                           	dabs	1,0x3,1
   150                           	dabs	1,0x1B,1
   151                           	dabs	1,0x18,1
   152                           	dabs	1,0xB,1
   153                           	dabs	1,0xB,1
   154                           	dabs	1,0x10,1
   155                           	dabs	1,0x10,1
   156                           	dabs	1,0x10,1
   157                           	dabs	1,0x1A,1
   158                           	dabs	1,0xC,1
   159                           	dabs	1,0x10,1
   160                           	dabs	1,0x12,1
   161                           	dabs	1,0x12,1
   162                           	dabs	1,0xC,1
   163                           	dabs	1,0xB,1
   164                           	dabs	1,0xB,1
   165                           	dabs	1,0x10,1
   166                           	dabs	1,0x10,1
   167                           	dabs	1,0xC,1
   168                           	dabs	1,0x10,1
   169                           	dabs	1,0xC,1
   170                           	dabs	1,0x12,1
   171                           	dabs	1,0x12,1
   172                           	dabs	1,0x12,1
   173                           	dabs	1,0x12,1
   174                           	dabs	1,0x12,1
   175                           	dabs	1,0x1F,1
   176                           	dabs	1,0x18,1
   177                           	dabs	1,0x18,1
   178                           	dabs	1,0x18,1
   179                           	dabs	1,0x18,1
   180                           	dabs	1,0x3,1
   181                           	dabs	1,0x3,1
   182                           	dabs	1,0x1F,1
   183                           	dabs	1,0x3,1
   184                           	dabs	1,0x3,1
   185                           	dabs	1,0x10,1
   186                           	dabs	1,0x3,1
   187                           	dabs	1,0x3,1
   188                           	dabs	1,0x81,1
   189                           	dabs	1,0x80,1
   190                           	dabs	1,0x9F,1
   191                           	dabs	1,0x9E,1
   192                           	dabs	1,0x91,1
   193                           	dabs	1,0x9C,1
   194                           	dabs	1,0x9D,1
   195                           	dabs	1,0x9A,1
   196                           	dabs	1,0x96,1
   197                           	dabs	1,0x96,1
   198                           	dabs	1,0x81,1
   199                           	dabs	1,0x81,1
   200                           	dabs	1,0x8F,1
   201                           	dabs	1,0x90,1
   202                           	dabs	1,0x8E,1
   203                           	dabs	1,0x8C,1
   204                           	dabs	1,0x81,1
   205                           	dabs	1,0x85,1
   206                           	dabs	1,0x8C,1
   207                           	dabs	1,0x8E,1
   208                           	dabs	1,0x8F,1
   209                           	dabs	1,0x92,1
   210                           	dabs	1,0x95,1
   211                           	dabs	1,0x96,1
   212                           	dabs	1,0x9A,1
   213                           	dabs	1,0x9B,1
   214                           	dabs	1,0x9C,1
   215                           	dabs	1,0x9D,1
   216                           	dabs	1,0x85,1
   217                           	dabs	1,0x87,1
   218                           	dabs	1,0x99,1
   219                           	dabs	1,0x95,1
   220                           	dabs	1,0x95,1
   221                           	dabs	1,0x9F,1
   222                           	dabs	1,0x9F,1
   223                           	dabs	1,0x9F,1
   224                           	dabs	1,0x8C,1
   225                           	dabs	1,0x91,1
   226                           	dabs	1,0x91,1
   227                           	dabs	1,0x91,1
   228                           	dabs	1,0x91,1
   229                           	dabs	1,0x91,1
   230                           	dabs	1,0x91,1
   231                           	dabs	1,0x91,1
   232                           	dabs	1,0x91,1
   233                           	dabs	1,0x8C,1
   234                           	dabs	1,0x8C,1
   235                           	dabs	1,0x8C,1
   236                           	dabs	1,0x8C,1
   237                           	dabs	1,0x8C,1
   238                           	dabs	1,0x8C,1
   239                           	dabs	1,0x8F,1
   240                           	dabs	1,0x8F,1
   241                           	dabs	1,0x81,1
   242                           	dabs	1,0x96,1
   243                           	dabs	1,0x96,1
   244                           	dabs	1,0x96,1
   245                           	dabs	1,0x96,1
   246                           	dabs	1,0x96,1
   247                           	dabs	1,0x96,1
   248                           	dabs	1,0x96,1
   249                           	dabs	1,0x96,1
   250                           	dabs	1,0x96,1
   251                           	dabs	1,0x96,1
   252                           	dabs	1,0x96,1
   253                           	dabs	1,0x96,1
   254                           	dabs	1,0x8F,1
   255                           	dabs	1,0x8F,1
   256                           	dabs	1,0x8F,1
   257                           	dabs	1,0x8F,1
   258                           	dabs	1,0x8F,1
   259                           	dabs	1,0x8F,1
   260                           	dabs	1,0x8C,1
   261                           	dabs	1,0x8F,1
   262                           	dabs	1,0x81,1
   263                           	dabs	1,0x81,1
   264                           	dabs	1,0x81,1
   265                           	dabs	1,0x81,1
   266                           	dabs	1,0x9C,1
   267                           	dabs	1,0x8E,1
   268                           	dabs	1,0x8E,1
   269                           	dabs	1,0x8F,1
   270                           	dabs	1,0x81,1
   271                           	dabs	1,0x81,1
   272                           	dabs	1,0x8C,1
   273                           	dabs	1,0x8C,1
   274                           	dabs	1,0x8C,1
   275                           	dabs	1,0x8C,1
   276                           	dabs	1,0x85,1
   277                           	dabs	1,0x85,1
   278                           	dabs	1,0x85,1
   279                           	dabs	1,0x85,1
   280                           	dabs	1,0x85,1
   281                           	dabs	1,0x85,1
   282                           	dabs	1,0x87,1
   283                           	dabs	1,0x87,1
   284                           	dabs	1,0x87,1
   285                           	dabs	1,0x87,1
   286                           	dabs	1,0x87,1
   287                           	dabs	1,0x87,1
   288                           	dabs	1,0x90,1
   289                           	dabs	1,0x90,1
   290                           	dabs	1,0x90,1
   291                           	dabs	1,0x90,1
   292                           	dabs	1,0x90,1
   293                           	dabs	1,0x8E,1
   294                           	dabs	1,0x99,1
   295                           	dabs	1,0x99,1
   296                           	dabs	1,0x99,1
   297                           	dabs	1,0x99,1
   298                           	dabs	1,0x99,1
   299                           	dabs	1,0x99,1
   300                           	dabs	1,0x95,1
   301                           	dabs	1,0x95,1
   302                           	dabs	1,0x95,1
   303                           	dabs	1,0x95,1
   304                           	dabs	1,0x95,1
   305                           	dabs	1,0x95,1
   306                           	dabs	1,0x95,1
   307                           	dabs	1,0x95,1
   308                           	dabs	1,0x95,1
   309                           	dabs	1,0x95,1
   310                           	dabs	1,0x9D,1
   311                           	dabs	1,0x9C,1
   312                           	dabs	1,0x9C,1
   313                           	dabs	1,0x9C,1
   314                           	dabs	1,0x9C,1
   315                           	dabs	1,0x9C,1
   316                           	dabs	1,0x8E,1
   317                           	dabs	1,0x8E,1
   318                           	dabs	1,0x81,1
   319                           	dabs	1,0x8E,1
   320                           	dabs	1,0x81,1
   321                           	dabs	1,0xB,1
   322                           	dabs	1,0xC,1
   323                           	dabs	1,0xD,1
   324                           	dabs	1,0xE,1
   325                           	dabs	1,0xF,1
   326                           	dabs	1,0x10,1
   327                           	dabs	1,0x11,1
   328                           	dabs	1,0x13,1
   329                           	dabs	1,0x14,1
   330                           	dabs	1,0x15,1
   331                           	dabs	1,0x16,1
   332                           	dabs	1,0x17,1
   333                           	dabs	1,0x12,1
   334                           	dabs	1,0x18,1
   335                           	dabs	1,0x1B,1
   336                           	dabs	1,0x19,1
   337                           	dabs	1,0x1A,1
   338                           	dabs	1,0x1E,1
   339                           	dabs	1,0x1F,1
   340                           	dabs	1,0x1D,1
   341                           	dabs	1,0x1C,1
   342                           	dabs	1,0x82,1
   343                           	dabs	1,0x83,1
   344                           	dabs	1,0x84,1
   345                           	dabs	1,0x85,1
   346                           	dabs	1,0x8C,1
   347                           	dabs	1,0x86,1
   348                           	dabs	1,0x87,1
   349                           	dabs	1,0x88,1
   350                           	dabs	1,0x89,1
   351                           	dabs	1,0x8A,1
   352                           	dabs	1,0x8B,1
   353                           	dabs	1,0x8E,1
   354                           	dabs	1,0x8D,1
   355                           	dabs	1,0x8F,1
   356                           	dabs	1,0x92,1
   357                           	dabs	1,0x90,1
   358                           	dabs	1,0x91,1
   359                           	dabs	1,0x93,1
   360                           	dabs	1,0x94,1
   361                           	dabs	1,0x95,1
   362                           	dabs	1,0x9A,1
   363                           	dabs	1,0x96,1
   364                           	dabs	1,0x97,1
   365                           	dabs	1,0x98,1
   366                           	dabs	1,0x99,1
   367                           	dabs	1,0x9B,1
   368                           	dabs	1,0x9C,1
   369                           	dabs	1,0x9D,1
   370                           	dabs	1,0x9E,1
   371                           	dabs	1,0x9F,1
   372                           	dabs	1,0x7E,2
   373  000A                     
   374                           	psect	text53
   375  0000                     __ptext53:	
   376  0004                     _FSR	set	4	;_FSR
   377  0000                     _INDF	set	0	;_INDF
   378  0002                     _PCL	set	2	;_PCL
   379  000A                     _PCLATH	set	10	;_PCLATH
   380  0005                     _PORTA	set	5	;_PORTA
   381  0006                     _SFR06	set	6	;_SFR06
   382  0007                     _SFR07	set	7	;_SFR07
   383  0008                     _SFR08	set	8	;_SFR08
   384  0009                     _SFR09	set	9	;_SFR09
   385  0003                     _STATUS	set	3	;_STATUS
   386  0001                     _TMR0	set	1	;_TMR0
   387  0013                     _CCPR1	set	19	;_CCPR1
   388  000E                     _TMR1	set	14	;_TMR1
   389  001F                     _ADCON0	set	31	;_ADCON0
   390  001E                     _ADRESH	set	30	;_ADRESH
   391  0015                     _CCP1CON	set	21	;_CCP1CON
   392  0014                     _CCPR1H	set	20	;_CCPR1H
   393  0013                     _CCPR1L	set	19	;_CCPR1L
   394  0019                     _CMCON0	set	25	;_CMCON0
   395  001A                     _CMCON1	set	26	;_CMCON1
   396  0017                     _ECCPAS	set	23	;_ECCPAS
   397  000B                     _INTCONbits	set	11	;_INTCONbits
   398  001B                     _MSCKCONbits	set	27	;_MSCKCONbits
   399  000A                     _PCLATHbits	set	10	;_PCLATHbits
   400  000C                     _PIR1bits	set	12	;_PIR1bits
   401  0005                     _PORTAbits	set	5	;_PORTAbits
   402  0007                     _PORTC	set	7	;_PORTC
   403  0016                     _PWM1CON	set	22	;_PWM1CON
   404  0000                     _SFR00	set	0	;_SFR00
   405  0001                     _SFR01	set	1	;_SFR01
   406  0002                     _SFR02	set	2	;_SFR02
   407  0003                     _SFR03	set	3	;_SFR03
   408  0004                     _SFR04	set	4	;_SFR04
   409  0005                     _SFR05	set	5	;_SFR05
   410  000A                     _SFR0A	set	10	;_SFR0A
   411  000B                     _SFR0B	set	11	;_SFR0B
   412  000C                     _SFR0C	set	12	;_SFR0C
   413  0011                     _SFR11	set	17	;_SFR11
   414  0012                     _SFR12	set	18	;_SFR12
   415  0018                     _SFR18	set	24	;_SFR18
   416  001B                     _SFR1B	set	27	;_SFR1B
   417  001C                     _SFR1C	set	28	;_SFR1C
   418  001D                     _SFR1D	set	29	;_SFR1D
   419  001D                     _SOSCPRHbits	set	29	;_SOSCPRHbits
   420  0003                     _STATUSbits	set	3	;_STATUSbits
   421  0010                     _T1CON	set	16	;_T1CON
   422  0012                     _T2CONbits	set	18	;_T2CONbits
   423  000F                     _TMR1H	set	15	;_TMR1H
   424  000E                     _TMR1L	set	14	;_TMR1L
   425  0018                     _WDTCONbits	set	24	;_WDTCONbits
   426  00FF                     _ADFM	set	255	;_ADFM
   427  0066                     _ADIF	set	102	;_ADIF
   428  00F8                     _ADON	set	248	;_ADON
   429  0018                     _C	set	24	;_C
   430  0063                     _C1IF	set	99	;_C1IF
   431  00CC                     _C1INV	set	204	;_C1INV
   432  00CE                     _C1OUT	set	206	;_C1OUT
   433  0064                     _C2IF	set	100	;_C2IF
   434  00CD                     _C2INV	set	205	;_C2INV
   435  00CF                     _C2OUT	set	207	;_C2OUT
   436  00D0                     _C2SYNC	set	208	;_C2SYNC
   437  0018                     _CARRY	set	24	;_CARRY
   438  0065                     _CCP1IF	set	101	;_CCP1IF
   439  00A8                     _CCP1M0	set	168	;_CCP1M0
   440  00A9                     _CCP1M1	set	169	;_CCP1M1
   441  00AA                     _CCP1M2	set	170	;_CCP1M2
   442  00AB                     _CCP1M3	set	171	;_CCP1M3
   443  00FA                     _CHS0	set	250	;_CHS0
   444  00FB                     _CHS1	set	251	;_CHS1
   445  00FC                     _CHS2	set	252	;_CHS2
   446  00CB                     _CIS	set	203	;_CIS
   447  00D9                     _CKCNTI	set	217	;_CKCNTI
   448  00DA                     _CKMAVG	set	218	;_CKMAVG
   449  0066                     _CKMEAIF	set	102	;_CKMEAIF
   450  00C8                     _CM0	set	200	;_CM0
   451  00C9                     _CM1	set	201	;_CM1
   452  00CA                     _CM2	set	202	;_CM2
   453  0019                     _DC	set	25	;_DC
   454  00AC                     _DC1B0	set	172	;_DC1B0
   455  00AD                     _DC1B1	set	173	;_DC1B1
   456  00BC                     _ECCPAS0	set	188	;_ECCPAS0
   457  00BD                     _ECCPAS1	set	189	;_ECCPAS1
   458  00BE                     _ECCPAS2	set	190	;_ECCPAS2
   459  00BF                     _ECCPASE	set	191	;_ECCPASE
   460  0065                     _ECCPIF	set	101	;_ECCPIF
   461  0067                     _EEIF	set	103	;_EEIF
   462  005F                     _GIE	set	95	;_GIE
   463  00F9                     _GO	set	249	;_GO
   464  00F9                     _GO_DONE	set	249	;_GO_DONE
   465  00F9                     _GO_nDONE	set	249	;_GO_nDONE
   466  0019                     _HC	set	25	;_HC
   467  005C                     _INTE	set	92	;_INTE
   468  0059                     _INTF	set	89	;_INTF
   469  001F                     _IRP	set	31	;_IRP
   470  0062                     _OSFIF	set	98	;_OSFIF
   471  00AE                     _P1M0	set	174	;_P1M0
   472  00AF                     _P1M1	set	175	;_P1M1
   473  0028                     _PA0	set	40	;_PA0
   474  0029                     _PA1	set	41	;_PA1
   475  002A                     _PA2	set	42	;_PA2
   476  002B                     _PA3	set	43	;_PA3
   477  002C                     _PA4	set	44	;_PA4
   478  002D                     _PA5	set	45	;_PA5
   479  001D                     _PAGE	set	29	;_PAGE
   480  005B                     _PAIE	set	91	;_PAIE
   481  0058                     _PAIF	set	88	;_PAIF
   482  00B0                     _PDC0	set	176	;_PDC0
   483  00B1                     _PDC1	set	177	;_PDC1
   484  00B2                     _PDC2	set	178	;_PDC2
   485  00B3                     _PDC3	set	179	;_PDC3
   486  00B4                     _PDC4	set	180	;_PDC4
   487  00B5                     _PDC5	set	181	;_PDC5
   488  00B6                     _PDC6	set	182	;_PDC6
   489  005E                     _PEIE	set	94	;_PEIE
   490  00B7                     _PRSEN	set	183	;_PRSEN
   491  00BA                     _PSSAC0	set	186	;_PSSAC0
   492  00BB                     _PSSAC1	set	187	;_PSSAC1
   493  00B8                     _PSSBD0	set	184	;_PSSBD0
   494  00B9                     _PSSBD1	set	185	;_PSSBD1
   495  0028                     _RA0	set	40	;_RA0
   496  0029                     _RA1	set	41	;_RA1
   497  002A                     _RA2	set	42	;_RA2
   498  002B                     _RA3	set	43	;_RA3
   499  002C                     _RA4	set	44	;_RA4
   500  002D                     _RA5	set	45	;_RA5
   501  005B                     _RAIE	set	91	;_RAIE
   502  0058                     _RAIF	set	88	;_RAIF
   503  0038                     _RC0	set	56	;_RC0
   504  0039                     _RC1	set	57	;_RC1
   505  003A                     _RC2	set	58	;_RC2
   506  003B                     _RC3	set	59	;_RC3
   507  003C                     _RC4	set	60	;_RC4
   508  003D                     _RC5	set	61	;_RC5
   509  001D                     _RP	set	29	;_RP
   510  001D                     _RP0	set	29	;_RP0
   511  001E                     _RP1	set	30	;_RP1
   512  00DC                     _SLVREN	set	220	;_SLVREN
   513  00C0                     _SWDTEN	set	192	;_SWDTEN
   514  005D                     _T0IE	set	93	;_T0IE
   515  005A                     _T0IF	set	90	;_T0IF
   516  0084                     _T1CKPS0	set	132	;_T1CKPS0
   517  0085                     _T1CKPS1	set	133	;_T1CKPS1
   518  0087                     _T1GINV	set	135	;_T1GINV
   519  00D1                     _T1GSS	set	209	;_T1GSS
   520  0060                     _T1IF	set	96	;_T1IF
   521  0083                     _T1OSCEN	set	131	;_T1OSCEN
   522  0090                     _T2CKPS0	set	144	;_T2CKPS0
   523  0091                     _T2CKPS1	set	145	;_T2CKPS1
   524  0061                     _T2IF	set	97	;_T2IF
   525  005D                     _TMR0IE	set	93	;_TMR0IE
   526  005A                     _TMR0IF	set	90	;_TMR0IF
   527  0081                     _TMR1CS	set	129	;_TMR1CS
   528  0086                     _TMR1GE	set	134	;_TMR1GE
   529  0060                     _TMR1IF	set	96	;_TMR1IF
   530  0080                     _TMR1ON	set	128	;_TMR1ON
   531  0061                     _TMR2IF	set	97	;_TMR2IF
   532  0092                     _TMR2ON	set	146	;_TMR2ON
   533  0093                     _TOUTPS0	set	147	;_TOUTPS0
   534  0094                     _TOUTPS1	set	148	;_TOUTPS1
   535  0095                     _TOUTPS2	set	149	;_TOUTPS2
   536  0096                     _TOUTPS3	set	150	;_TOUTPS3
   537  00FE                     _VCFG	set	254	;_VCFG
   538  00C1                     _WDTPS0	set	193	;_WDTPS0
   539  00C2                     _WDTPS1	set	194	;_WDTPS1
   540  00C3                     _WDTPS2	set	195	;_WDTPS2
   541  00C4                     _WDTPS3	set	196	;_WDTPS3
   542  001A                     _Z	set	26	;_Z
   543  001A                     _ZERO	set	26	;_ZERO
   544  00F9                     _nDONE	set	249	;_nDONE
   545  001B                     _nPD	set	27	;_nPD
   546  001B                     _nPF	set	27	;_nPF
   547  0082                     _nT1SYNC	set	130	;_nT1SYNC
   548  001C                     _nTF	set	28	;_nTF
   549  001C                     _nTO	set	28	;_nTO
   550  0081                     _OPTION	set	129	;_OPTION
   551  0080                     _SFR80	set	128	;_SFR80
   552  009F                     _ADCON1	set	159	;_ADCON1
   553  009E                     _ADRESL	set	158	;_ADRESL
   554  0091                     _ANSEL	set	145	;_ANSEL
   555  009C                     _EECON1bits	set	156	;_EECON1bits
   556  009D                     _EECON2bits	set	157	;_EECON2bits
   557  009A                     _EEDATA	set	154	;_EEDATA
   558  0096                     _IOC	set	150	;_IOC
   559  0096                     _IOCAbits	set	150	;_IOCAbits
   560  0081                     _OPTION_REG	set	129	;_OPTION_REG
   561  0081                     _OPTIONbits	set	129	;_OPTIONbits
   562  008F                     _OSCCONbits	set	143	;_OSCCONbits
   563  0090                     _OSCTUNE	set	144	;_OSCTUNE
   564  008E                     _PCONbits	set	142	;_PCONbits
   565  008C                     _PIE1bits	set	140	;_PIE1bits
   566  0081                     _SFR81	set	129	;_SFR81
   567  0085                     _SFR85	set	133	;_SFR85
   568  008C                     _SFR8C	set	140	;_SFR8C
   569  008E                     _SFR8E	set	142	;_SFR8E
   570  008F                     _SFR8F	set	143	;_SFR8F
   571  0092                     _SFR92	set	146	;_SFR92
   572  0095                     _SFR95	set	149	;_SFR95
   573  0096                     _SFR96	set	150	;_SFR96
   574  009A                     _SFR9A	set	154	;_SFR9A
   575  009B                     _SFR9B	set	155	;_SFR9B
   576  009C                     _SFR9C	set	156	;_SFR9C
   577  009D                     _SFR9D	set	157	;_SFR9D
   578  0085                     _TRISAbits	set	133	;_TRISAbits
   579  0087                     _TRISC	set	135	;_TRISC
   580  0099                     _VRCON	set	153	;_VRCON
   581  0095                     _WPU	set	149	;_WPU
   582  0095                     _WPUAbits	set	149	;_WPUAbits
   583  04FC                     _ADCS0	set	1276	;_ADCS0
   584  04FD                     _ADCS1	set	1277	;_ADCS1
   585  04FE                     _ADCS2	set	1278	;_ADCS2
   586  0466                     _ADIE	set	1126	;_ADIE
   587  0488                     _ANS0	set	1160	;_ANS0
   588  0489                     _ANS1	set	1161	;_ANS1
   589  048A                     _ANS2	set	1162	;_ANS2
   590  048B                     _ANS3	set	1163	;_ANS3
   591  048C                     _ANS4	set	1164	;_ANS4
   592  048D                     _ANS5	set	1165	;_ANS5
   593  048E                     _ANS6	set	1166	;_ANS6
   594  048F                     _ANS7	set	1167	;_ANS7
   595  0463                     _C1IE	set	1123	;_C1IE
   596  0464                     _C2IE	set	1124	;_C2IE
   597  0465                     _CCP1IE	set	1125	;_CCP1IE
   598  0466                     _CKMEAIE	set	1126	;_CKMEAIE
   599  0465                     _ECCPIE	set	1125	;_ECCPIE
   600  0467                     _EEIE	set	1127	;_EEIE
   601  047A                     _HFIOFR	set	1146	;_HFIOFR
   602  047A                     _HTS	set	1146	;_HTS
   603  040E                     _INTEDG	set	1038	;_INTEDG
   604  04B0                     _IOC0	set	1200	;_IOC0
   605  04B1                     _IOC1	set	1201	;_IOC1
   606  04B2                     _IOC2	set	1202	;_IOC2
   607  04B3                     _IOC3	set	1203	;_IOC3
   608  04B4                     _IOC4	set	1204	;_IOC4
   609  04B5                     _IOC5	set	1205	;_IOC5
   610  04B0                     _IOCA0	set	1200	;_IOCA0
   611  04B1                     _IOCA1	set	1201	;_IOCA1
   612  04B2                     _IOCA2	set	1202	;_IOCA2
   613  04B3                     _IOCA3	set	1203	;_IOCA3
   614  04B4                     _IOCA4	set	1204	;_IOCA4
   615  04B5                     _IOCA5	set	1205	;_IOCA5
   616  047C                     _IRCF0	set	1148	;_IRCF0
   617  047D                     _IRCF1	set	1149	;_IRCF1
   618  047E                     _IRCF2	set	1150	;_IRCF2
   619  0479                     _LFIOFR	set	1145	;_LFIOFR
   620  047F                     _LFMOD	set	1151	;_LFMOD
   621  0479                     _LTS	set	1145	;_LTS
   622  0462                     _OSFIE	set	1122	;_OSFIE
   623  047B                     _OSTS	set	1147	;_OSTS
   624  0408                     _PS0	set	1032	;_PS0
   625  0409                     _PS1	set	1033	;_PS1
   626  040A                     _PS2	set	1034	;_PS2
   627  040B                     _PSA	set	1035	;_PSA
   628  04E0                     _RD	set	1248	;_RD
   629  0474                     _SBODEN	set	1140	;_SBODEN
   630  0474                     _SBOREN	set	1140	;_SBOREN
   631  0478                     _SCS	set	1144	;_SCS
   632  040D                     _T0CS	set	1037	;_T0CS
   633  040C                     _T0SE	set	1036	;_T0SE
   634  0460                     _T1IE	set	1120	;_T1IE
   635  0461                     _T2IE	set	1121	;_T2IE
   636  0460                     _TMR1IE	set	1120	;_TMR1IE
   637  0461                     _TMR2IE	set	1121	;_TMR2IE
   638  0428                     _TRISA0	set	1064	;_TRISA0
   639  0429                     _TRISA1	set	1065	;_TRISA1
   640  042A                     _TRISA2	set	1066	;_TRISA2
   641  042B                     _TRISA3	set	1067	;_TRISA3
   642  042C                     _TRISA4	set	1068	;_TRISA4
   643  042D                     _TRISA5	set	1069	;_TRISA5
   644  0438                     _TRISC0	set	1080	;_TRISC0
   645  0439                     _TRISC1	set	1081	;_TRISC1
   646  043A                     _TRISC2	set	1082	;_TRISC2
   647  043B                     _TRISC3	set	1083	;_TRISC3
   648  043C                     _TRISC4	set	1084	;_TRISC4
   649  043D                     _TRISC5	set	1085	;_TRISC5
   650  0480                     _TUN0	set	1152	;_TUN0
   651  0481                     _TUN1	set	1153	;_TUN1
   652  0482                     _TUN2	set	1154	;_TUN2
   653  0483                     _TUN3	set	1155	;_TUN3
   654  0484                     _TUN4	set	1156	;_TUN4
   655  0475                     _ULPWUE	set	1141	;_ULPWUE
   656  04C8                     _VR0	set	1224	;_VR0
   657  04C9                     _VR1	set	1225	;_VR1
   658  04CA                     _VR2	set	1226	;_VR2
   659  04CB                     _VR3	set	1227	;_VR3
   660  04CF                     _VREN	set	1231	;_VREN
   661  04CD                     _VRR	set	1229	;_VRR
   662  04A8                     _WPU0	set	1192	;_WPU0
   663  04A9                     _WPU1	set	1193	;_WPU1
   664  04AA                     _WPU2	set	1194	;_WPU2
   665  04AC                     _WPU4	set	1196	;_WPU4
   666  04AD                     _WPU5	set	1197	;_WPU5
   667  04A8                     _WPUA0	set	1192	;_WPUA0
   668  04A9                     _WPUA1	set	1193	;_WPUA1
   669  04AA                     _WPUA2	set	1194	;_WPUA2
   670  04AC                     _WPUA4	set	1196	;_WPUA4
   671  04AD                     _WPUA5	set	1197	;_WPUA5
   672  04E8                     _WR	set	1256	;_WR
   673  04E2                     _WREN	set	1250	;_WREN
   674  04E2                     _WREN1	set	1250	;_WREN1
   675  04E4                     _WREN2	set	1252	;_WREN2
   676  04E5                     _WREN3	set	1253	;_WREN3
   677  04E3                     _WRERR	set	1251	;_WRERR
   678  0470                     _nBOD	set	1136	;_nBOD
   679  0470                     _nBOR	set	1136	;_nBOR
   680  040F                     _nPAPU	set	1039	;_nPAPU
   681  0471                     _nPOR	set	1137	;_nPOR
   682  040F                     _nRAPU	set	1039	;_nRAPU
   683  000B                     _INTCON	set	11	;_INTCON
   684  000C                     _PIR1	set	12	;_PIR1
   685  000D                     _SFR0D	set	13	;_SFR0D
   686  000E                     _SFR0E	set	14	;_SFR0E
   687  000F                     _SFR0F	set	15	;_SFR0F
   688  0010                     _SFR10	set	16	;_SFR10
   689  0011                     _TMR2	set	17	;_TMR2
   690  0013                     _SFR13	set	19	;_SFR13
   691  0014                     _SFR14	set	20	;_SFR14
   692  0015                     _SFR15	set	21	;_SFR15
   693  0016                     _SFR16	set	22	;_SFR16
   694  0017                     _SFR17	set	23	;_SFR17
   695  0012                     _T2CON	set	18	;_T2CON
   696  0018                     _WDTCON	set	24	;_WDTCON
   697  001B                     _MSCKCON	set	27	;_MSCKCON
   698  0019                     _SFR19	set	25	;_SFR19
   699  001A                     _SFR1A	set	26	;_SFR1A
   700  001E                     _SFR1E	set	30	;_SFR1E
   701  001F                     _SFR1F	set	31	;_SFR1F
   702  001D                     _SOSCPRH	set	29	;_SOSCPRH
   703  001C                     _SOSCPRL	set	28	;_SOSCPRL
   704  0082                     _SFR82	set	130	;_SFR82
   705  0083                     _SFR83	set	131	;_SFR83
   706  0084                     _SFR84	set	132	;_SFR84
   707  0085                     _TRISA	set	133	;_TRISA
   708  008C                     _PIE1	set	140	;_PIE1
   709  0086                     _SFR86	set	134	;_SFR86
   710  0087                     _SFR87	set	135	;_SFR87
   711  0088                     _SFR88	set	136	;_SFR88
   712  0089                     _SFR89	set	137	;_SFR89
   713  008A                     _SFR8A	set	138	;_SFR8A
   714  008B                     _SFR8B	set	139	;_SFR8B
   715  008E                     _PCON	set	142	;_PCON
   716  008D                     _SFR8D	set	141	;_SFR8D
   717  008F                     _OSCCON	set	143	;_OSCCON
   718  0092                     _PR2	set	146	;_PR2
   719  0090                     _SFR90	set	144	;_SFR90
   720  0091                     _SFR91	set	145	;_SFR91
   721  0093                     _SFR93	set	147	;_SFR93
   722  0094                     _SFR94	set	148	;_SFR94
   723  0095                     _WPUA	set	149	;_WPUA
   724  009A                     _EEDAT	set	154	;_EEDAT
   725  0096                     _IOCA	set	150	;_IOCA
   726  0097                     _SFR97	set	151	;_SFR97
   727  0098                     _SFR98	set	152	;_SFR98
   728  0099                     _SFR99	set	153	;_SFR99
   729  009B                     _EEADR	set	155	;_EEADR
   730  009C                     _EECON1	set	156	;_EECON1
   731  009D                     _EECON2	set	157	;_EECON2
   732  009E                     _SFR9E	set	158	;_SFR9E
   733  009F                     _SFR9F	set	159	;_SFR9F
   734                           
   735                           	psect	cinit
   736  03B9                     start_initialization:	
   737  03B9                     end_of_initialization:	
   738                           ;End of C runtime variable initialization code
   739                           
   740  03B9  0183               	clrf	3
   741  03BA  2BC4               	ljmp	_main	;jump to C main() function
   742                           
   743                           	psect	cstackCOMMON
   744  0040                     __pcstackCOMMON:	
   745  0040                     ?_POWER_INITIAL:	
   746  0040                     ??_POWER_INITIAL:	
   747                           ; 0 bytes @ 0x0
   748                           
   749  0040                     ?_DelayUs:	
   750                           ; 0 bytes @ 0x0
   751                           
   752  0040                     ??_DelayUs:	
   753                           ; 0 bytes @ 0x0
   754                           
   755  0040                     ?_DelayMs:	
   756                           ; 0 bytes @ 0x0
   757                           
   758  0040                     ?_DelayS:	
   759                           ; 0 bytes @ 0x0
   760                           
   761  0040                     ?_main:	
   762                           ; 0 bytes @ 0x0
   763                           
   764  0040                     DelayUs@Time:	
   765                           ; 0 bytes @ 0x0
   766                           
   767                           
   768                           ; 1 bytes @ 0x0
   769  0040                     	ds	1
   770  0041                     DelayUs@a:	
   771                           
   772                           ; 1 bytes @ 0x1
   773  0041                     	ds	1
   774  0042                     ??_DelayMs:	
   775  0042                     DelayMs@Time:	
   776                           ; 0 bytes @ 0x2
   777                           
   778                           
   779                           ; 1 bytes @ 0x2
   780  0042                     	ds	1
   781  0043                     DelayMs@a:	
   782                           
   783                           ; 1 bytes @ 0x3
   784  0043                     	ds	1
   785  0044                     DelayMs@b:	
   786                           
   787                           ; 1 bytes @ 0x4
   788  0044                     	ds	1
   789  0045                     ??_DelayS:	
   790  0045                     DelayS@Time:	
   791                           ; 0 bytes @ 0x5
   792                           
   793                           
   794                           ; 1 bytes @ 0x5
   795  0045                     	ds	1
   796  0046                     DelayS@a:	
   797                           
   798                           ; 1 bytes @ 0x6
   799  0046                     	ds	1
   800  0047                     DelayS@b:	
   801                           
   802                           ; 1 bytes @ 0x7
   803  0047                     	ds	1
   804  0048                     ??_main:	
   805                           
   806                           	psect	maintext
   807  03C4                     __pmaintext:	
   808                           ; 0 bytes @ 0x8
   809 ;;Data sizes: Strings 0, constant 0, data 0, bss 0, persistent 0 stack 0
   810 ;;Auto spaces:   Size  Autos    Used
   811 ;; COMMON          62      8       8
   812 ;;
   813 ;; Pointer list with targets:
   814 ;;
   815 ;; Critical Paths under _main in COMMON
   816 ;;
   817 ;;   _main->_DelayS
   818 ;;   _DelayS->_DelayMs
   819 ;;   _DelayMs->_DelayUs
   820 ;;
   821 ;;Main: autosize = 0, tempsize = 0, incstack = 0, save=0
   822 ;;
   823 ;;
   824 ;;Call Graph Tables:
   825 ;;
   826 ;; ---------------------------------------------------------------------------------
   827 ;; (Depth) Function   	        Calls       Base Space   Used Autos Params    Refs
   828 ;; ---------------------------------------------------------------------------------
   829 ;; (0) _main                                                 0     0      0     150
   830 ;;                      _POWER_INITIAL
   831 ;;                             _DelayS
   832 ;; ---------------------------------------------------------------------------------
   833 ;; (1) _DelayS                                               3     3      0     150
   834 ;;                                              5 COMMON     3     3      0
   835 ;;                            _DelayMs
   836 ;; ---------------------------------------------------------------------------------
   837 ;; (2) _DelayMs                                              3     3      0      90
   838 ;;                                              2 COMMON     3     3      0
   839 ;;                            _DelayUs
   840 ;; ---------------------------------------------------------------------------------
   841 ;; (3) _DelayUs                                              2     2      0      30
   842 ;;                                              0 COMMON     2     2      0
   843 ;; ---------------------------------------------------------------------------------
   844 ;; (1) _POWER_INITIAL                                        0     0      0       0
   845 ;; ---------------------------------------------------------------------------------
   846 ;; Estimated maximum stack depth 3
   847 ;; ---------------------------------------------------------------------------------
   848 ;; Call Graph Graphs:
   849 ;; _main (ROOT)
   850 ;;   _POWER_INITIAL
   851 ;;   _DelayS
   852 ;;     _DelayMs
   853 ;;       _DelayUs
   854 ;;
   855 ;; Address spaces:
   856 ;;Name               Size   Autos  Total    Cost      Usage
   857 ;;BITCOMMON           3E      0       0       0        0.0%
   858 ;;EEDATA             100      0       0       0        0.0%
   859 ;;NULL                 0      0       0       0        0.0%
   860 ;;CODE                 0      0       0       0        0.0%
   861 ;;COMMON              3E      8       8       1       12.9%
   862 ;;BITSFR0              0      0       0       1        0.0%
   863 ;;SFR0                 0      0       0       1        0.0%
   864 ;;BITSFR1              0      0       0       2        0.0%
   865 ;;SFR1                 0      0       0       2        0.0%
   866 ;;STACK                0      0       3       2        0.0%
   867 ;;ABS                  0      0       0       3        0.0%
   868 ;;DATA                 0      0       0       4        0.0%
   869                           
   870                           
   871 ;; *************** function _main *****************
   872 ;; Defined at:
   873 ;;		line 119 in file "TEST_60F01x_SLEEP.c"
   874 ;; Parameters:    Size  Location     Type
   875 ;;		None
   876 ;; Auto vars:     Size  Location     Type
   877 ;;		None
   878 ;; Return value:  Size  Location     Type
   879 ;;		None               void
   880 ;; Registers used:
   881 ;;		wreg, status,2, status,0, pclath, cstack
   882 ;; Tracked objects:
   883 ;;		On entry : 17F/0
   884 ;;		On exit  : 0/0
   885 ;;		Unchanged: 0/0
   886 ;; Data sizes:     COMMON
   887 ;;      Params:         0
   888 ;;      Locals:         0
   889 ;;      Temps:          0
   890 ;;      Totals:         0
   891 ;;Total ram usage:        0 bytes
   892 ;; Hardware stack levels required when called:    3
   893 ;; This function calls:
   894 ;;		_POWER_INITIAL
   895 ;;		_DelayS
   896 ;; This function is called by:
   897 ;;		Startup code after reset
   898 ;; This function uses a non-reentrant model
   899 ;;
   900  03C4                     _main:	
   901                           
   902                           ;TEST_60F01x_SLEEP.c: 120: POWER_INITIAL();
   903                           
   904                           ; Regs used in _main: [wreg+status,2+status,0+pclath+cstack]
   905  03C4  23D1               	fcall	_POWER_INITIAL
   906  03C5  3003               	movlw	3
   907                           
   908                           ;TEST_60F01x_SLEEP.c: 121: RA1 = 1;
   909  03C6  1485               	bsf	5,1
   910  03C7  1405               	bsf	5,0
   911                           
   912                           ;TEST_60F01x_SLEEP.c: 123: DelayS(3);
   913  03C8  23F0               	fcall	_DelayS
   914                           
   915                           ;TEST_60F01x_SLEEP.c: 124: RA1 = 0;
   916  03C9  1283               	bcf	3,5	;RP0=0, select bank0
   917  03CA  1085               	bcf	5,1
   918                           
   919                           ;TEST_60F01x_SLEEP.c: 125: RA0 = 0;
   920  03CB  1005               	bcf	5,0
   921  03CC                     l1452:	
   922  03CC  0064               	clrwdt	;#
   923                           
   924                           ;TEST_60F01x_SLEEP.c: 129: _nop();
   925  03CD  0000               	nop
   926  03CE  0063               	sleep	;#
   927                           
   928                           ;TEST_60F01x_SLEEP.c: 131: _nop();
   929  03CF  0000               	nop
   930  03D0  2BCC               	goto	l1452
   931  03D1                     __end_of_main:	
   932                           
   933                           	psect	text54
   934  03F0                     __ptext54:	
   935 ;; =============== function _main ends ============
   936                           
   937                           
   938 ;; *************** function _DelayS *****************
   939 ;; Defined at:
   940 ;;		line 102 in file "TEST_60F01x_SLEEP.c"
   941 ;; Parameters:    Size  Location     Type
   942 ;;  Time            1    wreg     unsigned char 
   943 ;; Auto vars:     Size  Location     Type
   944 ;;  Time            1    5[COMMON] unsigned char 
   945 ;;  b               1    7[COMMON] unsigned char 
   946 ;;  a               1    6[COMMON] unsigned char 
   947 ;; Return value:  Size  Location     Type
   948 ;;		None               void
   949 ;; Registers used:
   950 ;;		wreg, status,2, status,0, pclath, cstack
   951 ;; Tracked objects:
   952 ;;		On entry : 17F/0
   953 ;;		On exit  : 0/0
   954 ;;		Unchanged: FFE00/0
   955 ;; Data sizes:     COMMON
   956 ;;      Params:         0
   957 ;;      Locals:         3
   958 ;;      Temps:          0
   959 ;;      Totals:         3
   960 ;;Total ram usage:        3 bytes
   961 ;; Hardware stack levels used:    1
   962 ;; Hardware stack levels required when called:    2
   963 ;; This function calls:
   964 ;;		_DelayMs
   965 ;; This function is called by:
   966 ;;		_main
   967 ;; This function uses a non-reentrant model
   968 ;;
   969  03F0                     _DelayS:	
   970                           
   971                           ; Regs used in _DelayS: [wreg+status,2+status,0+pclath+cstack]
   972                           ;DelayS@Time stored from wreg
   973  03F0  00C5               	movwf	DelayS@Time
   974                           
   975                           ;TEST_60F01x_SLEEP.c: 103: unsigned char a,b;
   976                           ;TEST_60F01x_SLEEP.c: 104: for(a=0;a<Time;a++)
   977  03F1  01C6               	clrf	DelayS@a
   978  03F2                     l1440:	
   979  03F2  0845               	movf	DelayS@Time,w
   980  03F3  0246               	subwf	DelayS@a,w
   981  03F4  1803               	btfsc	3,0
   982  03F5  0008               	return
   983                           
   984                           ;TEST_60F01x_SLEEP.c: 105: {
   985                           ;TEST_60F01x_SLEEP.c: 106: for(b=0;b<10;b++)
   986  03F6  01C7               	clrf	DelayS@b
   987  03F7                     l1432:	
   988                           
   989                           ;TEST_60F01x_SLEEP.c: 107: {
   990                           ;TEST_60F01x_SLEEP.c: 108: DelayMs(100);
   991  03F7  3064               	movlw	100
   992  03F8  23E0               	fcall	_DelayMs
   993  03F9  300A               	movlw	10
   994  03FA  0AC7               	incf	DelayS@b,f
   995  03FB  0247               	subwf	DelayS@b,w
   996  03FC  1C03               	skipc
   997  03FD  2BF7               	goto	l1432
   998  03FE  0AC6               	incf	DelayS@a,f
   999  03FF  2BF2               	goto	l1440
  1000  0400                     __end_of_DelayS:	
  1001                           
  1002                           	psect	text55
  1003  03E0                     __ptext55:	
  1004 ;; =============== function _DelayS ends ============
  1005                           
  1006                           
  1007 ;; *************** function _DelayMs *****************
  1008 ;; Defined at:
  1009 ;;		line 85 in file "TEST_60F01x_SLEEP.c"
  1010 ;; Parameters:    Size  Location     Type
  1011 ;;  Time            1    wreg     unsigned char 
  1012 ;; Auto vars:     Size  Location     Type
  1013 ;;  Time            1    2[COMMON] unsigned char 
  1014 ;;  b               1    4[COMMON] unsigned char 
  1015 ;;  a               1    3[COMMON] unsigned char 
  1016 ;; Return value:  Size  Location     Type
  1017 ;;		None               void
  1018 ;; Registers used:
  1019 ;;		wreg, status,2, status,0, pclath, cstack
  1020 ;; Tracked objects:
  1021 ;;		On entry : 0/0
  1022 ;;		On exit  : 0/0
  1023 ;;		Unchanged: FFE00/0
  1024 ;; Data sizes:     COMMON
  1025 ;;      Params:         0
  1026 ;;      Locals:         3
  1027 ;;      Temps:          0
  1028 ;;      Totals:         3
  1029 ;;Total ram usage:        3 bytes
  1030 ;; Hardware stack levels used:    1
  1031 ;; Hardware stack levels required when called:    1
  1032 ;; This function calls:
  1033 ;;		_DelayUs
  1034 ;; This function is called by:
  1035 ;;		_DelayS
  1036 ;; This function uses a non-reentrant model
  1037 ;;
  1038  03E0                     _DelayMs:	
  1039                           
  1040                           ; Regs used in _DelayMs: [wreg+status,2+status,0+pclath+cstack]
  1041                           ;DelayMs@Time stored from wreg
  1042  03E0  00C2               	movwf	DelayMs@Time
  1043                           
  1044                           ;TEST_60F01x_SLEEP.c: 86: unsigned char a,b;
  1045                           ;TEST_60F01x_SLEEP.c: 87: for(a=0;a<Time;a++)
  1046  03E1  01C3               	clrf	DelayMs@a
  1047  03E2                     l1422:	
  1048  03E2  0842               	movf	DelayMs@Time,w
  1049  03E3  0243               	subwf	DelayMs@a,w
  1050  03E4  1803               	btfsc	3,0
  1051  03E5  0008               	return
  1052                           
  1053                           ;TEST_60F01x_SLEEP.c: 88: {
  1054                           ;TEST_60F01x_SLEEP.c: 89: for(b=0;b<5;b++)
  1055  03E6  01C4               	clrf	DelayMs@b
  1056  03E7                     l1414:	
  1057                           
  1058                           ;TEST_60F01x_SLEEP.c: 90: {
  1059                           ;TEST_60F01x_SLEEP.c: 91: DelayUs(197);
  1060  03E7  30C5               	movlw	197
  1061  03E8  23BB               	fcall	_DelayUs
  1062  03E9  3005               	movlw	5
  1063  03EA  0AC4               	incf	DelayMs@b,f
  1064  03EB  0244               	subwf	DelayMs@b,w
  1065  03EC  1C03               	skipc
  1066  03ED  2BE7               	goto	l1414
  1067  03EE  0AC3               	incf	DelayMs@a,f
  1068  03EF  2BE2               	goto	l1422
  1069  03F0                     __end_of_DelayMs:	
  1070                           
  1071                           	psect	text56
  1072  03BB                     __ptext56:	
  1073 ;; =============== function _DelayMs ends ============
  1074                           
  1075                           
  1076 ;; *************** function _DelayUs *****************
  1077 ;; Defined at:
  1078 ;;		line 71 in file "TEST_60F01x_SLEEP.c"
  1079 ;; Parameters:    Size  Location     Type
  1080 ;;  Time            1    wreg     unsigned char 
  1081 ;; Auto vars:     Size  Location     Type
  1082 ;;  Time            1    0[COMMON] unsigned char 
  1083 ;;  a               1    1[COMMON] unsigned char 
  1084 ;; Return value:  Size  Location     Type
  1085 ;;		None               void
  1086 ;; Registers used:
  1087 ;;		wreg, status,2, status,0
  1088 ;; Tracked objects:
  1089 ;;		On entry : 0/0
  1090 ;;		On exit  : 0/0
  1091 ;;		Unchanged: FFE00/0
  1092 ;; Data sizes:     COMMON
  1093 ;;      Params:         0
  1094 ;;      Locals:         2
  1095 ;;      Temps:          0
  1096 ;;      Totals:         2
  1097 ;;Total ram usage:        2 bytes
  1098 ;; Hardware stack levels used:    1
  1099 ;; This function calls:
  1100 ;;		Nothing
  1101 ;; This function is called by:
  1102 ;;		_DelayMs
  1103 ;; This function uses a non-reentrant model
  1104 ;;
  1105  03BB                     _DelayUs:	
  1106                           
  1107                           ; Regs used in _DelayUs: [wreg+status,2+status,0]
  1108                           ;DelayUs@Time stored from wreg
  1109  03BB  00C0               	movwf	DelayUs@Time
  1110                           
  1111                           ;TEST_60F01x_SLEEP.c: 72: unsigned char a;
  1112                           ;TEST_60F01x_SLEEP.c: 73: for(a=0;a<Time;a++)
  1113  03BC  01C1               	clrf	DelayUs@a
  1114  03BD                     l1404:	
  1115  03BD  0840               	movf	DelayUs@Time,w
  1116  03BE  0241               	subwf	DelayUs@a,w
  1117  03BF  1803               	btfsc	3,0
  1118  03C0  0008               	return
  1119  03C1  0064               	clrwdt	;#
  1120  03C2  0AC1               	incf	DelayUs@a,f
  1121  03C3  2BBD               	goto	l1404
  1122  03C4                     __end_of_DelayUs:	
  1123                           
  1124                           	psect	text57
  1125  03D1                     __ptext57:	
  1126 ;; =============== function _DelayUs ends ============
  1127                           
  1128                           
  1129 ;; *************** function _POWER_INITIAL *****************
  1130 ;; Defined at:
  1131 ;;		line 45 in file "TEST_60F01x_SLEEP.c"
  1132 ;; Parameters:    Size  Location     Type
  1133 ;;		None
  1134 ;; Auto vars:     Size  Location     Type
  1135 ;;		None
  1136 ;; Return value:  Size  Location     Type
  1137 ;;		None               void
  1138 ;; Registers used:
  1139 ;;		wreg, status,2
  1140 ;; Tracked objects:
  1141 ;;		On entry : 17F/0
  1142 ;;		On exit  : 17F/0
  1143 ;;		Unchanged: FFE80/0
  1144 ;; Data sizes:     COMMON
  1145 ;;      Params:         0
  1146 ;;      Locals:         0
  1147 ;;      Temps:          0
  1148 ;;      Totals:         0
  1149 ;;Total ram usage:        0 bytes
  1150 ;; Hardware stack levels used:    1
  1151 ;; This function calls:
  1152 ;;		Nothing
  1153 ;; This function is called by:
  1154 ;;		_main
  1155 ;; This function uses a non-reentrant model
  1156 ;;
  1157  03D1                     _POWER_INITIAL:	
  1158                           
  1159                           ;TEST_60F01x_SLEEP.c: 46: OSCCON = 0X00|0X70|0X01;
  1160                           
  1161                           ; Regs used in _POWER_INITIAL: [wreg+status,2]
  1162  03D1  3071               	movlw	113
  1163  03D2  1683               	bsf	3,5	;RP0=1, select bank1
  1164  03D3  008F               	movwf	15	;volatile
  1165                           
  1166                           ;TEST_60F01x_SLEEP.c: 50: INTCON = 0;
  1167  03D4  018B               	clrf	11	;volatile
  1168                           
  1169                           ;TEST_60F01x_SLEEP.c: 51: PORTA = 0B00000000;
  1170  03D5  1283               	bcf	3,5	;RP0=0, select bank0
  1171  03D6  0185               	clrf	5	;volatile
  1172                           
  1173                           ;TEST_60F01x_SLEEP.c: 52: TRISA = 0B00000000;
  1174  03D7  1683               	bsf	3,5	;RP0=1, select bank1
  1175  03D8  0185               	clrf	5	;volatile
  1176                           
  1177                           ;TEST_60F01x_SLEEP.c: 53: WPUA = 0B00100000;
  1178  03D9  3020               	movlw	32
  1179  03DA  0095               	movwf	21	;volatile
  1180                           
  1181                           ;TEST_60F01x_SLEEP.c: 56: OPTION = 0B00001000;
  1182  03DB  3008               	movlw	8
  1183  03DC  0081               	movwf	1	;volatile
  1184                           
  1185                           ;TEST_60F01x_SLEEP.c: 58: MSCKCON = 0B00000000;
  1186  03DD  1283               	bcf	3,5	;RP0=0, select bank0
  1187  03DE  019B               	clrf	27	;volatile
  1188  03DF  0008               	return
  1189  03E0                     __end_of_POWER_INITIAL:	
  1190                           
  1191                           	psect	text58
  1192  0000                     __ptext58:	
  1193 ;; =============== function _POWER_INITIAL ends ============
  1194                           
  1195  007E                     btemp	set	126	;btemp
  1196  007E                     wtemp0	set	126


HI-TECH Software PICC Macro Assembler V9.83 build 10920 
Symbol Table                                                                                   Fri Jul 20 14:20:08 2018

                     _C 0018                       _Z 001A                      _DC 0019                      _HC 0019  
                    _GO 00F9                      _RD 04E0                      _RP 001D                      _WR 04E8  
                   l433 0000                     _CM0 00C8                     l439 0000                     l447 0000  
                   l455 0000                     _CM1 00C9                     _CM2 00CA                     _CIS 00CB  
                   _PA0 0028                     _PA1 0029                     _GIE 005F                     _PA2 002A  
                   _PA3 002B                     _PA4 002C                     _PA5 002D                     _RA0 0028  
                   _RA1 0029                     _RA2 002A                     _RA3 002B                     _RC0 0038  
                   _RA4 002C                     _RC1 0039                     _RA5 002D                     _RC2 003A  
                   _RC3 003B                     _RC4 003C                     _RC5 003D                     _IOC 0096  
                   _FSR 0004                     _PCL 0002                     _PR2 0092                     _PS0 0408  
                   _PS1 0409                     _PS2 040A                     _RP0 001D                     _IRP 001F  
                   _RP1 001E                     _HTS 047A                     _SCS 0478                     _PSA 040B  
                   _LTS 0479                     _VR0 04C8                     _VR1 04C9                     _VR2 04CA  
                   _VR3 04CB                     _VRR 04CD                     _WPU 0095                     _nPD 001B  
                   _nPF 001B                     _nTF 001C                     _nTO 001C                    _C1IE 0463  
                  _C1IF 0063                    _C2IE 0464                    l1400 0000                    _C2IF 0064  
                  l1402 0000                    l1404 03BD                    l1414 03E7                    l1422 03E2  
                  l1406 0000                    l1416 0000                    l1432 03F7                    l1440 03F2  
                  l1424 0000                    l1418 0000                    l1434 0000                    l1450 0000  
                  l1442 0000                    l1436 0000                    l1452 03CC                    l1444 0000  
                  l1390 0000                    l1454 0000                    l1446 0000                    l1392 0000  
                  l1456 0000                    l1448 0000                    l1394 0000                    l1386 0000  
                  l1458 0000                    l1396 0000                    l1388 0000                    l1398 0000  
                  _ADIE 0466                    _ADIF 0066                    _ADFM 00FF                    _ADON 00F8  
                  _P1M0 00AE                    _CHS0 00FA                    _P1M1 00AF                    _CHS1 00FB  
                  _CHS2 00FC                    _EEIE 0467                    _EEIF 0067                    _ANS0 0488  
                  _ANS1 0489                    _ANS2 048A                    _ANS3 048B                    _ANS4 048C  
                  _ANS5 048D                    _ANS6 048E                    _ANS7 048F                    _T0IE 005D  
                  _T0IF 005A                    _T0CS 040D                    _IOC0 04B0                    _T1IE 0460  
                  _IOC1 04B1                    _IOC2 04B2                    _T1IF 0060                    _IOC3 04B3  
                  _IOC4 04B4                    _T2IE 0461                    _IOC5 04B5                    _T2IF 0061  
                  _PDC0 00B0                    _PDC1 00B1                    _PDC2 00B2                    _PDC3 00B3  
                  _PDC4 00B4                    _IOCA 0096                    _T0SE 040C                    _PDC5 00B5  
                  _PDC6 00B6                    _INDF 0000                    _PAGE 001D                    _PAIE 005B  
                  _PAIF 0058                    _PIE1 008C                    _RAIE 005B                    _PEIE 005E  
                  _RAIF 0058                    _INTE 005C                    _INTF 0059                    _PCON 008E  
                  _PIR1 000C                    _VCFG 00FE                    _TMR0 0001                    _TMR1 000E  
                  _TMR2 0011                    _OSTS 047B                    _TUN0 0480                    _TUN1 0481  
                  _TUN2 0482                    _TUN3 0483                    _TUN4 0484                    _VREN 04CF  
                  _WPU0 04A8                    _WPU1 04A9                    _WPU2 04AA                    _WPU4 04AC  
                  _WPU5 04AD                    _ZERO 001A                    _WREN 04E2                    _WPUA 0095  
                  _nBOD 0470                    _nBOR 0470                    _nPOR 0471                    _main 03C4  
                  btemp 007E                    start 0000         __end_of_DelayMs 03F0         __end_of_DelayUs 03C4  
                 _C1INV 00CC                   _DC1B0 00AC                   _DC1B1 00AD                   _C2INV 00CD  
                 _C1OUT 00CE                   _C2OUT 00CF                   _ADCS0 04FC                   _ADCS1 04FD  
                 _ADCS2 04FE                   ?_main 0040                   _EEADR 009B                   _CCPR1 0013  
                 _EEDAT 009A                   _CARRY 0018                   _ANSEL 0091                   _T1CON 0010  
                 _IOCA0 04B0                   _IOCA1 04B1                   _T2CON 0012                   _IOCA2 04B2  
                 _IOCA3 04B3                   _IOCA4 04B4                   _IOCA5 04B5                   _T1GSS 00D1  
                 _IRCF0 047C                   _IRCF1 047D                   _IRCF2 047E                   _LFMOD 047F  
                 _SFR00 0000                   _SFR01 0001                   _SFR10 0010                   _SFR02 0002  
                 _SFR11 0011                   _SFR03 0003                   _SFR12 0012                   _SFR04 0004  
                 _SFR13 0013                   _SFR05 0005                   _SFR14 0014                   _SFR06 0006  
                 _SFR15 0015                   _SFR07 0007                   _SFR16 0016                   _SFR08 0008  
                 _SFR17 0017                   _SFR09 0009                   _SFR18 0018                   _SFR19 0019  
                 _SFR80 0080                   _SFR81 0081                   _SFR0A 000A                   _SFR90 0090  
                 _SFR82 0082                   _SFR0B 000B                   _SFR91 0091                   _SFR83 0083  
                 _SFR1A 001A                   _SFR0C 000C                   _SFR84 0084                   _SFR0D 000D  
                 _SFR92 0092                   _SFR1B 001B                   _SFR93 0093                   _SFR0E 000E  
                 _SFR85 0085                   _SFR1C 001C                   _SFR94 0094                   _SFR86 0086  
                 _SFR0F 000F                   _SFR1D 001D                   _SFR87 0087                   _SFR1E 001E  
                 _SFR95 0095                   _SFR88 0088                   _SFR1F 001F                   _SFR96 0096  
                 _SFR97 0097                   _SFR89 0089                   _SFR98 0098                   _SFR99 0099  
                 _SFR8A 008A                   _SFR8B 008B                   _SFR9A 009A                   _SFR8C 008C  
                 _SFR8D 008D                   _SFR9B 009B                   _SFR9C 009C                   _SFR8E 008E  
                 _SFR9D 009D                   _SFR8F 008F                   _SFR9E 009E                   _SFR9F 009F  
                 _OSFIE 0462                   _OSFIF 0062                   _TMR1H 000F                   _TMR1L 000E  
                 _PORTA 0005                   _PORTC 0007                   _PRSEN 00B7                   _TRISA 0085  
                 _TRISC 0087                   _WREN1 04E2                   _WREN2 04E4                   _WREN3 04E5  
                 _VRCON 0099                   _WPUA0 04A8                   _WPUA1 04A9                   _WPUA2 04AA  
                 _WPUA4 04AC                   _WPUA5 04AD                   _WRERR 04E3                   _nDONE 00F9  
                 _nPAPU 040F                   _nRAPU 040F                   status 0003                   wtemp0 007E  
          __end_of_main 03D1                  ??_main 0048                  _C2SYNC 00D0                  _ADCON0 001F  
                _ADCON1 009F                  _CCP1M0 00A8                  _CCP1M1 00A9                  _CCP1M2 00AA  
                _CCP1M3 00AB                  _CCP1IE 0465                  _CCP1IF 0065                  _ADRESH 001E  
                _ADRESL 009E                  _EEDATA 009A                  _ECCPAS 0017                  _ECCPIE 0465  
                _ECCPIF 0065                  _CCPR1H 0014                  _CCPR1L 0013                  _EECON1 009C  
                _EECON2 009D                  _CMCON0 0019                  _CKCNTI 00D9                  _CMCON1 001A  
                _CKMAVG 00DA                  _HFIOFR 047A                  _T1GINV 0087                  _LFIOFR 0479  
                _INTEDG 040E                  _PCLATH 000A                  _INTCON 000B               ??_DelayMs 0042  
             ??_DelayUs 0040                  _SBODEN 0474                  _SBOREN 0474                  _OSCCON 008F  
                _TMR1GE 0086                  _TMR0IE 005D                  _TMR0IF 005A                  _TMR1IE 0460  
                _TMR1IF 0060                  _TMR1CS 0081                  _TMR2IE 0461                  _TMR2IF 0061  
                _PSSAC0 00BA                  _PSSAC1 00BB                  _PSSBD0 00B8                  _PSSBD1 00B9  
                _OPTION 0081                  _TMR1ON 0080                  _TMR2ON 0092                  _WDTCON 0018  
                _WDTPS0 00C1                  _WDTPS1 00C2                  _WDTPS2 00C3                  _WDTPS3 00C4  
                _TRISA0 0428                  _TRISA1 0429                  _TRISA2 042A                  _TRISA3 042B  
                _TRISC0 0438                  _TRISA4 042C                  _TRISC1 0439                  _TRISA5 042D  
                _TRISC2 043A                  _TRISC3 043B                  _TRISC4 043C                  _TRISC5 043D  
                _SLVREN 00DC                  _STATUS 0003                  _SWDTEN 00C0                  _ULPWUE 0475  
                _DelayS 03F0   __end_of_POWER_INITIAL 03E0          __pcstackCOMMON 0040                 ?_DelayS 0040  
            __pmaintext 03C4                 _CCP1CON 0015                 _ECCPAS0 00BC                 _ECCPAS1 00BD  
               _ECCPAS2 00BE                 _ECCPASE 00BF                 _CKMEAIE 0466                 _CKMEAIF 0066  
               _T1CKPS0 0084                 _T1CKPS1 0085                 _T2CKPS0 0090                 _T2CKPS1 0091  
               _T1OSCEN 0083                 DelayS@a 0046                 DelayS@b 0047                 _GO_DONE 00F9  
               _MSCKCON 001B                 _OSCTUNE 0090                 _PWM1CON 0016                 _SOSCPRH 001D  
               _SOSCPRL 001C                 _TOUTPS0 0093                 _TOUTPS1 0094                 _TOUTPS2 0095  
               _TOUTPS3 0096                 _DelayMs 03E0                 _DelayUs 03BB         __size_of_DelayS 0010  
               _nT1SYNC 0082               _T2CONbits 0012    end_of_initialization 03B9               _PORTAbits 0005  
             _TRISAbits 0085          __end_of_DelayS 0400     start_initialization 03B9                ??_DelayS 0045  
__size_of_POWER_INITIAL 000F                ?_DelayMs 0040                ?_DelayUs 0040           _POWER_INITIAL 03D1  
              _IOCAbits 0096                DelayMs@a 0043                DelayMs@b 0044                DelayUs@a 0041  
              _PIE1bits 008C                _PCONbits 008E                _PIR1bits 000C                _GO_nDONE 00F9  
              _WPUAbits 0095             DelayMs@Time 0042          ?_POWER_INITIAL 0040             DelayUs@Time 0040  
      __size_of_DelayMs 0010        __size_of_DelayUs 0009              _EECON1bits 009C              _EECON2bits 009D  
           _MSCKCONbits 001B                __ptext53 0000                __ptext54 03F0                __ptext55 03E0  
              __ptext56 03BB                __ptext57 03D1                __ptext58 0000           __size_of_main 000D  
            DelayS@Time 0045              _PCLATHbits 000A              _INTCONbits 000B         ??_POWER_INITIAL 0040  
            _OSCCONbits 008F              _OPTION_REG 0081             _SOSCPRHbits 001D              _OPTIONbits 0081  
            _WDTCONbits 0018              _STATUSbits 0003  
